Archive member included to satisfy reference by file (symbol)

.\CortexM3\ARM_GCC_541\Debug\Robot_PSoC_test.a(CyLib.o)
                              .\CortexM3\ARM_GCC_541\Debug\Cm3Start.o (CyHalt)
.\CortexM3\ARM_GCC_541\Debug\Robot_PSoC_test.a(cyPm.o)
                              .\CortexM3\ARM_GCC_541\Debug\Robot_PSoC_test.a(CyLib.o) (CyPmReadStatus)
.\CortexM3\ARM_GCC_541\Debug\Robot_PSoC_test.a(PWM_RESET.o)
                              .\CortexM3\ARM_GCC_541\Debug\main.o (PWM_RESET_Write)
.\CortexM3\ARM_GCC_541\Debug\Robot_PSoC_test.a(PWM_L.o)
                              .\CortexM3\ARM_GCC_541\Debug\robotmove.o (PWM_L_WriteCompare1)
.\CortexM3\ARM_GCC_541\Debug\Robot_PSoC_test.a(PWM_R.o)
                              .\CortexM3\ARM_GCC_541\Debug\robotmove.o (PWM_R_WriteCompare1)
.\CortexM3\ARM_GCC_541\Debug\Robot_PSoC_test.a(ENCODER_TMR_RESET.o)
                              .\CortexM3\ARM_GCC_541\Debug\main.o (ENCODER_TMR_RESET_Write)
.\CortexM3\ARM_GCC_541\Debug\Robot_PSoC_test.a(tx_isr.o)
                              .\CortexM3\ARM_GCC_541\Debug\main.o (tx_isr_StartEx)
.\CortexM3\ARM_GCC_541\Debug\Robot_PSoC_test.a(rx_isr.o)
                              .\CortexM3\ARM_GCC_541\Debug\main.o (rx_isr_StartEx)
.\CortexM3\ARM_GCC_541\Debug\Robot_PSoC_test.a(ROBOT_ID_REG.o)
                              .\CortexM3\ARM_GCC_541\Debug\robot_ID.o (ROBOT_ID_REG_Read)
.\CortexM3\ARM_GCC_541\Debug\Robot_PSoC_test.a(UART.o)
                              .\CortexM3\ARM_GCC_541\Debug\main.o (UART_Start)
.\CortexM3\ARM_GCC_541\Debug\Robot_PSoC_test.a(UART_INT.o)
                              .\CortexM3\ARM_GCC_541\Debug\Robot_PSoC_test.a(UART.o) (UART_RXISR)
.\CortexM3\ARM_GCC_541\Debug\Robot_PSoC_test.a(UART_IntClock.o)
                              .\CortexM3\ARM_GCC_541\Debug\Robot_PSoC_test.a(UART.o) (UART_IntClock_Start)
.\CortexM3\ARM_GCC_541\Debug\Robot_PSoC_test.a(USBUART.o)
                              .\CortexM3\ARM_GCC_541\Debug\main.o (USBUART_Start)
.\CortexM3\ARM_GCC_541\Debug\Robot_PSoC_test.a(USBUART_cdc.o)
                              .\CortexM3\ARM_GCC_541\Debug\main.o (USBUART_PutData)
.\CortexM3\ARM_GCC_541\Debug\Robot_PSoC_test.a(USBUART_drv.o)
                              .\CortexM3\ARM_GCC_541\Debug\Robot_PSoC_test.a(USBUART.o) (USBUART_lastPacketSize)
.\CortexM3\ARM_GCC_541\Debug\Robot_PSoC_test.a(USBUART_episr.o)
                              .\CortexM3\ARM_GCC_541\Debug\Robot_PSoC_test.a(USBUART.o) (USBUART_EP_1_ISR)
.\CortexM3\ARM_GCC_541\Debug\Robot_PSoC_test.a(USBUART_pm.o)
                              .\CortexM3\ARM_GCC_541\Debug\Robot_PSoC_test.a(USBUART.o) (USBUART_DP_ISR)
.\CortexM3\ARM_GCC_541\Debug\Robot_PSoC_test.a(USBUART_std.o)
                              .\CortexM3\ARM_GCC_541\Debug\Robot_PSoC_test.a(USBUART_pm.o) (USBUART_ConfigReg)
.\CortexM3\ARM_GCC_541\Debug\Robot_PSoC_test.a(USBUART_vnd.o)
                              .\CortexM3\ARM_GCC_541\Debug\Robot_PSoC_test.a(USBUART_drv.o) (USBUART_HandleVendorRqst)
.\CortexM3\ARM_GCC_541\Debug\Robot_PSoC_test.a(USBUART_Dp.o)
                              .\CortexM3\ARM_GCC_541\Debug\Robot_PSoC_test.a(USBUART.o) (USBUART_Dp_ClearInterrupt)
.\CortexM3\ARM_GCC_541\Debug\Robot_PSoC_test.a(Encoder_L0.o)
                              .\CortexM3\ARM_GCC_541\Debug\main.o (Encoder_L0_Read)
.\CortexM3\ARM_GCC_541\Debug\Robot_PSoC_test.a(Encoder_R0.o)
                              .\CortexM3\ARM_GCC_541\Debug\main.o (Encoder_R0_Read)
.\CortexM3\ARM_GCC_541\Debug\Robot_PSoC_test.a(Encoder_L0_Timer.o)
                              .\CortexM3\ARM_GCC_541\Debug\main.o (Encoder_L0_Timer_Stop)
.\CortexM3\ARM_GCC_541\Debug\Robot_PSoC_test.a(ENCODER_R0_OVF_ISR.o)
                              .\CortexM3\ARM_GCC_541\Debug\main.o (ENCODER_R0_OVF_ISR_StartEx)
.\CortexM3\ARM_GCC_541\Debug\Robot_PSoC_test.a(Encoder_R0_Timer.o)
                              .\CortexM3\ARM_GCC_541\Debug\main.o (Encoder_R0_Timer_Stop)
.\CortexM3\ARM_GCC_541\Debug\Robot_PSoC_test.a(ENCODER_L0_OVF_ISR.o)
                              .\CortexM3\ARM_GCC_541\Debug\main.o (ENCODER_L0_OVF_ISR_StartEx)
.\CortexM3\ARM_GCC_541\Debug\Robot_PSoC_test.a(ENC_L0_ISR.o)
                              .\CortexM3\ARM_GCC_541\Debug\main.o (ENC_L0_ISR_StartEx)
.\CortexM3\ARM_GCC_541\Debug\Robot_PSoC_test.a(ENC_R0_ISR.o)
                              .\CortexM3\ARM_GCC_541\Debug\main.o (ENC_R0_ISR_StartEx)
.\CortexM3\ARM_GCC_541\Debug\Robot_PSoC_test.a(Encoder_R1.o)
                              .\CortexM3\ARM_GCC_541\Debug\main.o (Encoder_R1_ClearInterrupt)
.\CortexM3\ARM_GCC_541\Debug\Robot_PSoC_test.a(Encoder_L1.o)
                              .\CortexM3\ARM_GCC_541\Debug\main.o (Encoder_L1_ClearInterrupt)
.\CortexM3\ARM_GCC_541\Debug\Robot_PSoC_test.a(ENC_L1_ISR.o)
                              .\CortexM3\ARM_GCC_541\Debug\main.o (ENC_L1_ISR_StartEx)
.\CortexM3\ARM_GCC_541\Debug\Robot_PSoC_test.a(ENC_R1_ISR.o)
[...]
Memory Configuration

Name             Origin             Length             Attributes
rom              0x00000000         0x00040000         xr
ram              0x1fff8000         0x00010000         xrw
*default*        0x00000000         0xffffffff

Linker script and memory map

LOAD c:/program files (x86)/cypress/psoc creator/4.4/psoc creator/import/gnu/arm/5.4.1/bin/../lib/gcc/arm-none-eabi/5.4.1/armv7-m/crti.o
LOAD c:/program files (x86)/cypress/psoc creator/4.4/psoc creator/import/gnu/arm/5.4.1/bin/../lib/gcc/arm-none-eabi/5.4.1/armv7-m/crtbegin.o
LOAD c:/program files (x86)/cypress/psoc creator/4.4/psoc creator/import/gnu/arm/5.4.1/bin/../lib/gcc/arm-none-eabi/5.4.1/../../../../arm-none-eabi/lib/armv7-m/crt0.o
START GROUP
LOAD .\CortexM3\ARM_GCC_541\Debug\main.o
LOAD .\CortexM3\ARM_GCC_541\Debug\robotmove.o
LOAD .\CortexM3\ARM_GCC_541\Debug\encoder.o
LOAD .\CortexM3\ARM_GCC_541\Debug\robot_ID.o
LOAD .\CortexM3\ARM_GCC_541\Debug\cyfitter_cfg.o
LOAD .\CortexM3\ARM_GCC_541\Debug\cymetadata.o
LOAD .\CortexM3\ARM_GCC_541\Debug\Cm3Start.o
LOAD .\CortexM3\ARM_GCC_541\Debug\Robot_PSoC_test.a
LOAD C:\Program Files (x86)\Cypress\PSoC Creator\4.4\PSoC Creator\psoc\content\cycomponentlibrary\CyComponentLibrary.cylib\CortexM3\ARM_GCC_541\Debug\CyComponentLibrary.a
END GROUP
START GROUP
LOAD c:/program files (x86)/cypress/psoc creator/4.4/psoc creator/import/gnu/arm/5.4.1/bin/../lib/gcc/arm-none-eabi/5.4.1/armv7-m\libgcc.a
LOAD c:/program files (x86)/cypress/psoc creator/4.4/psoc creator/import/gnu/arm/5.4.1/bin/../lib/gcc/arm-none-eabi/5.4.1/../../../../arm-none-eabi/lib/armv7-m\libg_nano.a
LOAD c:/program files (x86)/cypress/psoc creator/4.4/psoc creator/import/gnu/arm/5.4.1/bin/../lib/gcc/arm-none-eabi/5.4.1/../../../../arm-none-eabi/lib/armv7-m\libc_nano.a
END GROUP
START GROUP
LOAD c:/program files (x86)/cypress/psoc creator/4.4/psoc creator/import/gnu/arm/5.4.1/bin/../lib/gcc/arm-none-eabi/5.4.1/armv7-m\libgcc.a
LOAD c:/program files (x86)/cypress/psoc creator/4.4/psoc creator/import/gnu/arm/5.4.1/bin/../lib/gcc/arm-none-eabi/5.4.1/../../../../arm-none-eabi/lib/armv7-m\libc_nano.a
END GROUP
LOAD c:/program files (x86)/cypress/psoc creator/4.4/psoc creator/import/gnu/arm/5.4.1/bin/../lib/gcc/arm-none-eabi/5.4.1/armv7-m/crtend.o
LOAD c:/program files (x86)/cypress/psoc creator/4.4/psoc creator/import/gnu/arm/5.4.1/bin/../lib/gcc/arm-none-eabi/5.4.1/armv7-m/crtn.o
START GROUP
LOAD c:/program files (x86)/cypress/psoc creator/4.4/psoc creator/import/gnu/arm/5.4.1/bin/../lib/gcc/arm-none-eabi/5.4.1/armv7-m\libgcc.a
LOAD c:/program files (x86)/cypress/psoc creator/4.4/psoc creator/import/gnu/arm/5.4.1/bin/../lib/gcc/arm-none-eabi/5.4.1/../../../../arm-none-eabi/lib/armv7-m\libc.a
LOAD c:/program files (x86)/cypress/psoc creator/4.4/psoc creator/import/gnu/arm/5.4.1/bin/../lib/gcc/arm-none-eabi/5.4.1/../../../../arm-none-eabi/lib/armv7-m\libnosys.a
END GROUP
                0x00000000                CY_APPL_ORIGIN = 0x0
                0x00000100                CY_FLASH_ROW_SIZE = 0x100
                0x00000020                CY_ECC_ROW_SIZE = 0x20
                0x00000000                CY_EE_IN_BTLDR = 0x0
                0x00000000                CY_APPL_LOADABLE = 0x0
                0x00000800                CY_EE_SIZE = 0x800
                0x00000001                CY_APPL_NUM = 0x1
                0x00000001                CY_APPL_MAX = 0x1
                0x00000040                CY_METADATA_SIZE = 0x40
                0x00000000                CY_APPL_LOADABLE = 0x0
                0x00000000                CY_CHECKSUM_EXCLUDE_SIZE = ALIGN (0x0, CY_FLASH_ROW_SIZE)
                [!provide]                PROVIDE (__cy_heap_start, _end)
                0x00000001                PROVIDE (__cy_region_num, ((__cy_regions_end - __cy_regions) / 0x10))
                0x20008000                PROVIDE (__cy_stack, (ORIGIN (ram) + LENGTH (ram)))
                [!provide]                PROVIDE (__cy_heap_end, (__cy_stack - 0x800))

.cybootloader   0x00000000        0x0
 *(.cybootloader)
                0x00000000                appl1_start = CY_APPL_ORIGIN?CY_APPL_ORIGIN:ALIGN (CY_FLASH_ROW_SIZE)
                0x0001ff00                appl2_start = (appl1_start + ALIGN ((((LENGTH (rom) - appl1_start) - (0x2 * CY_FLASH_ROW_SIZE)) / 0x2), CY_FLASH_ROW_SIZE))
                0x00000000                appl_start = (CY_APPL_NUM == 0x1)?appl1_start:appl2_start
                0x00000000                ecc_offset = ((appl_start / CY_FLASH_ROW_SIZE) * CY_ECC_ROW_SIZE)
                0x00000000                ee_offset = (CY_APPL_LOADABLE && ! (CY_EE_IN_BTLDR))?((CY_EE_SIZE / CY_APPL_MAX) * (CY_APPL_NUM - 0x1)):0x0
                0x00000800                ee_size = (CY_APPL_LOADABLE && ! (CY_EE_IN_BTLDR))?(CY_EE_SIZE / CY_APPL_MAX):CY_EE_SIZE
                [!provide]                PROVIDE (CY_ECC_OFFSET, ecc_offset)

.text           0x00000000     0x5418
 CREATE_OBJECT_SYMBOLS
                0x00000000                PROVIDE (__cy_interrupt_vector, RomVectors)
 *(.romvectors)
 .romvectors    0x00000000       0x10 .\CortexM3\ARM_GCC_541\Debug\Cm3Start.o
                0x00000000                RomVectors
                0x00000001                ASSERT ((. != __cy_interrupt_vector), No interrupt vector)
                0x00000001                ASSERT (CY_APPL_ORIGIN?(SIZEOF (.cybootloader) <= CY_APPL_ORIGIN):0x1, Wrong image location)
                0x00000010                PROVIDE (__cy_reset, Reset)
 *(.text.Reset)
 .text.Reset    0x00000010       0x18 .\CortexM3\ARM_GCC_541\Debug\Cm3Start.o
                0x00000010                Reset
                0x00000001                ASSERT ((. != __cy_reset), No reset code)
 *(.dma_init)
                0x00000001                ASSERT ((((appl_start + .) <= 0x10000) || 0x1), DMA Init must be within the first 64k of flash)
 *(.text .text.* .gnu.linkonce.t.*)
 .text          0x00000028       0x5c c:/program files (x86)/cypress/psoc creator/4.4/psoc creator/import/gnu/arm/5.4.1/bin/../lib/gcc/arm-none-eabi/5.4.1/armv7-m/crtbegin.o
 .text.TX_ISR_vect
                0x00000084        0x4 .\CortexM3\ARM_GCC_541\Debug\main.o
                0x00000084                TX_ISR_vect
 .text.ENCODER_R0_OVF_ISR_vect
                0x00000088       0x28 .\CortexM3\ARM_GCC_541\Debug\main.o
                0x00000088                ENCODER_R0_OVF_ISR_vect
 .text.ENCODER_L0_OVF_ISR_vect
                0x000000b0       0x28 .\CortexM3\ARM_GCC_541\Debug\main.o
                0x000000b0                ENCODER_L0_OVF_ISR_vect
 .text.ENC_R0_ISR_vect
                0x000000d8       0x84 .\CortexM3\ARM_GCC_541\Debug\main.o
                0x000000d8                ENC_R0_ISR_vect
 .text.ENC_L0_ISR_vect
                0x0000015c       0x84 .\CortexM3\ARM_GCC_541\Debug\main.o
                0x0000015c                ENC_L0_ISR_vect
 .text.ENC_R1_ISR_vect
                0x000001e0       0x20 .\CortexM3\ARM_GCC_541\Debug\main.o
                0x000001e0                ENC_R1_ISR_vect
 .text.ENC_L1_ISR_vect
                0x00000200       0x20 .\CortexM3\ARM_GCC_541\Debug\main.o
                0x00000200                ENC_L1_ISR_vect
 .text.usbPutString
                0x00000220       0x28 .\CortexM3\ARM_GCC_541\Debug\main.o
                0x00000220                usbPutString
 .text.usbPutChar
                0x00000248       0x14 .\CortexM3\ARM_GCC_541\Debug\main.o
                0x00000248                usbPutChar
 .text.RX_ISR_vect
                0x0000025c       0x3c .\CortexM3\ARM_GCC_541\Debug\main.o
                0x0000025c                RX_ISR_vect
 .text.main     0x00000298      0x2f4 .\CortexM3\ARM_GCC_541\Debug\main.o
                0x00000298                main
 *fill*         0x0000058c        0x4 
 .text.RPM_to_radps
                0x00000590       0x2c .\CortexM3\ARM_GCC_541\Debug\robotmove.o
                0x00000590                RPM_to_radps
 .text.radps_to_duty_cycle
                0x000005bc       0x78 .\CortexM3\ARM_GCC_541\Debug\robotmove.o
                0x000005bc                radps_to_duty_cycle
 *fill*         0x00000634        0x4 
 .text.move_right_motor
                0x00000638       0x54 .\CortexM3\ARM_GCC_541\Debug\robotmove.o
                0x00000638                move_right_motor
 *fill*         0x0000068c        0x4 
 .text.move_left_motor
                0x00000690       0x54 .\CortexM3\ARM_GCC_541\Debug\robotmove.o
                0x00000690                move_left_motor
 .text.move_robot
                0x000006e4       0x7c .\CortexM3\ARM_GCC_541\Debug\robotmove.o
                0x000006e4                move_robot
 .text.PID_initialise
                0x00000760       0x24 .\CortexM3\ARM_GCC_541\Debug\robotmove.o
                0x00000760                PID_initialise
 .text.PID_update
                0x00000784       0x88 .\CortexM3\ARM_GCC_541\Debug\robotmove.o
                0x00000784                PID_update
 *fill*         0x0000080c        0x4 
 .text.count_to_angv
                0x00000810       0x68 .\CortexM3\ARM_GCC_541\Debug\encoder.o
                0x00000810                count_to_angv
 .text.motor_angv_to_wheel_angv
                0x00000878       0x1c .\CortexM3\ARM_GCC_541\Debug\encoder.o
                0x00000878                motor_angv_to_wheel_angv
 .text.motor_angv_to_wheel_linv
                0x00000894       0x28 .\CortexM3\ARM_GCC_541\Debug\encoder.o
                0x00000894                motor_angv_to_wheel_linv
 .text.wheel_linv_to_motor_angv
                0x000008bc       0x3c .\CortexM3\ARM_GCC_541\Debug\encoder.o
                0x000008bc                wheel_linv_to_motor_angv
 .text.get_robot_linv
                0x000008f8       0x1c .\CortexM3\ARM_GCC_541\Debug\encoder.o
                0x000008f8                get_robot_linv
 .text.get_robot_angv
                0x00000914       0x3c .\CortexM3\ARM_GCC_541\Debug\encoder.o
                0x00000914                get_robot_angv
 .text.get_robot_v_left
                0x00000950       0x2c .\CortexM3\ARM_GCC_541\Debug\encoder.o
                0x00000950                get_robot_v_left
 .text.get_robot_v_right
                0x0000097c       0x30 .\CortexM3\ARM_GCC_541\Debug\encoder.o
                0x0000097c                get_robot_v_right
 .text.get_robot_ID
                0x000009ac       0x28 .\CortexM3\ARM_GCC_541\Debug\robot_ID.o
                0x000009ac                get_robot_ID
 .text.CyClockStartupError
                0x000009d4        0x4 .\CortexM3\ARM_GCC_541\Debug\cyfitter_cfg.o
 .text.cfg_write_bytes32
                0x000009d8       0x34 .\CortexM3\ARM_GCC_541\Debug\cyfitter_cfg.o
 .text.AnalogSetDefault
                0x00000a0c       0x28 .\CortexM3\ARM_GCC_541\Debug\cyfitter_cfg.o
 .text.CYMEMZERO
                0x00000a34        0xc .\CortexM3\ARM_GCC_541\Debug\cyfitter_cfg.o
 .text.ClockSetup
                0x00000a40       0xe0 .\CortexM3\ARM_GCC_541\Debug\cyfitter_cfg.o
 .text.CYCONFIGCPY
                0x00000b20        0x8 .\CortexM3\ARM_GCC_541\Debug\cyfitter_cfg.o
 .text.cyfitter_cfg
                0x00000b28      0x154 .\CortexM3\ARM_GCC_541\Debug\cyfitter_cfg.o
                0x00000b28                cyfitter_cfg
 .text.IntDefaultHandler
                0x00000c7c       0x10 .\CortexM3\ARM_GCC_541\Debug\Cm3Start.o
                0x00000c7c                IntDefaultHandler
 .text._sbrk    0x00000c8c       0x30 .\CortexM3\ARM_GCC_541\Debug\Cm3Start.o
                0x00000c8c                _sbrk
 .text.Start_c  0x00000cbc       0x4c .\CortexM3\ARM_GCC_541\Debug\Cm3Start.o
                0x00000cbc                Start_c
 .text.initialize_psoc
                0x00000d08       0x68 .\CortexM3\ARM_GCC_541\Debug\Cm3Start.o
                0x00000d08                initialize_psoc
 .text.CyHalt   0x00000d70        0x4 .\CortexM3\ARM_GCC_541\Debug\Robot_PSoC_test.a(CyLib.o)
                0x00000d70                CyHalt
 .text.CyDelayUs
                0x00000d74       0x14 .\CortexM3\ARM_GCC_541\Debug\Robot_PSoC_test.a(CyLib.o)
                0x00000d74                CyDelayUs
 .text.CyIntSetVector
                0x00000d88       0x28 .\CortexM3\ARM_GCC_541\Debug\Robot_PSoC_test.a(CyLib.o)
                0x00000d88                CyIntSetVector
 .text.CyIntSetPriority
                0x00000db0       0x30 .\CortexM3\ARM_GCC_541\Debug\Robot_PSoC_test.a(CyLib.o)
                0x00000db0                CyIntSetPriority
 .text.CyGetUniqueId
                0x00000de0       0x70 .\CortexM3\ARM_GCC_541\Debug\Robot_PSoC_test.a(CyLib.o)
                0x00000de0                CyGetUniqueId
 .text.PWM_RESET_Write
                0x00000e50        0xc .\CortexM3\ARM_GCC_541\Debug\Robot_PSoC_test.a(PWM_RESET.o)
                0x00000e50                PWM_RESET_Write
 .text.PWM_L_Enable
                0x00000e5c       0x10 .\CortexM3\ARM_GCC_541\Debug\Robot_PSoC_test.a(PWM_L.o)
                0x00000e5c                PWM_L_Enable
 .text.PWM_L_WriteCounter
                0x00000e6c        0xc .\CortexM3\ARM_GCC_541\Debug\Robot_PSoC_test.a(PWM_L.o)
                0x00000e6c                PWM_L_WriteCounter
 .text.PWM_L_WritePeriod
                0x00000e78        0xc .\CortexM3\ARM_GCC_541\Debug\Robot_PSoC_test.a(PWM_L.o)
                0x00000e78                PWM_L_WritePeriod
 .text.PWM_L_WriteCompare1
                0x00000e84        0xc .\CortexM3\ARM_GCC_541\Debug\Robot_PSoC_test.a(PWM_L.o)
                0x00000e84                PWM_L_WriteCompare1
 .text.PWM_L_WriteCompare2
                0x00000e90        0xc .\CortexM3\ARM_GCC_541\Debug\Robot_PSoC_test.a(PWM_L.o)
                0x00000e90                PWM_L_WriteCompare2
 .text.PWM_L_Init
                0x00000e9c       0x38 .\CortexM3\ARM_GCC_541\Debug\Robot_PSoC_test.a(PWM_L.o)
                0x00000e9c                PWM_L_Init
 .text.PWM_L_Start
                0x00000ed4       0x1c .\CortexM3\ARM_GCC_541\Debug\Robot_PSoC_test.a(PWM_L.o)
                0x00000ed4                PWM_L_Start
 .text.PWM_R_Enable
                0x00000ef0       0x10 .\CortexM3\ARM_GCC_541\Debug\Robot_PSoC_test.a(PWM_R.o)
                0x00000ef0                PWM_R_Enable
 .text.PWM_R_WriteCounter
                0x00000f00        0xc .\CortexM3\ARM_GCC_541\Debug\Robot_PSoC_test.a(PWM_R.o)
                0x00000f00                PWM_R_WriteCounter
 .text.PWM_R_WritePeriod
                0x00000f0c        0xc .\CortexM3\ARM_GCC_541\Debug\Robot_PSoC_test.a(PWM_R.o)
                0x00000f0c                PWM_R_WritePeriod
 .text.PWM_R_WriteCompare1
                0x00000f18        0xc .\CortexM3\ARM_GCC_541\Debug\Robot_PSoC_test.a(PWM_R.o)
                0x00000f18                PWM_R_WriteCompare1
 .text.PWM_R_WriteCompare2
                0x00000f24        0xc .\CortexM3\ARM_GCC_541\Debug\Robot_PSoC_test.a(PWM_R.o)
                0x00000f24                PWM_R_WriteCompare2
 .text.PWM_R_Init
                0x00000f30       0x38 .\CortexM3\ARM_GCC_541\Debug\Robot_PSoC_test.a(PWM_R.o)
                0x00000f30                PWM_R_Init
 .text.PWM_R_Start
                0x00000f68       0x1c .\CortexM3\ARM_GCC_541\Debug\Robot_PSoC_test.a(PWM_R.o)
                0x00000f68                PWM_R_Start
 .text.ENCODER_TMR_RESET_Write
                0x00000f84        0xc .\CortexM3\ARM_GCC_541\Debug\Robot_PSoC_test.a(ENCODER_TMR_RESET.o)
                0x00000f84                ENCODER_TMR_RESET_Write
 .text.tx_isr_SetVector
                0x00000f90        0xc .\CortexM3\ARM_GCC_541\Debug\Robot_PSoC_test.a(tx_isr.o)
                0x00000f90                tx_isr_SetVector
 .text.tx_isr_SetPriority
                0x00000f9c       0x10 .\CortexM3\ARM_GCC_541\Debug\Robot_PSoC_test.a(tx_isr.o)
                0x00000f9c                tx_isr_SetPriority
 .text.tx_isr_Enable
                0x00000fac       0x10 .\CortexM3\ARM_GCC_541\Debug\Robot_PSoC_test.a(tx_isr.o)
                0x00000fac                tx_isr_Enable
 .text.tx_isr_Disable
                0x00000fbc       0x10 .\CortexM3\ARM_GCC_541\Debug\Robot_PSoC_test.a(tx_isr.o)
                0x00000fbc                tx_isr_Disable
 .text.tx_isr_StartEx
                0x00000fcc       0x1c .\CortexM3\ARM_GCC_541\Debug\Robot_PSoC_test.a(tx_isr.o)
                0x00000fcc                tx_isr_StartEx
 .text.rx_isr_SetVector
                0x00000fe8        0xc .\CortexM3\ARM_GCC_541\Debug\Robot_PSoC_test.a(rx_isr.o)
                0x00000fe8                rx_isr_SetVector
 .text.rx_isr_SetPriority
                0x00000ff4       0x10 .\CortexM3\ARM_GCC_541\Debug\Robot_PSoC_test.a(rx_isr.o)
                0x00000ff4                rx_isr_SetPriority
 .text.rx_isr_Enable
                0x00001004       0x10 .\CortexM3\ARM_GCC_541\Debug\Robot_PSoC_test.a(rx_isr.o)
                0x00001004                rx_isr_Enable
 .text.rx_isr_Disable
                0x00001014       0x10 .\CortexM3\ARM_GCC_541\Debug\Robot_PSoC_test.a(rx_isr.o)
                0x00001014                rx_isr_Disable
 .text.rx_isr_StartEx
                0x00001024       0x1c .\CortexM3\ARM_GCC_541\Debug\Robot_PSoC_test.a(rx_isr.o)
                0x00001024                rx_isr_StartEx
 .text.ROBOT_ID_REG_Read
                0x00001040        0xc .\CortexM3\ARM_GCC_541\Debug\Robot_PSoC_test.a(ROBOT_ID_REG.o)
                0x00001040                ROBOT_ID_REG_Read
 .text.UART_Init
                0x0000104c       0x5c .\CortexM3\ARM_GCC_541\Debug\Robot_PSoC_test.a(UART.o)
                0x0000104c                UART_Init
 .text.UART_Enable
                0x000010a8       0x50 .\CortexM3\ARM_GCC_541\Debug\Robot_PSoC_test.a(UART.o)
                0x000010a8                UART_Enable
 .text.UART_Start
                0x000010f8       0x1c .\CortexM3\ARM_GCC_541\Debug\Robot_PSoC_test.a(UART.o)
                0x000010f8                UART_Start
 .text.UART_ReadRxStatus
                0x00001114       0x28 .\CortexM3\ARM_GCC_541\Debug\Robot_PSoC_test.a(UART.o)
                0x00001114                UART_ReadRxStatus
 .text.UART_GetChar
                0x0000113c       0x80 .\CortexM3\ARM_GCC_541\Debug\Robot_PSoC_test.a(UART.o)
                0x0000113c                UART_GetChar
 .text.UART_RXISR
                0x000011bc       0x98 .\CortexM3\ARM_GCC_541\Debug\Robot_PSoC_test.a(UART_INT.o)
                0x000011bc                UART_RXISR
 .text.UART_TXISR
                0x00001254       0x58 .\CortexM3\ARM_GCC_541\Debug\Robot_PSoC_test.a(UART_INT.o)
                0x00001254                UART_TXISR
 .text.UART_IntClock_Start
                0x000012ac       0x1c .\CortexM3\ARM_GCC_541\Debug\Robot_PSoC_test.a(UART_IntClock.o)
                0x000012ac                UART_IntClock_Start
 .text.USBUART_Init
                0x000012c8      0x140 .\CortexM3\ARM_GCC_541\Debug\Robot_PSoC_test.a(USBUART.o)
                0x000012c8                USBUART_Init
 .text.USBUART_InitComponent
                0x00001408       0xc0 .\CortexM3\ARM_GCC_541\Debug\Robot_PSoC_test.a(USBUART.o)
                0x00001408                USBUART_InitComponent
 .text.USBUART_Start
                0x000014c8       0x24 .\CortexM3\ARM_GCC_541\Debug\Robot_PSoC_test.a(USBUART.o)
                0x000014c8                USBUART_Start
 .text.USBUART_ReInitComponent
                0x000014ec       0x4c .\CortexM3\ARM_GCC_541\Debug\Robot_PSoC_test.a(USBUART.o)
                0x000014ec                USBUART_ReInitComponent
 .text.USBUART_GetEPState
                0x00001538       0x14 .\CortexM3\ARM_GCC_541\Debug\Robot_PSoC_test.a(USBUART.o)
                0x00001538                USBUART_GetEPState
 .text.USBUART_LoadInEP
                0x0000154c       0x94 .\CortexM3\ARM_GCC_541\Debug\Robot_PSoC_test.a(USBUART.o)
                0x0000154c                USBUART_LoadInEP
 .text.USBUART_GetInterfaceComPort
                0x000015e0       0x38 .\CortexM3\ARM_GCC_541\Debug\Robot_PSoC_test.a(USBUART_cdc.o)
                0x000015e0                USBUART_GetInterfaceComPort
 .text.USBUART_DispatchCDCClassRqst
                0x00001618       0x98 .\CortexM3\ARM_GCC_541\Debug\Robot_PSoC_test.a(USBUART_cdc.o)
                0x00001618                USBUART_DispatchCDCClassRqst
 .text.USBUART_PutData
                0x000016b0       0x50 .\CortexM3\ARM_GCC_541\Debug\Robot_PSoC_test.a(USBUART_cdc.o)
                0x000016b0                USBUART_PutData
 .text.USBUART_PutChar
                0x00001700       0x28 .\CortexM3\ARM_GCC_541\Debug\Robot_PSoC_test.a(USBUART_cdc.o)
                0x00001700                USBUART_PutChar
 .text.USBUART_CDCIsReady
                0x00001728       0x18 .\CortexM3\ARM_GCC_541\Debug\Robot_PSoC_test.a(USBUART_cdc.o)
                0x00001728                USBUART_CDCIsReady
 .text.USBUART_Cdc_EpInit
                0x00001740       0x50 .\CortexM3\ARM_GCC_541\Debug\Robot_PSoC_test.a(USBUART_cdc.o)
                0x00001740                USBUART_Cdc_EpInit
 .text.USBUART_LoadEP0
                0x00001790       0x98 .\CortexM3\ARM_GCC_541\Debug\Robot_PSoC_test.a(USBUART_drv.o)
                0x00001790                USBUART_LoadEP0
 .text.USBUART_InitZeroLengthControlTransfer
                0x00001828       0x34 .\CortexM3\ARM_GCC_541\Debug\Robot_PSoC_test.a(USBUART_drv.o)
                0x00001828                USBUART_InitZeroLengthControlTransfer
 .text.USBUART_ControlReadDataStage
                0x0000185c        0x8 .\CortexM3\ARM_GCC_541\Debug\Robot_PSoC_test.a(USBUART_drv.o)
                0x0000185c                USBUART_ControlReadDataStage
 .text.USBUART_ControlWriteDataStage
                0x00001864       0x84 .\CortexM3\ARM_GCC_541\Debug\Robot_PSoC_test.a(USBUART_drv.o)
                0x00001864                USBUART_ControlWriteDataStage
 .text.USBUART_InitNoDataControlTransfer
                0x000018e8       0x2c .\CortexM3\ARM_GCC_541\Debug\Robot_PSoC_test.a(USBUART_drv.o)
                0x000018e8                USBUART_InitNoDataControlTransfer
 .text.USBUART_UpdateStatusBlock
                0x00001914       0x24 .\CortexM3\ARM_GCC_541\Debug\Robot_PSoC_test.a(USBUART_drv.o)
                0x00001914                USBUART_UpdateStatusBlock
 .text.USBUART_HandleSetup
                0x00001938       0x5c .\CortexM3\ARM_GCC_541\Debug\Robot_PSoC_test.a(USBUART_drv.o)
                0x00001938                USBUART_HandleSetup
 .text.USBUART_ControlReadStatusStage
                0x00001994       0x38 .\CortexM3\ARM_GCC_541\Debug\Robot_PSoC_test.a(USBUART_drv.o)
                0x00001994                USBUART_ControlReadStatusStage
 .text.USBUART_HandleOUT
                0x000019cc       0x38 .\CortexM3\ARM_GCC_541\Debug\Robot_PSoC_test.a(USBUART_drv.o)
                0x000019cc                USBUART_HandleOUT
 .text.USBUART_ControlWriteStatusStage
                0x00001a04       0x20 .\CortexM3\ARM_GCC_541\Debug\Robot_PSoC_test.a(USBUART_drv.o)
                0x00001a04                USBUART_ControlWriteStatusStage
 .text.USBUART_NoDataControlStatusStage
                0x00001a24       0x40 .\CortexM3\ARM_GCC_541\Debug\Robot_PSoC_test.a(USBUART_drv.o)
                0x00001a24                USBUART_NoDataControlStatusStage
 .text.USBUART_HandleIN
                0x00001a64       0x2c .\CortexM3\ARM_GCC_541\Debug\Robot_PSoC_test.a(USBUART_drv.o)
                0x00001a64                USBUART_HandleIN
 .text.USBUART_EP_0_ISR
                0x00001a90       0xb8 .\CortexM3\ARM_GCC_541\Debug\Robot_PSoC_test.a(USBUART_drv.o)
                0x00001a90                USBUART_EP_0_ISR
 .text.USBUART_InitializeStatusBlock
                0x00001b48       0x24 .\CortexM3\ARM_GCC_541\Debug\Robot_PSoC_test.a(USBUART_drv.o)
                0x00001b48                USBUART_InitializeStatusBlock
 .text.USBUART_InitControlRead
                0x00001b6c       0x50 .\CortexM3\ARM_GCC_541\Debug\Robot_PSoC_test.a(USBUART_drv.o)
                0x00001b6c                USBUART_InitControlRead
 .text.USBUART_InitControlWrite
                0x00001bbc       0x48 .\CortexM3\ARM_GCC_541\Debug\Robot_PSoC_test.a(USBUART_drv.o)
                0x00001bbc                USBUART_InitControlWrite
 .text.USBUART_EP_1_ISR
                0x00001c04       0x30 .\CortexM3\ARM_GCC_541\Debug\Robot_PSoC_test.a(USBUART_episr.o)
                0x00001c04                USBUART_EP_1_ISR
 .text.USBUART_EP_2_ISR
                0x00001c34       0x34 .\CortexM3\ARM_GCC_541\Debug\Robot_PSoC_test.a(USBUART_episr.o)
                0x00001c34                USBUART_EP_2_ISR
 .text.USBUART_EP_3_ISR
                0x00001c68       0x3c .\CortexM3\ARM_GCC_541\Debug\Robot_PSoC_test.a(USBUART_episr.o)
                0x00001c68                USBUART_EP_3_ISR
 .text.USBUART_SOF_ISR
                0x00001ca4        0x4 .\CortexM3\ARM_GCC_541\Debug\Robot_PSoC_test.a(USBUART_episr.o)
                0x00001ca4                USBUART_SOF_ISR
 .text.USBUART_BUS_RESET_ISR
                0x00001ca8        0x8 .\CortexM3\ARM_GCC_541\Debug\Robot_PSoC_test.a(USBUART_episr.o)
                0x00001ca8                USBUART_BUS_RESET_ISR
 .text.USBUART_DP_ISR
                0x00001cb0        0x8 .\CortexM3\ARM_GCC_541\Debug\Robot_PSoC_test.a(USBUART_pm.o)
                0x00001cb0                USBUART_DP_ISR
 .text.USBUART_ReadDieID
                0x00001cb8       0x6c .\CortexM3\ARM_GCC_541\Debug\Robot_PSoC_test.a(USBUART_std.o)
                0x00001cb8                USBUART_ReadDieID
 .text.USBUART_ConfigReg
                0x00001d24       0xa4 .\CortexM3\ARM_GCC_541\Debug\Robot_PSoC_test.a(USBUART_std.o)
                0x00001d24                USBUART_ConfigReg
 .text.USBUART_GetConfigTablePtr
                0x00001dc8       0x28 .\CortexM3\ARM_GCC_541\Debug\Robot_PSoC_test.a(USBUART_std.o)
                0x00001dc8                USBUART_GetConfigTablePtr
 .text.USBUART_ConfigAltChanged
                0x00001df0      0x11c .\CortexM3\ARM_GCC_541\Debug\Robot_PSoC_test.a(USBUART_std.o)
                0x00001df0                USBUART_ConfigAltChanged
 .text.USBUART_GetDeviceTablePtr
                0x00001f0c       0x18 .\CortexM3\ARM_GCC_541\Debug\Robot_PSoC_test.a(USBUART_std.o)
                0x00001f0c                USBUART_GetDeviceTablePtr
 .text.USBUART_GetInterfaceClassTablePtr
                0x00001f24       0x28 .\CortexM3\ARM_GCC_541\Debug\Robot_PSoC_test.a(USBUART_std.o)
                0x00001f24                USBUART_GetInterfaceClassTablePtr
 .text.USBUART_Config
                0x00001f4c      0x1ec .\CortexM3\ARM_GCC_541\Debug\Robot_PSoC_test.a(USBUART_std.o)
                0x00001f4c                USBUART_Config
 .text.USBUART_SetEndpointHalt
                0x00002138       0x64 .\CortexM3\ARM_GCC_541\Debug\Robot_PSoC_test.a(USBUART_std.o)
                0x00002138                USBUART_SetEndpointHalt
 .text.USBUART_ClearEndpointHalt
                0x0000219c       0xac .\CortexM3\ARM_GCC_541\Debug\Robot_PSoC_test.a(USBUART_std.o)
                0x0000219c                USBUART_ClearEndpointHalt
 .text.USBUART_ValidateAlternateSetting
                0x00002248       0x4c .\CortexM3\ARM_GCC_541\Debug\Robot_PSoC_test.a(USBUART_std.o)
                0x00002248                USBUART_ValidateAlternateSetting
 .text.USBUART_HandleStandardRqst
                0x00002294      0x354 .\CortexM3\ARM_GCC_541\Debug\Robot_PSoC_test.a(USBUART_std.o)
                0x00002294                USBUART_HandleStandardRqst
 .text.USBUART_HandleVendorRqst
                0x000025e8       0x18 .\CortexM3\ARM_GCC_541\Debug\Robot_PSoC_test.a(USBUART_vnd.o)
                0x000025e8                USBUART_HandleVendorRqst
 .text.USBUART_Dp_ClearInterrupt
                0x00002600       0x10 .\CortexM3\ARM_GCC_541\Debug\Robot_PSoC_test.a(USBUART_Dp.o)
                0x00002600                USBUART_Dp_ClearInterrupt
 .text.Encoder_L0_Read
                0x00002610        0xc .\CortexM3\ARM_GCC_541\Debug\Robot_PSoC_test.a(Encoder_L0.o)
                0x00002610                Encoder_L0_Read
 .text.Encoder_R0_Read
                0x0000261c       0x10 .\CortexM3\ARM_GCC_541\Debug\Robot_PSoC_test.a(Encoder_R0.o)
                0x0000261c                Encoder_R0_Read
 .text.Encoder_L0_Timer_Enable
                0x0000262c       0x10 .\CortexM3\ARM_GCC_541\Debug\Robot_PSoC_test.a(Encoder_L0_Timer.o)
                0x0000262c                Encoder_L0_Timer_Enable
 .text.Encoder_L0_Timer_Stop
                0x0000263c       0x10 .\CortexM3\ARM_GCC_541\Debug\Robot_PSoC_test.a(Encoder_L0_Timer.o)
                0x0000263c                Encoder_L0_Timer_Stop
 .text.Encoder_L0_Timer_SetInterruptMode
                0x0000264c        0xc .\CortexM3\ARM_GCC_541\Debug\Robot_PSoC_test.a(Encoder_L0_Timer.o)
                0x0000264c                Encoder_L0_Timer_SetInterruptMode
 .text.Encoder_L0_Timer_ReadStatusRegister
                0x00002658        0xc .\CortexM3\ARM_GCC_541\Debug\Robot_PSoC_test.a(Encoder_L0_Timer.o)
                0x00002658                Encoder_L0_Timer_ReadStatusRegister
 .text.Encoder_L0_Timer_ReadPeriod
                0x00002664        0xc .\CortexM3\ARM_GCC_541\Debug\Robot_PSoC_test.a(Encoder_L0_Timer.o)
                0x00002664                Encoder_L0_Timer_ReadPeriod
 .text.Encoder_L0_Timer_WritePeriod
                0x00002670        0xc .\CortexM3\ARM_GCC_541\Debug\Robot_PSoC_test.a(Encoder_L0_Timer.o)
                0x00002670                Encoder_L0_Timer_WritePeriod
 .text.Encoder_L0_Timer_ReadCapture
                0x0000267c        0xc .\CortexM3\ARM_GCC_541\Debug\Robot_PSoC_test.a(Encoder_L0_Timer.o)
                0x0000267c                Encoder_L0_Timer_ReadCapture
 .text.Encoder_L0_Timer_WriteCounter
                0x00002688        0xc .\CortexM3\ARM_GCC_541\Debug\Robot_PSoC_test.a(Encoder_L0_Timer.o)
                0x00002688                Encoder_L0_Timer_WriteCounter
 .text.Encoder_L0_Timer_ClearFIFO
                0x00002694       0x14 .\CortexM3\ARM_GCC_541\Debug\Robot_PSoC_test.a(Encoder_L0_Timer.o)
                0x00002694                Encoder_L0_Timer_ClearFIFO
 .text.Encoder_L0_Timer_Init
                0x000026a8       0x34 .\CortexM3\ARM_GCC_541\Debug\Robot_PSoC_test.a(Encoder_L0_Timer.o)
                0x000026a8                Encoder_L0_Timer_Init
 .text.Encoder_L0_Timer_Start
                0x000026dc       0x1c .\CortexM3\ARM_GCC_541\Debug\Robot_PSoC_test.a(Encoder_L0_Timer.o)
                0x000026dc                Encoder_L0_Timer_Start
 .text.ENCODER_R0_OVF_ISR_SetVector
                0x000026f8        0xc .\CortexM3\ARM_GCC_541\Debug\Robot_PSoC_test.a(ENCODER_R0_OVF_ISR.o)
                0x000026f8                ENCODER_R0_OVF_ISR_SetVector
 .text.ENCODER_R0_OVF_ISR_SetPriority
                0x00002704       0x10 .\CortexM3\ARM_GCC_541\Debug\Robot_PSoC_test.a(ENCODER_R0_OVF_ISR.o)
                0x00002704                ENCODER_R0_OVF_ISR_SetPriority
 .text.ENCODER_R0_OVF_ISR_Enable
                0x00002714        0xc .\CortexM3\ARM_GCC_541\Debug\Robot_PSoC_test.a(ENCODER_R0_OVF_ISR.o)
                0x00002714                ENCODER_R0_OVF_ISR_Enable
 .text.ENCODER_R0_OVF_ISR_Disable
                0x00002720        0xc .\CortexM3\ARM_GCC_541\Debug\Robot_PSoC_test.a(ENCODER_R0_OVF_ISR.o)
                0x00002720                ENCODER_R0_OVF_ISR_Disable
 .text.ENCODER_R0_OVF_ISR_StartEx
                0x0000272c       0x1c .\CortexM3\ARM_GCC_541\Debug\Robot_PSoC_test.a(ENCODER_R0_OVF_ISR.o)
                0x0000272c                ENCODER_R0_OVF_ISR_StartEx
 .text.Encoder_R0_Timer_Enable
                0x00002748       0x10 .\CortexM3\ARM_GCC_541\Debug\Robot_PSoC_test.a(Encoder_R0_Timer.o)
                0x00002748                Encoder_R0_Timer_Enable
 .text.Encoder_R0_Timer_Stop
                0x00002758       0x10 .\CortexM3\ARM_GCC_541\Debug\Robot_PSoC_test.a(Encoder_R0_Timer.o)
                0x00002758                Encoder_R0_Timer_Stop
 .text.Encoder_R0_Timer_SetInterruptMode
                0x00002768        0xc .\CortexM3\ARM_GCC_541\Debug\Robot_PSoC_test.a(Encoder_R0_Timer.o)
                0x00002768                Encoder_R0_Timer_SetInterruptMode
 .text.Encoder_R0_Timer_ReadStatusRegister
                0x00002774        0xc .\CortexM3\ARM_GCC_541\Debug\Robot_PSoC_test.a(Encoder_R0_Timer.o)
                0x00002774                Encoder_R0_Timer_ReadStatusRegister
 .text.Encoder_R0_Timer_ReadPeriod
                0x00002780        0xc .\CortexM3\ARM_GCC_541\Debug\Robot_PSoC_test.a(Encoder_R0_Timer.o)
                0x00002780                Encoder_R0_Timer_ReadPeriod
 .text.Encoder_R0_Timer_WritePeriod
                0x0000278c        0xc .\CortexM3\ARM_GCC_541\Debug\Robot_PSoC_test.a(Encoder_R0_Timer.o)
                0x0000278c                Encoder_R0_Timer_WritePeriod
 .text.Encoder_R0_Timer_ReadCapture
                0x00002798        0xc .\CortexM3\ARM_GCC_541\Debug\Robot_PSoC_test.a(Encoder_R0_Timer.o)
                0x00002798                Encoder_R0_Timer_ReadCapture
 .text.Encoder_R0_Timer_WriteCounter
                0x000027a4        0xc .\CortexM3\ARM_GCC_541\Debug\Robot_PSoC_test.a(Encoder_R0_Timer.o)
                0x000027a4                Encoder_R0_Timer_WriteCounter
 .text.Encoder_R0_Timer_ClearFIFO
                0x000027b0       0x14 .\CortexM3\ARM_GCC_541\Debug\Robot_PSoC_test.a(Encoder_R0_Timer.o)
                0x000027b0                Encoder_R0_Timer_ClearFIFO
 .text.Encoder_R0_Timer_Init
                0x000027c4       0x34 .\CortexM3\ARM_GCC_541\Debug\Robot_PSoC_test.a(Encoder_R0_Timer.o)
                0x000027c4                Encoder_R0_Timer_Init
 .text.Encoder_R0_Timer_Start
                0x000027f8       0x1c .\CortexM3\ARM_GCC_541\Debug\Robot_PSoC_test.a(Encoder_R0_Timer.o)
                0x000027f8                Encoder_R0_Timer_Start
 .text.ENCODER_L0_OVF_ISR_SetVector
                0x00002814        0xc .\CortexM3\ARM_GCC_541\Debug\Robot_PSoC_test.a(ENCODER_L0_OVF_ISR.o)
                0x00002814                ENCODER_L0_OVF_ISR_SetVector
 .text.ENCODER_L0_OVF_ISR_SetPriority
                0x00002820       0x10 .\CortexM3\ARM_GCC_541\Debug\Robot_PSoC_test.a(ENCODER_L0_OVF_ISR.o)
                0x00002820                ENCODER_L0_OVF_ISR_SetPriority
 .text.ENCODER_L0_OVF_ISR_Enable
                0x00002830        0xc .\CortexM3\ARM_GCC_541\Debug\Robot_PSoC_test.a(ENCODER_L0_OVF_ISR.o)
                0x00002830                ENCODER_L0_OVF_ISR_Enable
 .text.ENCODER_L0_OVF_ISR_Disable
                0x0000283c        0xc .\CortexM3\ARM_GCC_541\Debug\Robot_PSoC_test.a(ENCODER_L0_OVF_ISR.o)
                0x0000283c                ENCODER_L0_OVF_ISR_Disable
 .text.ENCODER_L0_OVF_ISR_StartEx
                0x00002848       0x1c .\CortexM3\ARM_GCC_541\Debug\Robot_PSoC_test.a(ENCODER_L0_OVF_ISR.o)
                0x00002848                ENCODER_L0_OVF_ISR_StartEx
 .text.ENC_L0_ISR_SetVector
                0x00002864        0xc .\CortexM3\ARM_GCC_541\Debug\Robot_PSoC_test.a(ENC_L0_ISR.o)
                0x00002864                ENC_L0_ISR_SetVector
 .text.ENC_L0_ISR_SetPriority
                0x00002870       0x10 .\CortexM3\ARM_GCC_541\Debug\Robot_PSoC_test.a(ENC_L0_ISR.o)
                0x00002870                ENC_L0_ISR_SetPriority
 .text.ENC_L0_ISR_Enable
                0x00002880        0xc .\CortexM3\ARM_GCC_541\Debug\Robot_PSoC_test.a(ENC_L0_ISR.o)
                0x00002880                ENC_L0_ISR_Enable
 .text.ENC_L0_ISR_Disable
                0x0000288c        0xc .\CortexM3\ARM_GCC_541\Debug\Robot_PSoC_test.a(ENC_L0_ISR.o)
                0x0000288c                ENC_L0_ISR_Disable
 .text.ENC_L0_ISR_StartEx
                0x00002898       0x1c .\CortexM3\ARM_GCC_541\Debug\Robot_PSoC_test.a(ENC_L0_ISR.o)
                0x00002898                ENC_L0_ISR_StartEx
 .text.ENC_R0_ISR_SetVector
                0x000028b4        0xc .\CortexM3\ARM_GCC_541\Debug\Robot_PSoC_test.a(ENC_R0_ISR.o)
                0x000028b4                ENC_R0_ISR_SetVector
 .text.ENC_R0_ISR_SetPriority
                0x000028c0       0x10 .\CortexM3\ARM_GCC_541\Debug\Robot_PSoC_test.a(ENC_R0_ISR.o)
                0x000028c0                ENC_R0_ISR_SetPriority
 .text.ENC_R0_ISR_Enable
                0x000028d0        0xc .\CortexM3\ARM_GCC_541\Debug\Robot_PSoC_test.a(ENC_R0_ISR.o)
                0x000028d0                ENC_R0_ISR_Enable
 .text.ENC_R0_ISR_Disable
                0x000028dc        0xc .\CortexM3\ARM_GCC_541\Debug\Robot_PSoC_test.a(ENC_R0_ISR.o)
                0x000028dc                ENC_R0_ISR_Disable
 .text.ENC_R0_ISR_StartEx
                0x000028e8       0x1c .\CortexM3\ARM_GCC_541\Debug\Robot_PSoC_test.a(ENC_R0_ISR.o)
                0x000028e8                ENC_R0_ISR_StartEx
 .text.Encoder_R1_ClearInterrupt
                0x00002904       0x10 .\CortexM3\ARM_GCC_541\Debug\Robot_PSoC_test.a(Encoder_R1.o)
                0x00002904                Encoder_R1_ClearInterrupt
 .text.Encoder_L1_ClearInterrupt
                0x00002914       0x10 .\CortexM3\ARM_GCC_541\Debug\Robot_PSoC_test.a(Encoder_L1.o)
                0x00002914                Encoder_L1_ClearInterrupt
 .text.ENC_L1_ISR_SetVector
                0x00002924        0xc .\CortexM3\ARM_GCC_541\Debug\Robot_PSoC_test.a(ENC_L1_ISR.o)
                0x00002924                ENC_L1_ISR_SetVector
 .text.ENC_L1_ISR_SetPriority
                0x00002930       0x10 .\CortexM3\ARM_GCC_541\Debug\Robot_PSoC_test.a(ENC_L1_ISR.o)
                0x00002930                ENC_L1_ISR_SetPriority
 .text.ENC_L1_ISR_Enable
                0x00002940        0xc .\CortexM3\ARM_GCC_541\Debug\Robot_PSoC_test.a(ENC_L1_ISR.o)
                0x00002940                ENC_L1_ISR_Enable
 .text.ENC_L1_ISR_Disable
                0x0000294c        0xc .\CortexM3\ARM_GCC_541\Debug\Robot_PSoC_test.a(ENC_L1_ISR.o)
                0x0000294c                ENC_L1_ISR_Disable
 .text.ENC_L1_ISR_StartEx
                0x00002958       0x1c .\CortexM3\ARM_GCC_541\Debug\Robot_PSoC_test.a(ENC_L1_ISR.o)
                0x00002958                ENC_L1_ISR_StartEx
 .text.ENC_R1_ISR_SetVector
                0x00002974        0xc .\CortexM3\ARM_GCC_541\Debug\Robot_PSoC_test.a(ENC_R1_ISR.o)
                0x00002974                ENC_R1_ISR_SetVector
 .text.ENC_R1_ISR_SetPriority
                0x00002980       0x10 .\CortexM3\ARM_GCC_541\Debug\Robot_PSoC_test.a(ENC_R1_ISR.o)
                0x00002980                ENC_R1_ISR_SetPriority
 .text.ENC_R1_ISR_Enable
                0x00002990        0xc .\CortexM3\ARM_GCC_541\Debug\Robot_PSoC_test.a(ENC_R1_ISR.o)
                0x00002990                ENC_R1_ISR_Enable
 .text.ENC_R1_ISR_Disable
                0x0000299c        0xc .\CortexM3\ARM_GCC_541\Debug\Robot_PSoC_test.a(ENC_R1_ISR.o)
                0x0000299c                ENC_R1_ISR_Disable
 .text.ENC_R1_ISR_StartEx
                0x000029a8       0x1c .\CortexM3\ARM_GCC_541\Debug\Robot_PSoC_test.a(ENC_R1_ISR.o)
                0x000029a8                ENC_R1_ISR_StartEx
 *fill*         0x000029c4        0x4 
 .text          0x000029c8       0x20 .\CortexM3\ARM_GCC_541\Debug\Robot_PSoC_test.a(CyBootAsmGnu.o)
                0x000029c8                CyDelayCycles
                0x000029d8                CyEnterCriticalSection
                0x000029e0                CyExitCriticalSection
 .text.USBUART_DispatchClassRqst
                0x000029e8       0x60 .\CortexM3\ARM_GCC_541\Debug\Robot_PSoC_test.a(USBUART_cls.o)
                0x000029e8                USBUART_DispatchClassRqst
 .text          0x00002a48      0x370 c:/program files (x86)/cypress/psoc creator/4.4/psoc creator/import/gnu/arm/5.4.1/bin/../lib/gcc/arm-none-eabi/5.4.1/armv7-m\libgcc.a(_arm_addsubdf3.o)
                0x00002a48                __aeabi_drsub
                0x00002a50                __aeabi_dsub
                0x00002a50                __subdf3
                0x00002a54                __aeabi_dadd
                0x00002a54                __adddf3
                0x00002ccc                __floatunsidf
                0x00002ccc                __aeabi_ui2d
                0x00002cec                __floatsidf
                0x00002cec                __aeabi_i2d
                0x00002d10                __aeabi_f2d
                0x00002d10                __extendsfdf2
                0x00002d4c                __floatundidf
                0x00002d4c                __aeabi_ul2d
                0x00002d5c                __floatdidf
                0x00002d5c                __aeabi_l2d
 .text          0x00002db8      0x424 c:/program files (x86)/cypress/psoc creator/4.4/psoc creator/import/gnu/arm/5.4.1/bin/../lib/gcc/arm-none-eabi/5.4.1/armv7-m\libgcc.a(_arm_muldivdf3.o)
                0x00002db8                __aeabi_dmul
                0x00002db8                __muldf3
                0x0000300c                __divdf3
                0x0000300c                __aeabi_ddiv
 .text          0x000031dc      0x110 c:/program files (x86)/cypress/psoc creator/4.4/psoc creator/import/gnu/arm/5.4.1/bin/../lib/gcc/arm-none-eabi/5.4.1/armv7-m\libgcc.a(_arm_cmpdf2.o)
                0x000031dc                __gtdf2
                0x000031dc                __gedf2
                0x000031e4                __ltdf2
                0x000031e4                __ledf2
                0x000031ec                __nedf2
                0x000031ec                __eqdf2
                0x000031ec                __cmpdf2
                0x00003268                __aeabi_cdrcmple
                0x00003278                __aeabi_cdcmpeq
                0x00003278                __aeabi_cdcmple
                0x00003288                __aeabi_dcmpeq
                0x0000329c                __aeabi_dcmplt
                0x000032b0                __aeabi_dcmple
                0x000032c4                __aeabi_dcmpge
                0x000032d8                __aeabi_dcmpgt
 .text          0x000032ec       0x50 c:/program files (x86)/cypress/psoc creator/4.4/psoc creator/import/gnu/arm/5.4.1/bin/../lib/gcc/arm-none-eabi/5.4.1/armv7-m\libgcc.a(_arm_fixdfsi.o)
                0x000032ec                __aeabi_d2iz
                0x000032ec                __fixdfsi
 .text.__errno  0x0000333c        0xc c:/program files (x86)/cypress/psoc creator/4.4/psoc creator/import/gnu/arm/5.4.1/bin/../lib/gcc/arm-none-eabi/5.4.1/../../../../arm-none-eabi/lib/armv7-m\libg_nano.a(lib_a-errno.o)
                0x0000333c                __errno
 .text.__libc_init_array
                0x00003348       0x4c c:/program files (x86)/cypress/psoc creator/4.4/psoc creator/import/gnu/arm/5.4.1/bin/../lib/gcc/arm-none-eabi/5.4.1/../../../../arm-none-eabi/lib/armv7-m\libg_nano.a(lib_a-init.o)
                0x00003348                __libc_init_array
 .text.malloc   0x00003394       0x10 c:/program files (x86)/cypress/psoc creator/4.4/psoc creator/import/gnu/arm/5.4.1/bin/../lib/gcc/arm-none-eabi/5.4.1/../../../../arm-none-eabi/lib/armv7-m\libg_nano.a(lib_a-malloc.o)
                0x00003394                malloc
 .text.memcpy   0x000033a4       0x16 c:/program files (x86)/cypress/psoc creator/4.4/psoc creator/import/gnu/arm/5.4.1/bin/../lib/gcc/arm-none-eabi/5.4.1/../../../../arm-none-eabi/lib/armv7-m\libg_nano.a(lib_a-memcpy-stub.o)
                0x000033a4                memcpy
 .text.memset   0x000033ba       0x10 c:/program files (x86)/cypress/psoc creator/4.4/psoc creator/import/gnu/arm/5.4.1/bin/../lib/gcc/arm-none-eabi/5.4.1/../../../../arm-none-eabi/lib/armv7-m\libg_nano.a(lib_a-memset.o)
                0x000033ba                memset
 *fill*         0x000033ca        0x2 
 .text._free_r  0x000033cc       0x98 c:/program files (x86)/cypress/psoc creator/4.4/psoc creator/import/gnu/arm/5.4.1/bin/../lib/gcc/arm-none-eabi/5.4.1/../../../../arm-none-eabi/lib/armv7-m\libg_nano.a(lib_a-nano-freer.o)
                0x000033cc                _free_r
 .text._malloc_r
                0x00003464       0xbc c:/program files (x86)/cypress/psoc creator/4.4/psoc creator/import/gnu/arm/5.4.1/bin/../lib/gcc/arm-none-eabi/5.4.1/../../../../arm-none-eabi/lib/armv7-m\libg_nano.a(lib_a-nano-mallocr.o)
                0x00003464                _malloc_r
 .text.__cvt    0x00003520       0xc0 c:/program files (x86)/cypress/psoc creator/4.4/psoc creator/import/gnu/arm/5.4.1/bin/../lib/gcc/arm-none-eabi/5.4.1/../../../../arm-none-eabi/lib/armv7-m\libg_nano.a(lib_a-nano-vfprintf_float.o)
                0x00003520                __cvt
 .text.__exponent
                0x000035e0       0x62 c:/program files (x86)/cypress/psoc creator/4.4/psoc creator/import/gnu/arm/5.4.1/bin/../lib/gcc/arm-none-eabi/5.4.1/../../../../arm-none-eabi/lib/armv7-m\libg_nano.a(lib_a-nano-vfprintf_float.o)
                0x000035e0                __exponent
 *fill*         0x00003642        0x2 
 .text._printf_float
                0x00003644      0x488 c:/program files (x86)/cypress/psoc creator/4.4/psoc creator/import/gnu/arm/5.4.1/bin/../lib/gcc/arm-none-eabi/5.4.1/../../../../arm-none-eabi/lib/armv7-m\libg_nano.a(lib_a-nano-vfprintf_float.o)
                0x00003644                _printf_float
 .text._printf_common
                0x00003acc       0xec c:/program files (x86)/cypress/psoc creator/4.4/psoc creator/import/gnu/arm/5.4.1/bin/../lib/gcc/arm-none-eabi/5.4.1/../../../../arm-none-eabi/lib/armv7-m\libg_nano.a(lib_a-nano-vfprintf_i.o)
                0x00003acc                _printf_common
 .text._printf_i
                0x00003bb8      0x24c c:/program files (x86)/cypress/psoc creator/4.4/psoc creator/import/gnu/arm/5.4.1/bin/../lib/gcc/arm-none-eabi/5.4.1/../../../../arm-none-eabi/lib/armv7-m\libg_nano.a(lib_a-nano-vfprintf_i.o)
                0x00003bb8                _printf_i
 .text._sbrk_r  0x00003e04       0x20 c:/program files (x86)/cypress/psoc creator/4.4/psoc creator/import/gnu/arm/5.4.1/bin/../lib/gcc/arm-none-eabi/5.4.1/../../../../arm-none-eabi/lib/armv7-m\libg_nano.a(lib_a-sbrkr.o)
                0x00003e04                _sbrk_r
 .text.sprintf  0x00003e24       0x48 c:/program files (x86)/cypress/psoc creator/4.4/psoc creator/import/gnu/arm/5.4.1/bin/../lib/gcc/arm-none-eabi/5.4.1/../../../../arm-none-eabi/lib/armv7-m\libg_nano.a(lib_a-sprintf.o)
                0x00003e24                siprintf
                0x00003e24                sprintf
 .text          0x00003e6c       0x10 c:/program files (x86)/cypress/psoc creator/4.4/psoc creator/import/gnu/arm/5.4.1/bin/../lib/gcc/arm-none-eabi/5.4.1/../../../../arm-none-eabi/lib/armv7-m\libg_nano.a(lib_a-strlen.o)
                0x00003e6c                strlen
 .text.quorem   0x00003e7c      0x116 c:/program files (x86)/cypress/psoc creator/4.4/psoc creator/import/gnu/arm/5.4.1/bin/../lib/gcc/arm-none-eabi/5.4.1/../../../../arm-none-eabi/lib/armv7-m\libg_nano.a(lib_a-dtoa.o)
 *fill*         0x00003f92        0x6 
 .text._dtoa_r  0x00003f98      0xb30 c:/program files (x86)/cypress/psoc creator/4.4/psoc creator/import/gnu/arm/5.4.1/bin/../lib/gcc/arm-none-eabi/5.4.1/../../../../arm-none-eabi/lib/armv7-m\libg_nano.a(lib_a-dtoa.o)
                0x00003f98                _dtoa_r
 .text._localeconv_r
                0x00004ac8        0x8 c:/program files (x86)/cypress/psoc creator/4.4/psoc creator/import/gnu/arm/5.4.1/bin/../lib/gcc/arm-none-eabi/5.4.1/../../../../arm-none-eabi/lib/armv7-m\libg_nano.a(lib_a-locale.o)
                0x00004ac8                _localeconv_r
 .text.memchr   0x00004ad0       0x1c c:/program files (x86)/cypress/psoc creator/4.4/psoc creator/import/gnu/arm/5.4.1/bin/../lib/gcc/arm-none-eabi/5.4.1/../../../../arm-none-eabi/lib/armv7-m\libg_nano.a(lib_a-memchr-stub.o)
                0x00004ad0                memchr
 .text.__malloc_lock
                0x00004aec        0x2 c:/program files (x86)/cypress/psoc creator/4.4/psoc creator/import/gnu/arm/5.4.1/bin/../lib/gcc/arm-none-eabi/5.4.1/../../../../arm-none-eabi/lib/armv7-m\libg_nano.a(lib_a-mlock.o)
                0x00004aec                __malloc_lock
 .text.__malloc_unlock
                0x00004aee        0x2 c:/program files (x86)/cypress/psoc creator/4.4/psoc creator/import/gnu/arm/5.4.1/bin/../lib/gcc/arm-none-eabi/5.4.1/../../../../arm-none-eabi/lib/armv7-m\libg_nano.a(lib_a-mlock.o)
                0x00004aee                __malloc_unlock
 .text._Balloc  0x00004af0       0x6a c:/program files (x86)/cypress/psoc creator/4.4/psoc creator/import/gnu/arm/5.4.1/bin/../lib/gcc/arm-none-eabi/5.4.1/../../../../arm-none-eabi/lib/armv7-m\libg_nano.a(lib_a-mprec.o)
                0x00004af0                _Balloc
 .text._Bfree   0x00004b5a       0x2e c:/program files (x86)/cypress/psoc creator/4.4/psoc creator/import/gnu/arm/5.4.1/bin/../lib/gcc/arm-none-eabi/5.4.1/../../../../arm-none-eabi/lib/armv7-m\libg_nano.a(lib_a-mprec.o)
                0x00004b5a                _Bfree
 .text.__multadd
                0x00004b88       0x76 c:/program files (x86)/cypress/psoc creator/4.4/psoc creator/import/gnu/arm/5.4.1/bin/../lib/gcc/arm-none-eabi/5.4.1/../../../../arm-none-eabi/lib/armv7-m\libg_nano.a(lib_a-mprec.o)
                0x00004b88                __multadd
 .text.__hi0bits
                0x00004bfe       0x40 c:/program files (x86)/cypress/psoc creator/4.4/psoc creator/import/gnu/arm/5.4.1/bin/../lib/gcc/arm-none-eabi/5.4.1/../../../../arm-none-eabi/lib/armv7-m\libg_nano.a(lib_a-mprec.o)
                0x00004bfe                __hi0bits
 .text.__lo0bits
                0x00004c3e       0x5a c:/program files (x86)/cypress/psoc creator/4.4/psoc creator/import/gnu/arm/5.4.1/bin/../lib/gcc/arm-none-eabi/5.4.1/../../../../arm-none-eabi/lib/armv7-m\libg_nano.a(lib_a-mprec.o)
                0x00004c3e                __lo0bits
 .text.__i2b    0x00004c98       0x12 c:/program files (x86)/cypress/psoc creator/4.4/psoc creator/import/gnu/arm/5.4.1/bin/../lib/gcc/arm-none-eabi/5.4.1/../../../../arm-none-eabi/lib/armv7-m\libg_nano.a(lib_a-mprec.o)
                0x00004c98                __i2b
 .text.__multiply
                0x00004caa      0x120 c:/program files (x86)/cypress/psoc creator/4.4/psoc creator/import/gnu/arm/5.4.1/bin/../lib/gcc/arm-none-eabi/5.4.1/../../../../arm-none-eabi/lib/armv7-m\libg_nano.a(lib_a-mprec.o)
                0x00004caa                __multiply
 *fill*         0x00004dca        0x2 
 .text.__pow5mult
                0x00004dcc       0x9c c:/program files (x86)/cypress/psoc creator/4.4/psoc creator/import/gnu/arm/5.4.1/bin/../lib/gcc/arm-none-eabi/5.4.1/../../../../arm-none-eabi/lib/armv7-m\libg_nano.a(lib_a-mprec.o)
                0x00004dcc                __pow5mult
 .text.__lshift
                0x00004e68       0xa2 c:/program files (x86)/cypress/psoc creator/4.4/psoc creator/import/gnu/arm/5.4.1/bin/../lib/gcc/arm-none-eabi/5.4.1/../../../../arm-none-eabi/lib/armv7-m\libg_nano.a(lib_a-mprec.o)
                0x00004e68                __lshift
 .text.__mcmp   0x00004f0a       0x38 c:/program files (x86)/cypress/psoc creator/4.4/psoc creator/import/gnu/arm/5.4.1/bin/../lib/gcc/arm-none-eabi/5.4.1/../../../../arm-none-eabi/lib/armv7-m\libg_nano.a(lib_a-mprec.o)
                0x00004f0a                __mcmp
 .text.__mdiff  0x00004f42       0xbe c:/program files (x86)/cypress/psoc creator/4.4/psoc creator/import/gnu/arm/5.4.1/bin/../lib/gcc/arm-none-eabi/5.4.1/../../../../arm-none-eabi/lib/armv7-m\libg_nano.a(lib_a-mprec.o)
                0x00004f42                __mdiff
 .text.__d2b    0x00005000       0x9c c:/program files (x86)/cypress/psoc creator/4.4/psoc creator/import/gnu/arm/5.4.1/bin/../lib/gcc/arm-none-eabi/5.4.1/../../../../arm-none-eabi/lib/armv7-m\libg_nano.a(lib_a-mprec.o)
                0x00005000                __d2b
 .text._calloc_r
                0x0000509c       0x1c c:/program files (x86)/cypress/psoc creator/4.4/psoc creator/import/gnu/arm/5.4.1/bin/../lib/gcc/arm-none-eabi/5.4.1/../../../../arm-none-eabi/lib/armv7-m\libg_nano.a(lib_a-nano-callocr.o)
                0x0000509c                _calloc_r
 .text.__ssputs_r
                0x000050b8       0xb2 c:/program files (x86)/cypress/psoc creator/4.4/psoc creator/import/gnu/arm/5.4.1/bin/../lib/gcc/arm-none-eabi/5.4.1/../../../../arm-none-eabi/lib/armv7-m\libg_nano.a(lib_a-nano-svfprintf.o)
                0x000050b8                __ssputs_r
 *fill*         0x0000516a        0x2 
 .text._svfprintf_r
                0x0000516c      0x1e8 c:/program files (x86)/cypress/psoc creator/4.4/psoc creator/import/gnu/arm/5.4.1/bin/../lib/gcc/arm-none-eabi/5.4.1/../../../../arm-none-eabi/lib/armv7-m\libg_nano.a(lib_a-nano-svfprintf.o)
                0x0000516c                _svfiprintf_r
                0x0000516c                _svfprintf_r
 .text.memmove  0x00005354       0x36 c:/program files (x86)/cypress/psoc creator/4.4/psoc creator/import/gnu/arm/5.4.1/bin/../lib/gcc/arm-none-eabi/5.4.1/../../../../arm-none-eabi/lib/armv7-m\libg_nano.a(lib_a-memmove.o)
                0x00005354                memmove
 .text._realloc_r
                0x0000538a       0x4c c:/program files (x86)/cypress/psoc creator/4.4/psoc creator/import/gnu/arm/5.4.1/bin/../lib/gcc/arm-none-eabi/5.4.1/../../../../arm-none-eabi/lib/armv7-m\libg_nano.a(lib_a-nano-reallocr.o)
                0x0000538a                _realloc_r
 .text._malloc_usable_size_r
                0x000053d6       0x14 c:/program files (x86)/cypress/psoc creator/4.4/psoc creator/import/gnu/arm/5.4.1/bin/../lib/gcc/arm-none-eabi/5.4.1/../../../../arm-none-eabi/lib/armv7-m\libg_nano.a(lib_a-nano-msizer.o)
                0x000053d6                _malloc_usable_size_r
 *fill*         0x000053ea        0x2 
 .text          0x000053ec       0x2c c:/program files (x86)/cypress/psoc creator/4.4/psoc creator/import/gnu/arm/5.4.1/bin/../lib/gcc/arm-none-eabi/5.4.1/armv7-m\libgcc.a(_arm_unorddf2.o)
                0x000053ec                __unorddf2
                0x000053ec                __aeabi_dcmpun
 *(.plt)
 *(.gnu.warning)
 *(.glue_7t)
 .glue_7t       0x00005418        0x0 linker stubs
 *(.glue_7)
 .glue_7        0x00005418        0x0 linker stubs
 *(.vfp11_veneer)
 .vfp11_veneer  0x00005418        0x0 linker stubs
 *(.bootloader)
 *(.ARM.extab* .gnu.linkonce.armextab.*)
 *(.gcc_except_table)

.v4_bx          0x00005418        0x0
 .v4_bx         0x00005418        0x0 linker stubs

.iplt           0x00005418        0x0
 .iplt          0x00005418        0x0 c:/program files (x86)/cypress/psoc creator/4.4/psoc creator/import/gnu/arm/5.4.1/bin/../lib/gcc/arm-none-eabi/5.4.1/armv7-m/crtbegin.o

.eh_frame_hdr
 *(.eh_frame_hdr)

.eh_frame       0x00005418        0x4
 *(.eh_frame)
 .eh_frame      0x00005418        0x0 c:/program files (x86)/cypress/psoc creator/4.4/psoc creator/import/gnu/arm/5.4.1/bin/../lib/gcc/arm-none-eabi/5.4.1/armv7-m/crtbegin.o
 .eh_frame      0x00005418        0x4 c:/program files (x86)/cypress/psoc creator/4.4/psoc creator/import/gnu/arm/5.4.1/bin/../lib/gcc/arm-none-eabi/5.4.1/armv7-m/crtend.o
                [!provide]                PROVIDE (__exidx_start, .)

.ARM.exidx
 *(.ARM.exidx* .gnu.linkonce.armexidx.*)
                0x0000541c                __exidx_end = .

.rodata         0x00005420      0x3f0
 *(.rodata .rodata.* .gnu.linkonce.r.*)
 .rodata.str1.4
                0x00005420       0xa6 .\CortexM3\ARM_GCC_541\Debug\main.o
 *fill*         0x000054c6        0x2 
 .rodata        0x000054c8       0x40 .\CortexM3\ARM_GCC_541\Debug\cyfitter_cfg.o
 .rodata.str1.4
                0x00005508       0x14 .\CortexM3\ARM_GCC_541\Debug\Robot_PSoC_test.a(USBUART_std.o)
                                 0x11 (size before relaxing)
 .rodata        0x0000551c      0x15e .\CortexM3\ARM_GCC_541\Debug\Robot_PSoC_test.a(USBUART_descr.o)
                0x0000551c                USBUART_TABLE
                0x00005524                USBUART_DEVICE0_TABLE
                0x0000553c                USBUART_DEVICE0_CONFIGURATION0_TABLE
                0x00005564                USBUART_DEVICE0_CONFIGURATION0_INTERFACE_CLASS
                0x00005568                USBUART_DEVICE0_CONFIGURATION0_EP_SETTINGS_TABLE
                0x00005580                USBUART_SN_STRING_DESCRIPTOR
                0x00005584                USBUART_STRING_DESCRIPTORS
                0x00005624                USBUART_DEVICE0_CONFIGURATION0_DESCR
                0x00005668                USBUART_DEVICE0_DESCR
 .rodata.str1.1
                0x0000567a        0x2 c:/program files (x86)/cypress/psoc creator/4.4/psoc creator/import/gnu/arm/5.4.1/bin/../lib/gcc/arm-none-eabi/5.4.1/../../../../arm-none-eabi/lib/armv7-m\libg_nano.a(lib_a-impure.o)
 .rodata.str1.1
                0x0000567c       0x12 c:/program files (x86)/cypress/psoc creator/4.4/psoc creator/import/gnu/arm/5.4.1/bin/../lib/gcc/arm-none-eabi/5.4.1/../../../../arm-none-eabi/lib/armv7-m\libg_nano.a(lib_a-nano-vfprintf_float.o)
 .rodata.str1.1
                0x0000568e       0x22 c:/program files (x86)/cypress/psoc creator/4.4/psoc creator/import/gnu/arm/5.4.1/bin/../lib/gcc/arm-none-eabi/5.4.1/../../../../arm-none-eabi/lib/armv7-m\libg_nano.a(lib_a-nano-vfprintf_i.o)
 .rodata.str1.1
                0x000056b0        0xd c:/program files (x86)/cypress/psoc creator/4.4/psoc creator/import/gnu/arm/5.4.1/bin/../lib/gcc/arm-none-eabi/5.4.1/../../../../arm-none-eabi/lib/armv7-m\libg_nano.a(lib_a-dtoa.o)
                                  0xf (size before relaxing)
 .rodata.str1.1
                0x000056bd        0x8 c:/program files (x86)/cypress/psoc creator/4.4/psoc creator/import/gnu/arm/5.4.1/bin/../lib/gcc/arm-none-eabi/5.4.1/../../../../arm-none-eabi/lib/armv7-m\libg_nano.a(lib_a-locale.o)
                                  0xb (size before relaxing)
 *fill*         0x000056c5        0x3 
 .rodata.__mprec_tens
                0x000056c8       0xc8 c:/program files (x86)/cypress/psoc creator/4.4/psoc creator/import/gnu/arm/5.4.1/bin/../lib/gcc/arm-none-eabi/5.4.1/../../../../arm-none-eabi/lib/armv7-m\libg_nano.a(lib_a-mprec.o)
                0x000056c8                __mprec_tens
 .rodata.p05.5408
                0x00005790        0xc c:/program files (x86)/cypress/psoc creator/4.4/psoc creator/import/gnu/arm/5.4.1/bin/../lib/gcc/arm-none-eabi/5.4.1/../../../../arm-none-eabi/lib/armv7-m\libg_nano.a(lib_a-mprec.o)
 *fill*         0x0000579c        0x4 
 .rodata.__mprec_bigtens
                0x000057a0       0x28 c:/program files (x86)/cypress/psoc creator/4.4/psoc creator/import/gnu/arm/5.4.1/bin/../lib/gcc/arm-none-eabi/5.4.1/../../../../arm-none-eabi/lib/armv7-m\libg_nano.a(lib_a-mprec.o)
                0x000057a0                __mprec_bigtens
 .rodata.str1.1
                0x000057c8       0x11 c:/program files (x86)/cypress/psoc creator/4.4/psoc creator/import/gnu/arm/5.4.1/bin/../lib/gcc/arm-none-eabi/5.4.1/../../../../arm-none-eabi/lib/armv7-m\libg_nano.a(lib_a-nano-svfprintf.o)
                0x000057dc                . = ALIGN (0x4)
 *fill*         0x000057d9        0x3 
 *(.init)
 .init          0x000057dc        0x4 c:/program files (x86)/cypress/psoc creator/4.4/psoc creator/import/gnu/arm/5.4.1/bin/../lib/gcc/arm-none-eabi/5.4.1/armv7-m/crti.o
                0x000057dc                _init
 .init          0x000057e0        0x8 c:/program files (x86)/cypress/psoc creator/4.4/psoc creator/import/gnu/arm/5.4.1/bin/../lib/gcc/arm-none-eabi/5.4.1/armv7-m/crtn.o
                0x000057e8                . = ALIGN (0x4)
                0x000057e8                __preinit_array_start = .
 *(.preinit_array)
                0x000057e8                __preinit_array_end = .
                0x000057e8                . = ALIGN (0x4)
                0x000057e8                __init_array_start = .
 *(SORT(.init_array.*))
 *(.init_array)
 .init_array    0x000057e8        0x4 c:/program files (x86)/cypress/psoc creator/4.4/psoc creator/import/gnu/arm/5.4.1/bin/../lib/gcc/arm-none-eabi/5.4.1/armv7-m/crtbegin.o
 .init_array    0x000057ec        0x4 .\CortexM3\ARM_GCC_541\Debug\Cm3Start.o
                0x000057f0                __init_array_end = .
                0x000057f0                . = ALIGN (0x4)
 *(.fini)
 .fini          0x000057f0        0x4 c:/program files (x86)/cypress/psoc creator/4.4/psoc creator/import/gnu/arm/5.4.1/bin/../lib/gcc/arm-none-eabi/5.4.1/armv7-m/crti.o
                0x000057f0                _fini
 .fini          0x000057f4        0x8 c:/program files (x86)/cypress/psoc creator/4.4/psoc creator/import/gnu/arm/5.4.1/bin/../lib/gcc/arm-none-eabi/5.4.1/armv7-m/crtn.o
                0x000057fc                . = ALIGN (0x4)
                0x000057fc                __fini_array_start = .
 *(.fini_array)
 .fini_array    0x000057fc        0x4 c:/program files (x86)/cypress/psoc creator/4.4/psoc creator/import/gnu/arm/5.4.1/bin/../lib/gcc/arm-none-eabi/5.4.1/armv7-m/crtbegin.o
 *(SORT(.fini_array.*))
                0x00005800                __fini_array_end = .
                0x00005800                . = ALIGN (0x4)
 *crtbegin.o(.ctors)
 *(EXCLUDE_FILE(*crtend.o) .ctors)
 *(SORT(.ctors.*))
 *crtend.o(.ctors)
                0x00005800                . = ALIGN (0x4)
 *crtbegin.o(.dtors)
 *(EXCLUDE_FILE(*crtend.o) .dtors)
 *(SORT(.dtors.*))
 *crtend.o(.dtors)
                0x00005800                . = ALIGN (0x4)
                0x00005800                __cy_regions = .
                0x00005800        0x4 LONG 0x5810 __cy_region_init_ram
                0x00005804        0x4 LONG 0x1fff80c8 __cy_region_start_data
                0x00005808        0x4 LONG 0xd8 __cy_region_init_size_ram
                0x0000580c        0x4 LONG 0x278 __cy_region_zero_size_ram
                0x00005810                __cy_regions_end = .
                0x00005810                . = ALIGN (0x8)
                0x00005810                _etext = .

.cy_checksum_exclude
                0x00005810        0x0
 *(.cy_checksum_exclude)

.ramvectors     0x1fff8000       0xc0
                0x1fff8000                __cy_region_start_ram = .
 *(.ramvectors)
 .ramvectors    0x1fff8000       0xc0 .\CortexM3\ARM_GCC_541\Debug\Cm3Start.o
                0x1fff8000                CyRamVectors

.noinit         0x1fff80c0        0x1
 *(.noinit)
 .noinit        0x1fff80c0        0x1 .\CortexM3\ARM_GCC_541\Debug\Robot_PSoC_test.a(CyLib.o)
                0x1fff80c0                CyResetStatus

.data           0x1fff80c8       0xd8 load address 0x00005810
                0x1fff80c8                __cy_region_start_data = .
 *(.jcr)
 .jcr           0x1fff80c8        0x0 c:/program files (x86)/cypress/psoc creator/4.4/psoc creator/import/gnu/arm/5.4.1/bin/../lib/gcc/arm-none-eabi/5.4.1/armv7-m/crtbegin.o
 .jcr           0x1fff80c8        0x4 c:/program files (x86)/cypress/psoc creator/4.4/psoc creator/import/gnu/arm/5.4.1/bin/../lib/gcc/arm-none-eabi/5.4.1/armv7-m/crtend.o
 *(.got.plt)
 *(.got)
 *(.shdata)
 *(.data .data.* .gnu.linkonce.d.*)
 .data          0x1fff80cc        0x2 .\CortexM3\ARM_GCC_541\Debug\main.o
                0x1fff80cc                R_direction
                0x1fff80cd                L_direction
 *fill*         0x1fff80ce        0x2 
 .data          0x1fff80d0        0x4 .\CortexM3\ARM_GCC_541\Debug\Cm3Start.o
 .data          0x1fff80d4       0x10 .\CortexM3\ARM_GCC_541\Debug\Robot_PSoC_test.a(CyLib.o)
                0x1fff80d4                cydelay_32k_ms
                0x1fff80d8                cydelay_freq_khz
                0x1fff80dc                cydelay_freq_mhz
                0x1fff80e0                cydelay_freq_hz
 .data          0x1fff80e4       0x1a .\CortexM3\ARM_GCC_541\Debug\Robot_PSoC_test.a(USBUART_cdc.o)
                0x1fff80e4                USBUART_linesCoding
 *fill*         0x1fff80fe        0x2 
 .data.impure_data
                0x1fff8100       0x60 c:/program files (x86)/cypress/psoc creator/4.4/psoc creator/import/gnu/arm/5.4.1/bin/../lib/gcc/arm-none-eabi/5.4.1/../../../../arm-none-eabi/lib/armv7-m\libg_nano.a(lib_a-impure.o)
 .data._impure_ptr
                0x1fff8160        0x4 c:/program files (x86)/cypress/psoc creator/4.4/psoc creator/import/gnu/arm/5.4.1/bin/../lib/gcc/arm-none-eabi/5.4.1/../../../../arm-none-eabi/lib/armv7-m\libg_nano.a(lib_a-impure.o)
                0x1fff8160                _impure_ptr
 .data.lconv    0x1fff8164       0x38 c:/program files (x86)/cypress/psoc creator/4.4/psoc creator/import/gnu/arm/5.4.1/bin/../lib/gcc/arm-none-eabi/5.4.1/../../../../arm-none-eabi/lib/armv7-m\libg_nano.a(lib_a-locale.o)
                0x1fff81a0                . = ALIGN (0x8)
 *fill*         0x1fff819c        0x4 
 *(.ram)
                0x1fff81a0                _edata = .

.igot.plt       0x1fff81a0        0x0 load address 0x000058e8
 .igot.plt      0x1fff81a0        0x0 c:/program files (x86)/cypress/psoc creator/4.4/psoc creator/import/gnu/arm/5.4.1/bin/../lib/gcc/arm-none-eabi/5.4.1/armv7-m/crtbegin.o

.bss            0x1fff81a0      0x278 load address 0x000058e8
                0x1fff81a0                PROVIDE (__bss_start__, .)
 *(.shbss)
 *(.bss .bss.* .gnu.linkonce.b.*)
 .bss           0x1fff81a0       0x1c c:/program files (x86)/cypress/psoc creator/4.4/psoc creator/import/gnu/arm/5.4.1/bin/../lib/gcc/arm-none-eabi/5.4.1/armv7-m/crtbegin.o
 .bss           0x1fff81bc       0xf4 .\CortexM3\ARM_GCC_541\Debug\main.o
                0x1fff81bc                timerR0_index
                0x1fff81c0                timerR0_overflows
                0x1fff81c5                timerL0_index
                0x1fff81c8                timerL0_overflows
                0x1fff81d0                timerR0_count
                0x1fff81dc                timerL0_count
                0x1fff81e6                rx_buffer_size
                0x1fff81e8                buffer_1
                0x1fff824c                buffer_2
 .bss           0x1fff82b0        0x1 .\CortexM3\ARM_GCC_541\Debug\Robot_PSoC_test.a(PWM_L.o)
                0x1fff82b0                PWM_L_initVar
 .bss           0x1fff82b1        0x1 .\CortexM3\ARM_GCC_541\Debug\Robot_PSoC_test.a(PWM_R.o)
                0x1fff82b1                PWM_R_initVar
 .bss           0x1fff82b2        0x9 .\CortexM3\ARM_GCC_541\Debug\Robot_PSoC_test.a(UART.o)
                0x1fff82b2                UART_errorStatus
                0x1fff82b3                UART_initVar
                0x1fff82b4                UART_rxBufferRead
                0x1fff82b5                UART_rxBufferWrite
                0x1fff82b6                UART_rxBufferLoopDetect
                0x1fff82b7                UART_rxBufferOverflow
                0x1fff82b8                UART_txBufferRead
                0x1fff82b9                UART_txBufferWrite
 .bss           0x1fff82bb        0x1 .\CortexM3\ARM_GCC_541\Debug\Robot_PSoC_test.a(USBUART.o)
                0x1fff82bb                USBUART_initVar
 .bss           0x1fff82bc        0x1 .\CortexM3\ARM_GCC_541\Debug\Robot_PSoC_test.a(USBUART_cdc.o)
 *fill*         0x1fff82bd        0x3 
 .bss           0x1fff82c0        0x2 .\CortexM3\ARM_GCC_541\Debug\Robot_PSoC_test.a(USBUART_std.o)
 .bss           0x1fff82c2        0x1 .\CortexM3\ARM_GCC_541\Debug\Robot_PSoC_test.a(Encoder_L0_Timer.o)
                0x1fff82c2                Encoder_L0_Timer_initVar
 .bss           0x1fff82c3        0x1 .\CortexM3\ARM_GCC_541\Debug\Robot_PSoC_test.a(Encoder_R0_Timer.o)
                0x1fff82c3                Encoder_R0_Timer_initVar
 .bss.__malloc_sbrk_start
                0x1fff82c4        0x4 c:/program files (x86)/cypress/psoc creator/4.4/psoc creator/import/gnu/arm/5.4.1/bin/../lib/gcc/arm-none-eabi/5.4.1/../../../../arm-none-eabi/lib/armv7-m\libg_nano.a(lib_a-nano-mallocr.o)
                0x1fff82c4                __malloc_sbrk_start
 .bss.__malloc_free_list
                0x1fff82c8        0x4 c:/program files (x86)/cypress/psoc creator/4.4/psoc creator/import/gnu/arm/5.4.1/bin/../lib/gcc/arm-none-eabi/5.4.1/../../../../arm-none-eabi/lib/armv7-m\libg_nano.a(lib_a-nano-mallocr.o)
                0x1fff82c8                __malloc_free_list
 *(COMMON)
 *fill*         0x1fff82cc        0x4 
 COMMON         0x1fff82d0       0x58 .\CortexM3\ARM_GCC_541\Debug\main.o
                0x1fff82d0                processing_buffer_ptr
                0x1fff82d4                receiving_buffer_ptr
                0x1fff82d8                pid_angv
                0x1fff8300                pid_linv
 COMMON         0x1fff8328       0x11 .\CortexM3\ARM_GCC_541\Debug\Robot_PSoC_test.a(UART.o)
                0x1fff8328                UART_rxBuffer
                0x1fff8334                UART_txBuffer
 *fill*         0x1fff8339        0x3 
 COMMON         0x1fff833c       0x18 .\CortexM3\ARM_GCC_541\Debug\Robot_PSoC_test.a(USBUART_cdc.o)
                0x1fff833c                USBUART_linesChanged
                0x1fff8340                USBUART_cdcDataInEp
                0x1fff8344                USBUART_cdcCommInInterruptEp
                0x1fff8348                USBUART_cdcDataOutEp
                0x1fff834c                USBUART_serialStateBitmap
                0x1fff8350                USBUART_linesControlBitmap
 COMMON         0x1fff8354       0x9a .\CortexM3\ARM_GCC_541\Debug\Robot_PSoC_test.a(USBUART_drv.o)
                0x1fff8354                USBUART_lastPacketSize
                0x1fff8355                USBUART_device
                0x1fff8356                USBUART_transferByteCount
                0x1fff8358                USBUART_transferState
                0x1fff835c                USBUART_interfaceSettingLast
                0x1fff8360                USBUART_currentTD
                0x1fff836c                USBUART_interfaceNumber
                0x1fff8370                USBUART_interfaceClass
                0x1fff8374                USBUART_configurationChanged
                0x1fff8375                USBUART_ep0Mode
                0x1fff8376                USBUART_deviceAddress
                0x1fff8377                USBUART_configuration
                0x1fff8378                USBUART_ep0Count
                0x1fff8379                USBUART_deviceStatus
                0x1fff837c                USBUART_EP
                0x1fff83e8                USBUART_interfaceSetting
                0x1fff83ea                USBUART_ep0Toggle
                0x1fff83ec                USBUART_interfaceStatus
 *fill*         0x1fff83ee        0x2 
 COMMON         0x1fff83f0       0x22 .\CortexM3\ARM_GCC_541\Debug\Robot_PSoC_test.a(USBUART_descr.o)
                0x1fff83f0                USBUART_idSerialNumberStringDescriptor
 *fill*         0x1fff8412        0x2 
 COMMON         0x1fff8414        0x4 c:/program files (x86)/cypress/psoc creator/4.4/psoc creator/import/gnu/arm/5.4.1/bin/../lib/gcc/arm-none-eabi/5.4.1/../../../../arm-none-eabi/lib/armv7-m\libg_nano.a(lib_a-reent.o)
                0x1fff8414                errno
                0x1fff8418                . = ALIGN (0x8)
 *(.ram.b)
                0x1fff8418                _end = .
                0x1fff8418                __end = .
                0x1fff8418                PROVIDE (end, .)
                0x1fff8418                PROVIDE (__bss_end__, .)
                0x00005810                __cy_region_init_ram = LOADADDR (.data)
                0x000000d8                __cy_region_init_size_ram = (_edata - ADDR (.data))
                0x00000278                __cy_region_zero_size_ram = (_end - _edata)

.heap           0x1fff8418      0x200 load address 0x000058e8
                0x1fff8418                . = _end
                0x1fff8618                . = (. + 0x200)
 *fill*         0x1fff8418      0x200 
                0x1fff8618                __cy_heap_limit = .

.stack          0x20007800      0x800
                0x20007800                __cy_stack_limit = .
                0x20008000                . = (. + 0x800)
 *fill*         0x20007800      0x800 
                0x00000001                ASSERT ((__cy_stack_limit >= __cy_heap_limit), region RAM overflowed with stack)
                0x00000000                cy_checksum_exclude_size = (CY_APPL_LOADABLE == 0x1)?SIZEOF (.cy_checksum_exclude):0x0
                0x00000001                ASSERT ((cy_checksum_exclude_size <= CY_CHECKSUM_EXCLUDE_SIZE), CY_BOOT: Section .cy_checksum_exclude size exceedes specified limit.)

.cyloadermeta
 *(.cyloadermeta)

.cyloadablemeta
 *(.cyloadablemeta)

.cyconfigecc    0x80000000      0x7e4
 *(.cyconfigecc)
 .cyconfigecc   0x80000000      0x7e4 .\CortexM3\ARM_GCC_541\Debug\cymetadata.o
                0x80000000                cy_meta_configecc

.cycustnvl      0x90000000        0x4
 *(.cycustnvl)
 .cycustnvl     0x90000000        0x4 .\CortexM3\ARM_GCC_541\Debug\cymetadata.o
                0x90000000                cy_meta_custnvl

.cywolatch      0x90100000        0x4
 *(.cywolatch)
 .cywolatch     0x90100000        0x4 .\CortexM3\ARM_GCC_541\Debug\cymetadata.o
                0x90100000                cy_meta_wonvl

.cyeeprom       0x90200000        0x0
 *(.cyeeprom)
                0x00000001                ASSERT ((. <= ((0x90200000 + ee_offset) + ee_size)), .cyeeprom data will not fit in EEPROM)

.cyflashprotect
                0x90400000      0x100
 *(.cyflashprotect)
 .cyflashprotect
                0x90400000      0x100 .\CortexM3\ARM_GCC_541\Debug\cymetadata.o
                0x90400000                cy_meta_flashprotect

.cymeta         0x90500000        0xc
 *(.cymeta)
 .cymeta        0x90500000        0xc .\CortexM3\ARM_GCC_541\Debug\cymetadata.o
                0x90500000                cy_metadata

.rel.dyn        0x000058e8        0x0 load address 0x9050000c
 .rel.iplt      0x000058e8        0x0 c:/program files (x86)/cypress/psoc creator/4.4/psoc creator/import/gnu/arm/5.4.1/bin/../lib/gcc/arm-none-eabi/5.4.1/armv7-m/crtbegin.o

.stab
 *(.stab)

.stabstr
 *(.stabstr)

.debug
 *(.debug)

.line
 *(.line)

.debug_srcinfo
 *(.debug_srcinfo)

.debug_sfnames
 *(.debug_sfnames)

.debug_aranges  0x00000000     0x1398
 *(.debug_aranges)
 .debug_aranges
                0x00000000       0x70 .\CortexM3\ARM_GCC_541\Debug\main.o
 .debug_aranges
                0x00000070       0x58 .\CortexM3\ARM_GCC_541\Debug\robotmove.o
 .debug_aranges
                0x000000c8       0x58 .\CortexM3\ARM_GCC_541\Debug\encoder.o
 .debug_aranges
                0x00000120       0x20 .\CortexM3\ARM_GCC_541\Debug\robot_ID.o
 .debug_aranges
                0x00000140       0x58 .\CortexM3\ARM_GCC_541\Debug\cyfitter_cfg.o
 .debug_aranges
                0x00000198       0x18 .\CortexM3\ARM_GCC_541\Debug\cymetadata.o
 .debug_aranges
                0x000001b0       0x48 .\CortexM3\ARM_GCC_541\Debug\Cm3Start.o
 .debug_aranges
                0x000001f8      0x2a0 .\CortexM3\ARM_GCC_541\Debug\Robot_PSoC_test.a(CyLib.o)
 .debug_aranges
                0x00000498       0x98 .\CortexM3\ARM_GCC_541\Debug\Robot_PSoC_test.a(cyPm.o)
 .debug_aranges
                0x00000530       0x28 .\CortexM3\ARM_GCC_541\Debug\Robot_PSoC_test.a(PWM_RESET.o)
 .debug_aranges
                0x00000558       0x90 .\CortexM3\ARM_GCC_541\Debug\Robot_PSoC_test.a(PWM_L.o)
 .debug_aranges
                0x000005e8       0x90 .\CortexM3\ARM_GCC_541\Debug\Robot_PSoC_test.a(PWM_R.o)
 .debug_aranges
                0x00000678       0x28 .\CortexM3\ARM_GCC_541\Debug\Robot_PSoC_test.a(ENCODER_TMR_RESET.o)
 .debug_aranges
                0x000006a0       0x80 .\CortexM3\ARM_GCC_541\Debug\Robot_PSoC_test.a(tx_isr.o)
 .debug_aranges
                0x00000720       0x80 .\CortexM3\ARM_GCC_541\Debug\Robot_PSoC_test.a(rx_isr.o)
 .debug_aranges
                0x000007a0       0x40 .\CortexM3\ARM_GCC_541\Debug\Robot_PSoC_test.a(ROBOT_ID_REG.o)
 .debug_aranges
                0x000007e0       0xf0 .\CortexM3\ARM_GCC_541\Debug\Robot_PSoC_test.a(UART.o)
 .debug_aranges
                0x000008d0       0x28 .\CortexM3\ARM_GCC_541\Debug\Robot_PSoC_test.a(UART_INT.o)
 .debug_aranges
                0x000008f8       0x70 .\CortexM3\ARM_GCC_541\Debug\Robot_PSoC_test.a(UART_IntClock.o)
 .debug_aranges
                0x00000968       0xc8 .\CortexM3\ARM_GCC_541\Debug\Robot_PSoC_test.a(USBUART.o)
 .debug_aranges
                0x00000a30       0xe8 .\CortexM3\ARM_GCC_541\Debug\Robot_PSoC_test.a(USBUART_cdc.o)
 .debug_aranges
                0x00000b18       0x98 .\CortexM3\ARM_GCC_541\Debug\Robot_PSoC_test.a(USBUART_drv.o)
 .debug_aranges
                0x00000bb0       0x40 .\CortexM3\ARM_GCC_541\Debug\Robot_PSoC_test.a(USBUART_episr.o)
 .debug_aranges
                0x00000bf0       0x40 .\CortexM3\ARM_GCC_541\Debug\Robot_PSoC_test.a(USBUART_pm.o)
 .debug_aranges
                0x00000c30       0x80 .\CortexM3\ARM_GCC_541\Debug\Robot_PSoC_test.a(USBUART_std.o)
 .debug_aranges
                0x00000cb0       0x20 .\CortexM3\ARM_GCC_541\Debug\Robot_PSoC_test.a(USBUART_vnd.o)
 .debug_aranges
                0x00000cd0       0x48 .\CortexM3\ARM_GCC_541\Debug\Robot_PSoC_test.a(USBUART_Dp.o)
 .debug_aranges
                0x00000d18       0x38 .\CortexM3\ARM_GCC_541\Debug\Robot_PSoC_test.a(Encoder_L0.o)
 .debug_aranges
                0x00000d50       0x38 .\CortexM3\ARM_GCC_541\Debug\Robot_PSoC_test.a(Encoder_R0.o)
 .debug_aranges
                0x00000d88       0x90 .\CortexM3\ARM_GCC_541\Debug\Robot_PSoC_test.a(Encoder_L0_Timer.o)
 .debug_aranges
                0x00000e18       0x80 .\CortexM3\ARM_GCC_541\Debug\Robot_PSoC_test.a(ENCODER_R0_OVF_ISR.o)
 .debug_aranges
                0x00000e98       0x90 .\CortexM3\ARM_GCC_541\Debug\Robot_PSoC_test.a(Encoder_R0_Timer.o)
 .debug_aranges
                0x00000f28       0x80 .\CortexM3\ARM_GCC_541\Debug\Robot_PSoC_test.a(ENCODER_L0_OVF_ISR.o)
 .debug_aranges
                0x00000fa8       0x80 .\CortexM3\ARM_GCC_541\Debug\Robot_PSoC_test.a(ENC_L0_ISR.o)
 .debug_aranges
                0x00001028       0x80 .\CortexM3\ARM_GCC_541\Debug\Robot_PSoC_test.a(ENC_R0_ISR.o)
 .debug_aranges
                0x000010a8       0x48 .\CortexM3\ARM_GCC_541\Debug\Robot_PSoC_test.a(Encoder_R1.o)
 .debug_aranges
                0x000010f0       0x48 .\CortexM3\ARM_GCC_541\Debug\Robot_PSoC_test.a(Encoder_L1.o)
 .debug_aranges
                0x00001138       0x80 .\CortexM3\ARM_GCC_541\Debug\Robot_PSoC_test.a(ENC_L1_ISR.o)
 .debug_aranges
                0x000011b8       0x80 .\CortexM3\ARM_GCC_541\Debug\Robot_PSoC_test.a(ENC_R1_ISR.o)
 .debug_aranges
                0x00001238       0x20 .\CortexM3\ARM_GCC_541\Debug\Robot_PSoC_test.a(CyBootAsmGnu.o)
 .debug_aranges
                0x00001258       0x88 .\CortexM3\ARM_GCC_541\Debug\Robot_PSoC_test.a(CyFlash.o)
 .debug_aranges
                0x000012e0       0x80 .\CortexM3\ARM_GCC_541\Debug\Robot_PSoC_test.a(CySpc.o)
 .debug_aranges
                0x00001360       0x20 .\CortexM3\ARM_GCC_541\Debug\Robot_PSoC_test.a(USBUART_cls.o)
 .debug_aranges
                0x00001380       0x18 .\CortexM3\ARM_GCC_541\Debug\Robot_PSoC_test.a(USBUART_descr.o)

.debug_pubnames
 *(.debug_pubnames)

.debug_info     0x00000000     0xb430
 *(.debug_info .gnu.linkonce.wi.*)
 .debug_info    0x00000000      0xc65 .\CortexM3\ARM_GCC_541\Debug\main.o
 .debug_info    0x00000c65      0x614 .\CortexM3\ARM_GCC_541\Debug\robotmove.o
 .debug_info    0x00001279      0x370 .\CortexM3\ARM_GCC_541\Debug\encoder.o
 .debug_info    0x000015e9      0x109 .\CortexM3\ARM_GCC_541\Debug\robot_ID.o
 .debug_info    0x000016f2      0x628 .\CortexM3\ARM_GCC_541\Debug\cyfitter_cfg.o
 .debug_info    0x00001d1a      0x139 .\CortexM3\ARM_GCC_541\Debug\cymetadata.o
 .debug_info    0x00001e53      0x3bb .\CortexM3\ARM_GCC_541\Debug\Cm3Start.o
 .debug_info    0x0000220e     0x1374 .\CortexM3\ARM_GCC_541\Debug\Robot_PSoC_test.a(CyLib.o)
 .debug_info    0x00003582      0xa2a .\CortexM3\ARM_GCC_541\Debug\Robot_PSoC_test.a(cyPm.o)
 .debug_info    0x00003fac       0xd6 .\CortexM3\ARM_GCC_541\Debug\Robot_PSoC_test.a(PWM_RESET.o)
 .debug_info    0x00004082      0x2c8 .\CortexM3\ARM_GCC_541\Debug\Robot_PSoC_test.a(PWM_L.o)
 .debug_info    0x0000434a      0x2c8 .\CortexM3\ARM_GCC_541\Debug\Robot_PSoC_test.a(PWM_R.o)
 .debug_info    0x00004612       0xd6 .\CortexM3\ARM_GCC_541\Debug\Robot_PSoC_test.a(ENCODER_TMR_RESET.o)
 .debug_info    0x000046e8      0x2d2 .\CortexM3\ARM_GCC_541\Debug\Robot_PSoC_test.a(tx_isr.o)
 .debug_info    0x000049ba      0x2d2 .\CortexM3\ARM_GCC_541\Debug\Robot_PSoC_test.a(rx_isr.o)
 .debug_info    0x00004c8c      0x17f .\CortexM3\ARM_GCC_541\Debug\Robot_PSoC_test.a(ROBOT_ID_REG.o)
 .debug_info    0x00004e0b      0x7be .\CortexM3\ARM_GCC_541\Debug\Robot_PSoC_test.a(UART.o)
 .debug_info    0x000055c9      0x196 .\CortexM3\ARM_GCC_541\Debug\Robot_PSoC_test.a(UART_INT.o)
 .debug_info    0x0000575f      0x283 .\CortexM3\ARM_GCC_541\Debug\Robot_PSoC_test.a(UART_IntClock.o)
 .debug_info    0x000059e2      0x98f .\CortexM3\ARM_GCC_541\Debug\Robot_PSoC_test.a(USBUART.o)
 .debug_info    0x00006371      0xaf7 .\CortexM3\ARM_GCC_541\Debug\Robot_PSoC_test.a(USBUART_cdc.o)
 .debug_info    0x00006e68      0x655 .\CortexM3\ARM_GCC_541\Debug\Robot_PSoC_test.a(USBUART_drv.o)
 .debug_info    0x000074bd      0x254 .\CortexM3\ARM_GCC_541\Debug\Robot_PSoC_test.a(USBUART_episr.o)
 .debug_info    0x00007711      0x2e4 .\CortexM3\ARM_GCC_541\Debug\Robot_PSoC_test.a(USBUART_pm.o)
 .debug_info    0x000079f5      0xb26 .\CortexM3\ARM_GCC_541\Debug\Robot_PSoC_test.a(USBUART_std.o)
 .debug_info    0x0000851b       0xed .\CortexM3\ARM_GCC_541\Debug\Robot_PSoC_test.a(USBUART_vnd.o)
 .debug_info    0x00008608      0x174 .\CortexM3\ARM_GCC_541\Debug\Robot_PSoC_test.a(USBUART_Dp.o)
 .debug_info    0x0000877c      0x11f .\CortexM3\ARM_GCC_541\Debug\Robot_PSoC_test.a(Encoder_L0.o)
 .debug_info    0x0000889b      0x11f .\CortexM3\ARM_GCC_541\Debug\Robot_PSoC_test.a(Encoder_R0.o)
 .debug_info    0x000089ba      0x2ee .\CortexM3\ARM_GCC_541\Debug\Robot_PSoC_test.a(Encoder_L0_Timer.o)
 .debug_info    0x00008ca8      0x2d2 .\CortexM3\ARM_GCC_541\Debug\Robot_PSoC_test.a(ENCODER_R0_OVF_ISR.o)
 .debug_info    0x00008f7a      0x2ee .\CortexM3\ARM_GCC_541\Debug\Robot_PSoC_test.a(Encoder_R0_Timer.o)
 .debug_info    0x00009268      0x2d2 .\CortexM3\ARM_GCC_541\Debug\Robot_PSoC_test.a(ENCODER_L0_OVF_ISR.o)
 .debug_info    0x0000953a      0x2d2 .\CortexM3\ARM_GCC_541\Debug\Robot_PSoC_test.a(ENC_L0_ISR.o)
 .debug_info    0x0000980c      0x2d2 .\CortexM3\ARM_GCC_541\Debug\Robot_PSoC_test.a(ENC_R0_ISR.o)
 .debug_info    0x00009ade      0x174 .\CortexM3\ARM_GCC_541\Debug\Robot_PSoC_test.a(Encoder_R1.o)
 .debug_info    0x00009c52      0x172 .\CortexM3\ARM_GCC_541\Debug\Robot_PSoC_test.a(Encoder_L1.o)
 .debug_info    0x00009dc4      0x2d2 .\CortexM3\ARM_GCC_541\Debug\Robot_PSoC_test.a(ENC_L1_ISR.o)
 .debug_info    0x0000a096      0x2d2 .\CortexM3\ARM_GCC_541\Debug\Robot_PSoC_test.a(ENC_R1_ISR.o)
 .debug_info    0x0000a368       0xaa .\CortexM3\ARM_GCC_541\Debug\Robot_PSoC_test.a(CyBootAsmGnu.o)
 .debug_info    0x0000a412      0x64d .\CortexM3\ARM_GCC_541\Debug\Robot_PSoC_test.a(CyFlash.o)
 .debug_info    0x0000aa5f      0x550 .\CortexM3\ARM_GCC_541\Debug\Robot_PSoC_test.a(CySpc.o)
 .debug_info    0x0000afaf      0x1de .\CortexM3\ARM_GCC_541\Debug\Robot_PSoC_test.a(USBUART_cls.o)
 .debug_info    0x0000b18d      0x2a3 .\CortexM3\ARM_GCC_541\Debug\Robot_PSoC_test.a(USBUART_descr.o)

.debug_abbrev   0x00000000     0x346c
 *(.debug_abbrev)
 .debug_abbrev  0x00000000      0x1c5 .\CortexM3\ARM_GCC_541\Debug\main.o
 .debug_abbrev  0x000001c5      0x14f .\CortexM3\ARM_GCC_541\Debug\robotmove.o
 .debug_abbrev  0x00000314       0xa9 .\CortexM3\ARM_GCC_541\Debug\encoder.o
 .debug_abbrev  0x000003bd       0x96 .\CortexM3\ARM_GCC_541\Debug\robot_ID.o
 .debug_abbrev  0x00000453      0x20d .\CortexM3\ARM_GCC_541\Debug\cyfitter_cfg.o
 .debug_abbrev  0x00000660       0x77 .\CortexM3\ARM_GCC_541\Debug\cymetadata.o
 .debug_abbrev  0x000006d7      0x1e8 .\CortexM3\ARM_GCC_541\Debug\Cm3Start.o
 .debug_abbrev  0x000008bf      0x254 .\CortexM3\ARM_GCC_541\Debug\Robot_PSoC_test.a(CyLib.o)
 .debug_abbrev  0x00000b13      0x1ab .\CortexM3\ARM_GCC_541\Debug\Robot_PSoC_test.a(cyPm.o)
 .debug_abbrev  0x00000cbe       0x81 .\CortexM3\ARM_GCC_541\Debug\Robot_PSoC_test.a(PWM_RESET.o)
 .debug_abbrev  0x00000d3f      0x12d .\CortexM3\ARM_GCC_541\Debug\Robot_PSoC_test.a(PWM_L.o)
 .debug_abbrev  0x00000e6c      0x12d .\CortexM3\ARM_GCC_541\Debug\Robot_PSoC_test.a(PWM_R.o)
 .debug_abbrev  0x00000f99       0x81 .\CortexM3\ARM_GCC_541\Debug\Robot_PSoC_test.a(ENCODER_TMR_RESET.o)
 .debug_abbrev  0x0000101a      0x173 .\CortexM3\ARM_GCC_541\Debug\Robot_PSoC_test.a(tx_isr.o)
 .debug_abbrev  0x0000118d      0x173 .\CortexM3\ARM_GCC_541\Debug\Robot_PSoC_test.a(rx_isr.o)
 .debug_abbrev  0x00001300       0xac .\CortexM3\ARM_GCC_541\Debug\Robot_PSoC_test.a(ROBOT_ID_REG.o)
 .debug_abbrev  0x000013ac      0x16f .\CortexM3\ARM_GCC_541\Debug\Robot_PSoC_test.a(UART.o)
 .debug_abbrev  0x0000151b       0xa2 .\CortexM3\ARM_GCC_541\Debug\Robot_PSoC_test.a(UART_INT.o)
 .debug_abbrev  0x000015bd      0x139 .\CortexM3\ARM_GCC_541\Debug\Robot_PSoC_test.a(UART_IntClock.o)
 .debug_abbrev  0x000016f6      0x215 .\CortexM3\ARM_GCC_541\Debug\Robot_PSoC_test.a(USBUART.o)
 .debug_abbrev  0x0000190b      0x245 .\CortexM3\ARM_GCC_541\Debug\Robot_PSoC_test.a(USBUART_cdc.o)
 .debug_abbrev  0x00001b50      0x189 .\CortexM3\ARM_GCC_541\Debug\Robot_PSoC_test.a(USBUART_drv.o)
 .debug_abbrev  0x00001cd9      0x11b .\CortexM3\ARM_GCC_541\Debug\Robot_PSoC_test.a(USBUART_episr.o)
 .debug_abbrev  0x00001df4      0x108 .\CortexM3\ARM_GCC_541\Debug\Robot_PSoC_test.a(USBUART_pm.o)
 .debug_abbrev  0x00001efc      0x20a .\CortexM3\ARM_GCC_541\Debug\Robot_PSoC_test.a(USBUART_std.o)
 .debug_abbrev  0x00002106       0x9b .\CortexM3\ARM_GCC_541\Debug\Robot_PSoC_test.a(USBUART_vnd.o)
 .debug_abbrev  0x000021a1       0x90 .\CortexM3\ARM_GCC_541\Debug\Robot_PSoC_test.a(USBUART_Dp.o)
 .debug_abbrev  0x00002231       0x90 .\CortexM3\ARM_GCC_541\Debug\Robot_PSoC_test.a(Encoder_L0.o)
 .debug_abbrev  0x000022c1       0x90 .\CortexM3\ARM_GCC_541\Debug\Robot_PSoC_test.a(Encoder_R0.o)
 .debug_abbrev  0x00002351      0x12b .\CortexM3\ARM_GCC_541\Debug\Robot_PSoC_test.a(Encoder_L0_Timer.o)
 .debug_abbrev  0x0000247c      0x173 .\CortexM3\ARM_GCC_541\Debug\Robot_PSoC_test.a(ENCODER_R0_OVF_ISR.o)
 .debug_abbrev  0x000025ef      0x12b .\CortexM3\ARM_GCC_541\Debug\Robot_PSoC_test.a(Encoder_R0_Timer.o)
 .debug_abbrev  0x0000271a      0x173 .\CortexM3\ARM_GCC_541\Debug\Robot_PSoC_test.a(ENCODER_L0_OVF_ISR.o)
 .debug_abbrev  0x0000288d      0x173 .\CortexM3\ARM_GCC_541\Debug\Robot_PSoC_test.a(ENC_L0_ISR.o)
 .debug_abbrev  0x00002a00      0x173 .\CortexM3\ARM_GCC_541\Debug\Robot_PSoC_test.a(ENC_R0_ISR.o)
 .debug_abbrev  0x00002b73       0x90 .\CortexM3\ARM_GCC_541\Debug\Robot_PSoC_test.a(Encoder_R1.o)
 .debug_abbrev  0x00002c03       0x9f .\CortexM3\ARM_GCC_541\Debug\Robot_PSoC_test.a(Encoder_L1.o)
 .debug_abbrev  0x00002ca2      0x173 .\CortexM3\ARM_GCC_541\Debug\Robot_PSoC_test.a(ENC_L1_ISR.o)
 .debug_abbrev  0x00002e15      0x173 .\CortexM3\ARM_GCC_541\Debug\Robot_PSoC_test.a(ENC_R1_ISR.o)
 .debug_abbrev  0x00002f88       0x14 .\CortexM3\ARM_GCC_541\Debug\Robot_PSoC_test.a(CyBootAsmGnu.o)
 .debug_abbrev  0x00002f9c      0x1a7 .\CortexM3\ARM_GCC_541\Debug\Robot_PSoC_test.a(CyFlash.o)
 .debug_abbrev  0x00003143      0x194 .\CortexM3\ARM_GCC_541\Debug\Robot_PSoC_test.a(CySpc.o)
 .debug_abbrev  0x000032d7       0xe1 .\CortexM3\ARM_GCC_541\Debug\Robot_PSoC_test.a(USBUART_cls.o)
 .debug_abbrev  0x000033b8       0xb4 .\CortexM3\ARM_GCC_541\Debug\Robot_PSoC_test.a(USBUART_descr.o)

.debug_line     0x00000000     0x4930
 *(.debug_line)
 .debug_line    0x00000000      0x4cc .\CortexM3\ARM_GCC_541\Debug\main.o
 .debug_line    0x000004cc      0x23b .\CortexM3\ARM_GCC_541\Debug\robotmove.o
 .debug_line    0x00000707      0x1e2 .\CortexM3\ARM_GCC_541\Debug\encoder.o
 .debug_line    0x000008e9      0x17b .\CortexM3\ARM_GCC_541\Debug\robot_ID.o
 .debug_line    0x00000a64      0x1fd .\CortexM3\ARM_GCC_541\Debug\cyfitter_cfg.o
 .debug_line    0x00000c61      0x141 .\CortexM3\ARM_GCC_541\Debug\cymetadata.o
 .debug_line    0x00000da2      0x234 .\CortexM3\ARM_GCC_541\Debug\Cm3Start.o
 .debug_line    0x00000fd6      0x816 .\CortexM3\ARM_GCC_541\Debug\Robot_PSoC_test.a(CyLib.o)
 .debug_line    0x000017ec      0x367 .\CortexM3\ARM_GCC_541\Debug\Robot_PSoC_test.a(cyPm.o)
 .debug_line    0x00001b53       0x71 .\CortexM3\ARM_GCC_541\Debug\Robot_PSoC_test.a(PWM_RESET.o)
 .debug_line    0x00001bc4      0x15e .\CortexM3\ARM_GCC_541\Debug\Robot_PSoC_test.a(PWM_L.o)
 .debug_line    0x00001d22      0x15e .\CortexM3\ARM_GCC_541\Debug\Robot_PSoC_test.a(PWM_R.o)
 .debug_line    0x00001e80       0x79 .\CortexM3\ARM_GCC_541\Debug\Robot_PSoC_test.a(ENCODER_TMR_RESET.o)
 .debug_line    0x00001ef9      0x133 .\CortexM3\ARM_GCC_541\Debug\Robot_PSoC_test.a(tx_isr.o)
 .debug_line    0x0000202c      0x133 .\CortexM3\ARM_GCC_541\Debug\Robot_PSoC_test.a(rx_isr.o)
 .debug_line    0x0000215f       0xb8 .\CortexM3\ARM_GCC_541\Debug\Robot_PSoC_test.a(ROBOT_ID_REG.o)
 .debug_line    0x00002217      0x33b .\CortexM3\ARM_GCC_541\Debug\Robot_PSoC_test.a(UART.o)
 .debug_line    0x00002552       0xa5 .\CortexM3\ARM_GCC_541\Debug\Robot_PSoC_test.a(UART_INT.o)
 .debug_line    0x000025f7      0x17c .\CortexM3\ARM_GCC_541\Debug\Robot_PSoC_test.a(UART_IntClock.o)
 .debug_line    0x00002773      0x2dc .\CortexM3\ARM_GCC_541\Debug\Robot_PSoC_test.a(USBUART.o)
 .debug_line    0x00002a4f      0x2f2 .\CortexM3\ARM_GCC_541\Debug\Robot_PSoC_test.a(USBUART_cdc.o)
 .debug_line    0x00002d41      0x221 .\CortexM3\ARM_GCC_541\Debug\Robot_PSoC_test.a(USBUART_drv.o)
 .debug_line    0x00002f62       0xe6 .\CortexM3\ARM_GCC_541\Debug\Robot_PSoC_test.a(USBUART_episr.o)
 .debug_line    0x00003048      0x10e .\CortexM3\ARM_GCC_541\Debug\Robot_PSoC_test.a(USBUART_pm.o)
 .debug_line    0x00003156      0x3e2 .\CortexM3\ARM_GCC_541\Debug\Robot_PSoC_test.a(USBUART_std.o)
 .debug_line    0x00003538       0x73 .\CortexM3\ARM_GCC_541\Debug\Robot_PSoC_test.a(USBUART_vnd.o)
 .debug_line    0x000035ab       0xbb .\CortexM3\ARM_GCC_541\Debug\Robot_PSoC_test.a(USBUART_Dp.o)
 .debug_line    0x00003666       0x97 .\CortexM3\ARM_GCC_541\Debug\Robot_PSoC_test.a(Encoder_L0.o)
 .debug_line    0x000036fd       0x97 .\CortexM3\ARM_GCC_541\Debug\Robot_PSoC_test.a(Encoder_R0.o)
 .debug_line    0x00003794      0x17b .\CortexM3\ARM_GCC_541\Debug\Robot_PSoC_test.a(Encoder_L0_Timer.o)
 .debug_line    0x0000390f      0x13f .\CortexM3\ARM_GCC_541\Debug\Robot_PSoC_test.a(ENCODER_R0_OVF_ISR.o)
 .debug_line    0x00003a4e      0x17b .\CortexM3\ARM_GCC_541\Debug\Robot_PSoC_test.a(Encoder_R0_Timer.o)
 .debug_line    0x00003bc9      0x13f .\CortexM3\ARM_GCC_541\Debug\Robot_PSoC_test.a(ENCODER_L0_OVF_ISR.o)
 .debug_line    0x00003d08      0x137 .\CortexM3\ARM_GCC_541\Debug\Robot_PSoC_test.a(ENC_L0_ISR.o)
 .debug_line    0x00003e3f      0x137 .\CortexM3\ARM_GCC_541\Debug\Robot_PSoC_test.a(ENC_R0_ISR.o)
 .debug_line    0x00003f76       0xbb .\CortexM3\ARM_GCC_541\Debug\Robot_PSoC_test.a(Encoder_R1.o)
 .debug_line    0x00004031       0xbb .\CortexM3\ARM_GCC_541\Debug\Robot_PSoC_test.a(Encoder_L1.o)
 .debug_line    0x000040ec      0x137 .\CortexM3\ARM_GCC_541\Debug\Robot_PSoC_test.a(ENC_L1_ISR.o)
 .debug_line    0x00004223      0x137 .\CortexM3\ARM_GCC_541\Debug\Robot_PSoC_test.a(ENC_R1_ISR.o)
 .debug_line    0x0000435a       0x66 .\CortexM3\ARM_GCC_541\Debug\Robot_PSoC_test.a(CyBootAsmGnu.o)
 .debug_line    0x000043c0      0x21a .\CortexM3\ARM_GCC_541\Debug\Robot_PSoC_test.a(CyFlash.o)
 .debug_line    0x000045da      0x260 .\CortexM3\ARM_GCC_541\Debug\Robot_PSoC_test.a(CySpc.o)
 .debug_line    0x0000483a       0x95 .\CortexM3\ARM_GCC_541\Debug\Robot_PSoC_test.a(USBUART_cls.o)
 .debug_line    0x000048cf       0x61 .\CortexM3\ARM_GCC_541\Debug\Robot_PSoC_test.a(USBUART_descr.o)

.debug_frame    0x00000000     0x3574
 *(.debug_frame)
 .debug_frame   0x00000000      0x158 .\CortexM3\ARM_GCC_541\Debug\main.o
 .debug_frame   0x00000158      0x128 .\CortexM3\ARM_GCC_541\Debug\robotmove.o
 .debug_frame   0x00000280      0x138 .\CortexM3\ARM_GCC_541\Debug\encoder.o
 .debug_frame   0x000003b8       0x2c .\CortexM3\ARM_GCC_541\Debug\robot_ID.o
 .debug_frame   0x000003e4       0xe4 .\CortexM3\ARM_GCC_541\Debug\cyfitter_cfg.o
 .debug_frame   0x000004c8       0xb8 .\CortexM3\ARM_GCC_541\Debug\Cm3Start.o
 .debug_frame   0x00000580      0x738 .\CortexM3\ARM_GCC_541\Debug\Robot_PSoC_test.a(CyLib.o)
 .debug_frame   0x00000cb8      0x1f8 .\CortexM3\ARM_GCC_541\Debug\Robot_PSoC_test.a(cyPm.o)
 .debug_frame   0x00000eb0       0x30 .\CortexM3\ARM_GCC_541\Debug\Robot_PSoC_test.a(PWM_RESET.o)
 .debug_frame   0x00000ee0      0x118 .\CortexM3\ARM_GCC_541\Debug\Robot_PSoC_test.a(PWM_L.o)
 .debug_frame   0x00000ff8      0x118 .\CortexM3\ARM_GCC_541\Debug\Robot_PSoC_test.a(PWM_R.o)
 .debug_frame   0x00001110       0x30 .\CortexM3\ARM_GCC_541\Debug\Robot_PSoC_test.a(ENCODER_TMR_RESET.o)
 .debug_frame   0x00001140      0x104 .\CortexM3\ARM_GCC_541\Debug\Robot_PSoC_test.a(tx_isr.o)
 .debug_frame   0x00001244      0x104 .\CortexM3\ARM_GCC_541\Debug\Robot_PSoC_test.a(rx_isr.o)
 .debug_frame   0x00001348       0x78 .\CortexM3\ARM_GCC_541\Debug\Robot_PSoC_test.a(ROBOT_ID_REG.o)
 .debug_frame   0x000013c0      0x25c .\CortexM3\ARM_GCC_541\Debug\Robot_PSoC_test.a(UART.o)
 .debug_frame   0x0000161c       0x30 .\CortexM3\ARM_GCC_541\Debug\Robot_PSoC_test.a(UART_INT.o)
 .debug_frame   0x0000164c       0xe0 .\CortexM3\ARM_GCC_541\Debug\Robot_PSoC_test.a(UART_IntClock.o)
 .debug_frame   0x0000172c      0x1dc .\CortexM3\ARM_GCC_541\Debug\Robot_PSoC_test.a(USBUART.o)
 .debug_frame   0x00001908      0x27c .\CortexM3\ARM_GCC_541\Debug\Robot_PSoC_test.a(USBUART_cdc.o)
 .debug_frame   0x00001b84      0x194 .\CortexM3\ARM_GCC_541\Debug\Robot_PSoC_test.a(USBUART_drv.o)
 .debug_frame   0x00001d18       0x6c .\CortexM3\ARM_GCC_541\Debug\Robot_PSoC_test.a(USBUART_episr.o)
 .debug_frame   0x00001d84       0xa0 .\CortexM3\ARM_GCC_541\Debug\Robot_PSoC_test.a(USBUART_pm.o)
 .debug_frame   0x00001e24      0x17c .\CortexM3\ARM_GCC_541\Debug\Robot_PSoC_test.a(USBUART_std.o)
 .debug_frame   0x00001fa0       0x20 .\CortexM3\ARM_GCC_541\Debug\Robot_PSoC_test.a(USBUART_vnd.o)
 .debug_frame   0x00001fc0       0x70 .\CortexM3\ARM_GCC_541\Debug\Robot_PSoC_test.a(USBUART_Dp.o)
 .debug_frame   0x00002030       0x50 .\CortexM3\ARM_GCC_541\Debug\Robot_PSoC_test.a(Encoder_L0.o)
 .debug_frame   0x00002080       0x50 .\CortexM3\ARM_GCC_541\Debug\Robot_PSoC_test.a(Encoder_R0.o)
 .debug_frame   0x000020d0      0x124 .\CortexM3\ARM_GCC_541\Debug\Robot_PSoC_test.a(Encoder_L0_Timer.o)
 .debug_frame   0x000021f4      0x104 .\CortexM3\ARM_GCC_541\Debug\Robot_PSoC_test.a(ENCODER_R0_OVF_ISR.o)