Archive member included to satisfy reference by file (symbol)

.\CortexM3\ARM_GCC_541\Debug\Robot_PSoC_test.a(CyLib.o)
                              .\CortexM3\ARM_GCC_541\Debug\Cm3Start.o (CyHalt)
.\CortexM3\ARM_GCC_541\Debug\Robot_PSoC_test.a(cyPm.o)
                              .\CortexM3\ARM_GCC_541\Debug\Robot_PSoC_test.a(CyLib.o) (CyPmReadStatus)
.\CortexM3\ARM_GCC_541\Debug\Robot_PSoC_test.a(PWM_RESET.o)
                              .\CortexM3\ARM_GCC_541\Debug\main.o (PWM_RESET_Write)
.\CortexM3\ARM_GCC_541\Debug\Robot_PSoC_test.a(PWM_L.o)
                              .\CortexM3\ARM_GCC_541\Debug\robotmove.o (PWM_L_WriteCompare1)
.\CortexM3\ARM_GCC_541\Debug\Robot_PSoC_test.a(PWM_R.o)
                              .\CortexM3\ARM_GCC_541\Debug\robotmove.o (PWM_R_WriteCompare1)
.\CortexM3\ARM_GCC_541\Debug\Robot_PSoC_test.a(Encoder_L_Timer.o)
                              .\CortexM3\ARM_GCC_541\Debug\main.o (Encoder_L_Timer_Stop)
.\CortexM3\ARM_GCC_541\Debug\Robot_PSoC_test.a(ENCODER_R_OVF_ISR.o)
                              .\CortexM3\ARM_GCC_541\Debug\main.o (ENCODER_R_OVF_ISR_StartEx)
.\CortexM3\ARM_GCC_541\Debug\Robot_PSoC_test.a(ENCODER_TMR_RESET.o)
                              .\CortexM3\ARM_GCC_541\Debug\main.o (ENCODER_TMR_RESET_Write)
.\CortexM3\ARM_GCC_541\Debug\Robot_PSoC_test.a(Encoder_R_Timer.o)
                              .\CortexM3\ARM_GCC_541\Debug\main.o (Encoder_R_Timer_Stop)
.\CortexM3\ARM_GCC_541\Debug\Robot_PSoC_test.a(ENCODER_L_OVF_ISR.o)
                              .\CortexM3\ARM_GCC_541\Debug\main.o (ENCODER_L_OVF_ISR_StartEx)
.\CortexM3\ARM_GCC_541\Debug\Robot_PSoC_test.a(tx_isr.o)
                              .\CortexM3\ARM_GCC_541\Debug\main.o (tx_isr_StartEx)
.\CortexM3\ARM_GCC_541\Debug\Robot_PSoC_test.a(rx_isr.o)
                              .\CortexM3\ARM_GCC_541\Debug\main.o (rx_isr_StartEx)
.\CortexM3\ARM_GCC_541\Debug\Robot_PSoC_test.a(ENC_L_ISR.o)
                              .\CortexM3\ARM_GCC_541\Debug\main.o (ENC_L_ISR_StartEx)
.\CortexM3\ARM_GCC_541\Debug\Robot_PSoC_test.a(ENC_R_ISR.o)
                              .\CortexM3\ARM_GCC_541\Debug\main.o (ENC_R_ISR_StartEx)
.\CortexM3\ARM_GCC_541\Debug\Robot_PSoC_test.a(ROBOT_ID_REG.o)
                              .\CortexM3\ARM_GCC_541\Debug\robot_ID.o (ROBOT_ID_REG_Read)
.\CortexM3\ARM_GCC_541\Debug\Robot_PSoC_test.a(UART.o)
                              .\CortexM3\ARM_GCC_541\Debug\main.o (UART_Start)
.\CortexM3\ARM_GCC_541\Debug\Robot_PSoC_test.a(UART_INT.o)
                              .\CortexM3\ARM_GCC_541\Debug\Robot_PSoC_test.a(UART.o) (UART_RXISR)
.\CortexM3\ARM_GCC_541\Debug\Robot_PSoC_test.a(UART_IntClock.o)
                              .\CortexM3\ARM_GCC_541\Debug\Robot_PSoC_test.a(UART.o) (UART_IntClock_Start)
.\CortexM3\ARM_GCC_541\Debug\Robot_PSoC_test.a(CyBootAsmGnu.o)
                              .\CortexM3\ARM_GCC_541\Debug\cyfitter_cfg.o (CyDelayCycles)
.\CortexM3\ARM_GCC_541\Debug\Robot_PSoC_test.a(CyFlash.o)
                              .\CortexM3\ARM_GCC_541\Debug\Robot_PSoC_test.a(cyPm.o) (CyFlash_SetWaitCycles)
.\CortexM3\ARM_GCC_541\Debug\Robot_PSoC_test.a(CySpc.o)
                              .\CortexM3\ARM_GCC_541\Debug\Robot_PSoC_test.a(CyFlash.o) (CySpcStart)
c:/program files (x86)/cypress/psoc creator/4.2/psoc creator/import/gnu/arm/5.4.1/bin/../lib/gcc/arm-none-eabi/5.4.1/armv7-m\libgcc.a(_arm_addsubdf3.o)
                              .\CortexM3\ARM_GCC_541\Debug\robotmove.o (__aeabi_dsub)
c:/program files (x86)/cypress/psoc creator/4.2/psoc creator/import/gnu/arm/5.4.1/bin/../lib/gcc/arm-none-eabi/5.4.1/armv7-m\libgcc.a(_arm_muldivdf3.o)
                              .\CortexM3\ARM_GCC_541\Debug\robotmove.o (__aeabi_dmul)
c:/program files (x86)/cypress/psoc creator/4.2/psoc creator/import/gnu/arm/5.4.1/bin/../lib/gcc/arm-none-eabi/5.4.1/armv7-m\libgcc.a(_arm_cmpdf2.o)
                              .\CortexM3\ARM_GCC_541\Debug\robotmove.o (__aeabi_dcmplt)
c:/program files (x86)/cypress/psoc creator/4.2/psoc creator/import/gnu/arm/5.4.1/bin/../lib/gcc/arm-none-eabi/5.4.1/armv7-m\libgcc.a(_arm_fixdfsi.o)
                              .\CortexM3\ARM_GCC_541\Debug\robotmove.o (__aeabi_d2iz)
c:/program files (x86)/cypress/psoc creator/4.2/psoc creator/import/gnu/arm/5.4.1/bin/../lib/gcc/arm-none-eabi/5.4.1/../../../../arm-none-eabi/lib/armv7-m\libg_nano.a(lib_a-errno.o)
                              .\CortexM3\ARM_GCC_541\Debug\Cm3Start.o (__errno)
c:/program files (x86)/cypress/psoc creator/4.2/psoc creator/import/gnu/arm/5.4.1/bin/../lib/gcc/arm-none-eabi/5.4.1/../../../../arm-none-eabi/lib/armv7-m\libg_nano.a(lib_a-exit.o)
                              c:/program files (x86)/cypress/psoc creator/4.2/psoc creator/import/gnu/arm/5.4.1/bin/../lib/gcc/arm-none-eabi/5.4.1/../../../../arm-none-eabi/lib/armv7-m/crt0.o (exit)
[...]
Memory Configuration

Name             Origin             Length             Attributes
rom              0x00000000         0x00040000         xr
ram              0x1fff8000         0x00010000         xrw
*default*        0x00000000         0xffffffff

Linker script and memory map

LOAD c:/program files (x86)/cypress/psoc creator/4.2/psoc creator/import/gnu/arm/5.4.1/bin/../lib/gcc/arm-none-eabi/5.4.1/armv7-m/crti.o
LOAD c:/program files (x86)/cypress/psoc creator/4.2/psoc creator/import/gnu/arm/5.4.1/bin/../lib/gcc/arm-none-eabi/5.4.1/armv7-m/crtbegin.o
LOAD c:/program files (x86)/cypress/psoc creator/4.2/psoc creator/import/gnu/arm/5.4.1/bin/../lib/gcc/arm-none-eabi/5.4.1/../../../../arm-none-eabi/lib/armv7-m/crt0.o
START GROUP
LOAD .\CortexM3\ARM_GCC_541\Debug\main.o
LOAD .\CortexM3\ARM_GCC_541\Debug\robotmove.o
LOAD .\CortexM3\ARM_GCC_541\Debug\encoder.o
LOAD .\CortexM3\ARM_GCC_541\Debug\robot_ID.o
LOAD .\CortexM3\ARM_GCC_541\Debug\cyfitter_cfg.o
LOAD .\CortexM3\ARM_GCC_541\Debug\cymetadata.o
LOAD .\CortexM3\ARM_GCC_541\Debug\Cm3Start.o
LOAD .\CortexM3\ARM_GCC_541\Debug\Robot_PSoC_test.a
LOAD C:\Program Files (x86)\Cypress\PSoC Creator\4.2\PSoC Creator\psoc\content\cycomponentlibrary\CyComponentLibrary.cylib\CortexM3\ARM_GCC_541\Debug\CyComponentLibrary.a
END GROUP
START GROUP
LOAD c:/program files (x86)/cypress/psoc creator/4.2/psoc creator/import/gnu/arm/5.4.1/bin/../lib/gcc/arm-none-eabi/5.4.1/armv7-m\libgcc.a
LOAD c:/program files (x86)/cypress/psoc creator/4.2/psoc creator/import/gnu/arm/5.4.1/bin/../lib/gcc/arm-none-eabi/5.4.1/../../../../arm-none-eabi/lib/armv7-m\libg_nano.a
LOAD c:/program files (x86)/cypress/psoc creator/4.2/psoc creator/import/gnu/arm/5.4.1/bin/../lib/gcc/arm-none-eabi/5.4.1/../../../../arm-none-eabi/lib/armv7-m\libc_nano.a
END GROUP
START GROUP
LOAD c:/program files (x86)/cypress/psoc creator/4.2/psoc creator/import/gnu/arm/5.4.1/bin/../lib/gcc/arm-none-eabi/5.4.1/armv7-m\libgcc.a
LOAD c:/program files (x86)/cypress/psoc creator/4.2/psoc creator/import/gnu/arm/5.4.1/bin/../lib/gcc/arm-none-eabi/5.4.1/../../../../arm-none-eabi/lib/armv7-m\libc_nano.a
END GROUP
LOAD c:/program files (x86)/cypress/psoc creator/4.2/psoc creator/import/gnu/arm/5.4.1/bin/../lib/gcc/arm-none-eabi/5.4.1/armv7-m/crtend.o
LOAD c:/program files (x86)/cypress/psoc creator/4.2/psoc creator/import/gnu/arm/5.4.1/bin/../lib/gcc/arm-none-eabi/5.4.1/armv7-m/crtn.o
START GROUP
LOAD c:/program files (x86)/cypress/psoc creator/4.2/psoc creator/import/gnu/arm/5.4.1/bin/../lib/gcc/arm-none-eabi/5.4.1/armv7-m\libgcc.a
LOAD c:/program files (x86)/cypress/psoc creator/4.2/psoc creator/import/gnu/arm/5.4.1/bin/../lib/gcc/arm-none-eabi/5.4.1/../../../../arm-none-eabi/lib/armv7-m\libc.a
LOAD c:/program files (x86)/cypress/psoc creator/4.2/psoc creator/import/gnu/arm/5.4.1/bin/../lib/gcc/arm-none-eabi/5.4.1/../../../../arm-none-eabi/lib/armv7-m\libnosys.a
END GROUP
                0x00000000                CY_APPL_ORIGIN = 0x0
                0x00000100                CY_FLASH_ROW_SIZE = 0x100
                0x00000020                CY_ECC_ROW_SIZE = 0x20
                0x00000000                CY_EE_IN_BTLDR = 0x0
                0x00000000                CY_APPL_LOADABLE = 0x0
                0x00000800                CY_EE_SIZE = 0x800
                0x00000001                CY_APPL_NUM = 0x1
                0x00000001                CY_APPL_MAX = 0x1
                0x00000040                CY_METADATA_SIZE = 0x40
                0x00000000                CY_APPL_LOADABLE = 0x0
                0x00000000                CY_CHECKSUM_EXCLUDE_SIZE = ALIGN (0x0, CY_FLASH_ROW_SIZE)
                [!provide]                PROVIDE (__cy_heap_start, _end)
                0x00000001                PROVIDE (__cy_region_num, ((__cy_regions_end - __cy_regions) / 0x10))
                0x20008000                PROVIDE (__cy_stack, (ORIGIN (ram) + LENGTH (ram)))
                [!provide]                PROVIDE (__cy_heap_end, (__cy_stack - 0x800))

.cybootloader   0x00000000        0x0
 *(.cybootloader)
                0x00000000                appl1_start = CY_APPL_ORIGIN?CY_APPL_ORIGIN:ALIGN (CY_FLASH_ROW_SIZE)
                0x0001ff00                appl2_start = (appl1_start + ALIGN ((((LENGTH (rom) - appl1_start) - (0x2 * CY_FLASH_ROW_SIZE)) / 0x2), CY_FLASH_ROW_SIZE))
                0x00000000                appl_start = (CY_APPL_NUM == 0x1)?appl1_start:appl2_start
                0x00000000                ecc_offset = ((appl_start / CY_FLASH_ROW_SIZE) * CY_ECC_ROW_SIZE)
                0x00000000                ee_offset = (CY_APPL_LOADABLE && ! (CY_EE_IN_BTLDR))?((CY_EE_SIZE / CY_APPL_MAX) * (CY_APPL_NUM - 0x1)):0x0
                0x00000800                ee_size = (CY_APPL_LOADABLE && ! (CY_EE_IN_BTLDR))?(CY_EE_SIZE / CY_APPL_MAX):CY_EE_SIZE
                [!provide]                PROVIDE (CY_ECC_OFFSET, ecc_offset)

.text           0x00000000      0xe0e
 CREATE_OBJECT_SYMBOLS
                0x00000000                PROVIDE (__cy_interrupt_vector, RomVectors)
 *(.romvectors)
 .romvectors    0x00000000       0x10 .\CortexM3\ARM_GCC_541\Debug\Cm3Start.o
                0x00000000                RomVectors
                0x00000001                ASSERT ((. != __cy_interrupt_vector), No interrupt vector)
                0x00000001                ASSERT (CY_APPL_ORIGIN?(SIZEOF (.cybootloader) <= CY_APPL_ORIGIN):0x1, Wrong image location)
                0x00000010                PROVIDE (__cy_reset, Reset)
 *(.text.Reset)
 .text.Reset    0x00000010       0x18 .\CortexM3\ARM_GCC_541\Debug\Cm3Start.o
                0x00000010                Reset
                0x00000001                ASSERT ((. != __cy_reset), No reset code)
 *(.dma_init)
                0x00000001                ASSERT ((((appl_start + .) <= 0x10000) || 0x1), DMA Init must be within the first 64k of flash)
 *(.text .text.* .gnu.linkonce.t.*)
 .text          0x00000028       0x5c c:/program files (x86)/cypress/psoc creator/4.2/psoc creator/import/gnu/arm/5.4.1/bin/../lib/gcc/arm-none-eabi/5.4.1/armv7-m/crtbegin.o
 .text.ENCODER_R_OVF_ISR_vect
                0x00000084       0x2c .\CortexM3\ARM_GCC_541\Debug\main.o
                0x00000084                ENCODER_R_OVF_ISR_vect
 .text.ENCODER_L_OVF_ISR_vect
                0x000000b0       0x2c .\CortexM3\ARM_GCC_541\Debug\main.o
                0x000000b0                ENCODER_L_OVF_ISR_vect
 .text.TX_ISR_vect
                0x000000dc        0x4 .\CortexM3\ARM_GCC_541\Debug\main.o
                0x000000dc                TX_ISR_vect
 .text.ENC_R_ISR_vect
                0x000000e0       0x54 .\CortexM3\ARM_GCC_541\Debug\main.o
                0x000000e0                ENC_R_ISR_vect
 .text.ENC_L_ISR_vect
                0x00000134       0x54 .\CortexM3\ARM_GCC_541\Debug\main.o
                0x00000134                ENC_L_ISR_vect
 .text.RX_ISR_vect
                0x00000188       0x34 .\CortexM3\ARM_GCC_541\Debug\main.o
                0x00000188                RX_ISR_vect
 .text.main     0x000001bc       0xbc .\CortexM3\ARM_GCC_541\Debug\main.o
                0x000001bc                main
 .text.get_robot_ID
                0x00000278       0x2c .\CortexM3\ARM_GCC_541\Debug\robot_ID.o
                0x00000278                get_robot_ID
 .text.CyClockStartupError
                0x000002a4        0x4 .\CortexM3\ARM_GCC_541\Debug\cyfitter_cfg.o
 .text.cfg_write_bytes32
                0x000002a8       0x34 .\CortexM3\ARM_GCC_541\Debug\cyfitter_cfg.o
 .text.AnalogSetDefault
                0x000002dc       0x28 .\CortexM3\ARM_GCC_541\Debug\cyfitter_cfg.o
 .text.CYMEMZERO
                0x00000304        0xc .\CortexM3\ARM_GCC_541\Debug\cyfitter_cfg.o
 .text.ClockSetup
                0x00000310       0xd4 .\CortexM3\ARM_GCC_541\Debug\cyfitter_cfg.o
 .text.CYCONFIGCPY
                0x000003e4        0x8 .\CortexM3\ARM_GCC_541\Debug\cyfitter_cfg.o
 .text.cyfitter_cfg
                0x000003ec      0x150 .\CortexM3\ARM_GCC_541\Debug\cyfitter_cfg.o
                0x000003ec                cyfitter_cfg
 .text.IntDefaultHandler
                0x0000053c       0x10 .\CortexM3\ARM_GCC_541\Debug\Cm3Start.o
                0x0000053c                IntDefaultHandler
 .text.Start_c  0x0000054c       0x4c .\CortexM3\ARM_GCC_541\Debug\Cm3Start.o
                0x0000054c                Start_c
 .text.initialize_psoc
                0x00000598       0x68 .\CortexM3\ARM_GCC_541\Debug\Cm3Start.o
                0x00000598                initialize_psoc
 .text.CyHalt   0x00000600        0x4 .\CortexM3\ARM_GCC_541\Debug\Robot_PSoC_test.a(CyLib.o)
                0x00000600                CyHalt
 .text.CyIntSetVector
                0x00000604       0x28 .\CortexM3\ARM_GCC_541\Debug\Robot_PSoC_test.a(CyLib.o)
                0x00000604                CyIntSetVector
 .text.CyIntSetPriority
                0x0000062c       0x30 .\CortexM3\ARM_GCC_541\Debug\Robot_PSoC_test.a(CyLib.o)
                0x0000062c                CyIntSetPriority
 .text.PWM_RESET_Write
                0x0000065c        0xc .\CortexM3\ARM_GCC_541\Debug\Robot_PSoC_test.a(PWM_RESET.o)
                0x0000065c                PWM_RESET_Write
 .text.Encoder_L_Timer_Enable
                0x00000668       0x10 .\CortexM3\ARM_GCC_541\Debug\Robot_PSoC_test.a(Encoder_L_Timer.o)
                0x00000668                Encoder_L_Timer_Enable
 .text.Encoder_L_Timer_Stop
                0x00000678       0x10 .\CortexM3\ARM_GCC_541\Debug\Robot_PSoC_test.a(Encoder_L_Timer.o)
                0x00000678                Encoder_L_Timer_Stop
 .text.Encoder_L_Timer_SetInterruptMode
                0x00000688        0xc .\CortexM3\ARM_GCC_541\Debug\Robot_PSoC_test.a(Encoder_L_Timer.o)
                0x00000688                Encoder_L_Timer_SetInterruptMode
 .text.Encoder_L_Timer_ReadStatusRegister
                0x00000694        0xc .\CortexM3\ARM_GCC_541\Debug\Robot_PSoC_test.a(Encoder_L_Timer.o)
                0x00000694                Encoder_L_Timer_ReadStatusRegister
 .text.Encoder_L_Timer_WritePeriod
                0x000006a0        0xc .\CortexM3\ARM_GCC_541\Debug\Robot_PSoC_test.a(Encoder_L_Timer.o)
                0x000006a0                Encoder_L_Timer_WritePeriod
 .text.Encoder_L_Timer_ReadCapture
                0x000006ac        0xc .\CortexM3\ARM_GCC_541\Debug\Robot_PSoC_test.a(Encoder_L_Timer.o)
                0x000006ac                Encoder_L_Timer_ReadCapture
 .text.Encoder_L_Timer_WriteCounter
                0x000006b8        0xc .\CortexM3\ARM_GCC_541\Debug\Robot_PSoC_test.a(Encoder_L_Timer.o)
                0x000006b8                Encoder_L_Timer_WriteCounter
 .text.Encoder_L_Timer_ReadCounter
                0x000006c4       0x14 .\CortexM3\ARM_GCC_541\Debug\Robot_PSoC_test.a(Encoder_L_Timer.o)
                0x000006c4                Encoder_L_Timer_ReadCounter
 .text.Encoder_L_Timer_SetCaptureMode
                0x000006d8       0x1c .\CortexM3\ARM_GCC_541\Debug\Robot_PSoC_test.a(Encoder_L_Timer.o)
                0x000006d8                Encoder_L_Timer_SetCaptureMode
 .text.Encoder_L_Timer_SetTriggerMode
                0x000006f4       0x20 .\CortexM3\ARM_GCC_541\Debug\Robot_PSoC_test.a(Encoder_L_Timer.o)
                0x000006f4                Encoder_L_Timer_SetTriggerMode
 .text.Encoder_L_Timer_EnableTrigger
                0x00000714       0x10 .\CortexM3\ARM_GCC_541\Debug\Robot_PSoC_test.a(Encoder_L_Timer.o)
                0x00000714                Encoder_L_Timer_EnableTrigger
 .text.Encoder_L_Timer_ClearFIFO
                0x00000724       0x14 .\CortexM3\ARM_GCC_541\Debug\Robot_PSoC_test.a(Encoder_L_Timer.o)
                0x00000724                Encoder_L_Timer_ClearFIFO
 .text.Encoder_L_Timer_Init
                0x00000738       0x54 .\CortexM3\ARM_GCC_541\Debug\Robot_PSoC_test.a(Encoder_L_Timer.o)
                0x00000738                Encoder_L_Timer_Init
 .text.Encoder_L_Timer_Start
                0x0000078c       0x1c .\CortexM3\ARM_GCC_541\Debug\Robot_PSoC_test.a(Encoder_L_Timer.o)
                0x0000078c                Encoder_L_Timer_Start
 .text.ENCODER_R_OVF_ISR_SetVector
                0x000007a8        0xc .\CortexM3\ARM_GCC_541\Debug\Robot_PSoC_test.a(ENCODER_R_OVF_ISR.o)
                0x000007a8                ENCODER_R_OVF_ISR_SetVector
 .text.ENCODER_R_OVF_ISR_SetPriority
                0x000007b4       0x10 .\CortexM3\ARM_GCC_541\Debug\Robot_PSoC_test.a(ENCODER_R_OVF_ISR.o)
                0x000007b4                ENCODER_R_OVF_ISR_SetPriority
 .text.ENCODER_R_OVF_ISR_Enable
                0x000007c4        0xc .\CortexM3\ARM_GCC_541\Debug\Robot_PSoC_test.a(ENCODER_R_OVF_ISR.o)
                0x000007c4                ENCODER_R_OVF_ISR_Enable
 .text.ENCODER_R_OVF_ISR_Disable
                0x000007d0        0xc .\CortexM3\ARM_GCC_541\Debug\Robot_PSoC_test.a(ENCODER_R_OVF_ISR.o)
                0x000007d0                ENCODER_R_OVF_ISR_Disable
 .text.ENCODER_R_OVF_ISR_StartEx
                0x000007dc       0x1c .\CortexM3\ARM_GCC_541\Debug\Robot_PSoC_test.a(ENCODER_R_OVF_ISR.o)
                0x000007dc                ENCODER_R_OVF_ISR_StartEx
 .text.ENCODER_TMR_RESET_Write
                0x000007f8        0xc .\CortexM3\ARM_GCC_541\Debug\Robot_PSoC_test.a(ENCODER_TMR_RESET.o)
                0x000007f8                ENCODER_TMR_RESET_Write
 .text.Encoder_R_Timer_Enable
                0x00000804       0x10 .\CortexM3\ARM_GCC_541\Debug\Robot_PSoC_test.a(Encoder_R_Timer.o)
                0x00000804                Encoder_R_Timer_Enable
 .text.Encoder_R_Timer_Stop
                0x00000814       0x10 .\CortexM3\ARM_GCC_541\Debug\Robot_PSoC_test.a(Encoder_R_Timer.o)
                0x00000814                Encoder_R_Timer_Stop
 .text.Encoder_R_Timer_SetInterruptMode
                0x00000824        0xc .\CortexM3\ARM_GCC_541\Debug\Robot_PSoC_test.a(Encoder_R_Timer.o)
                0x00000824                Encoder_R_Timer_SetInterruptMode
 .text.Encoder_R_Timer_ReadStatusRegister
                0x00000830        0xc .\CortexM3\ARM_GCC_541\Debug\Robot_PSoC_test.a(Encoder_R_Timer.o)
                0x00000830                Encoder_R_Timer_ReadStatusRegister
 .text.Encoder_R_Timer_WritePeriod
                0x0000083c        0xc .\CortexM3\ARM_GCC_541\Debug\Robot_PSoC_test.a(Encoder_R_Timer.o)
                0x0000083c                Encoder_R_Timer_WritePeriod
 .text.Encoder_R_Timer_ReadCapture
                0x00000848        0xc .\CortexM3\ARM_GCC_541\Debug\Robot_PSoC_test.a(Encoder_R_Timer.o)
                0x00000848                Encoder_R_Timer_ReadCapture
 .text.Encoder_R_Timer_WriteCounter
                0x00000854        0xc .\CortexM3\ARM_GCC_541\Debug\Robot_PSoC_test.a(Encoder_R_Timer.o)
                0x00000854                Encoder_R_Timer_WriteCounter
 .text.Encoder_R_Timer_ReadCounter
                0x00000860       0x14 .\CortexM3\ARM_GCC_541\Debug\Robot_PSoC_test.a(Encoder_R_Timer.o)
                0x00000860                Encoder_R_Timer_ReadCounter
 .text.Encoder_R_Timer_SetCaptureMode
                0x00000874       0x1c .\CortexM3\ARM_GCC_541\Debug\Robot_PSoC_test.a(Encoder_R_Timer.o)
                0x00000874                Encoder_R_Timer_SetCaptureMode
 .text.Encoder_R_Timer_SetTriggerMode
                0x00000890       0x20 .\CortexM3\ARM_GCC_541\Debug\Robot_PSoC_test.a(Encoder_R_Timer.o)
                0x00000890                Encoder_R_Timer_SetTriggerMode
 .text.Encoder_R_Timer_EnableTrigger
                0x000008b0       0x10 .\CortexM3\ARM_GCC_541\Debug\Robot_PSoC_test.a(Encoder_R_Timer.o)
                0x000008b0                Encoder_R_Timer_EnableTrigger
 .text.Encoder_R_Timer_ClearFIFO
                0x000008c0       0x14 .\CortexM3\ARM_GCC_541\Debug\Robot_PSoC_test.a(Encoder_R_Timer.o)
                0x000008c0                Encoder_R_Timer_ClearFIFO
 .text.Encoder_R_Timer_Init
                0x000008d4       0x54 .\CortexM3\ARM_GCC_541\Debug\Robot_PSoC_test.a(Encoder_R_Timer.o)
                0x000008d4                Encoder_R_Timer_Init
 .text.Encoder_R_Timer_Start
                0x00000928       0x1c .\CortexM3\ARM_GCC_541\Debug\Robot_PSoC_test.a(Encoder_R_Timer.o)
                0x00000928                Encoder_R_Timer_Start
 .text.ENCODER_L_OVF_ISR_SetVector
                0x00000944        0xc .\CortexM3\ARM_GCC_541\Debug\Robot_PSoC_test.a(ENCODER_L_OVF_ISR.o)
                0x00000944                ENCODER_L_OVF_ISR_SetVector
 .text.ENCODER_L_OVF_ISR_SetPriority
                0x00000950       0x10 .\CortexM3\ARM_GCC_541\Debug\Robot_PSoC_test.a(ENCODER_L_OVF_ISR.o)
                0x00000950                ENCODER_L_OVF_ISR_SetPriority
 .text.ENCODER_L_OVF_ISR_Enable
                0x00000960        0xc .\CortexM3\ARM_GCC_541\Debug\Robot_PSoC_test.a(ENCODER_L_OVF_ISR.o)
                0x00000960                ENCODER_L_OVF_ISR_Enable
 .text.ENCODER_L_OVF_ISR_Disable
                0x0000096c        0xc .\CortexM3\ARM_GCC_541\Debug\Robot_PSoC_test.a(ENCODER_L_OVF_ISR.o)
                0x0000096c                ENCODER_L_OVF_ISR_Disable
 .text.ENCODER_L_OVF_ISR_StartEx
                0x00000978       0x1c .\CortexM3\ARM_GCC_541\Debug\Robot_PSoC_test.a(ENCODER_L_OVF_ISR.o)
                0x00000978                ENCODER_L_OVF_ISR_StartEx
 .text.tx_isr_SetVector
                0x00000994        0xc .\CortexM3\ARM_GCC_541\Debug\Robot_PSoC_test.a(tx_isr.o)
                0x00000994                tx_isr_SetVector
 .text.tx_isr_SetPriority
                0x000009a0       0x10 .\CortexM3\ARM_GCC_541\Debug\Robot_PSoC_test.a(tx_isr.o)
                0x000009a0                tx_isr_SetPriority
 .text.tx_isr_Enable
                0x000009b0        0xc .\CortexM3\ARM_GCC_541\Debug\Robot_PSoC_test.a(tx_isr.o)
                0x000009b0                tx_isr_Enable
 .text.tx_isr_Disable
                0x000009bc        0xc .\CortexM3\ARM_GCC_541\Debug\Robot_PSoC_test.a(tx_isr.o)
                0x000009bc                tx_isr_Disable
 .text.tx_isr_StartEx
                0x000009c8       0x1c .\CortexM3\ARM_GCC_541\Debug\Robot_PSoC_test.a(tx_isr.o)
                0x000009c8                tx_isr_StartEx
 .text.rx_isr_SetVector
                0x000009e4        0xc .\CortexM3\ARM_GCC_541\Debug\Robot_PSoC_test.a(rx_isr.o)
                0x000009e4                rx_isr_SetVector
 .text.rx_isr_SetPriority
                0x000009f0       0x10 .\CortexM3\ARM_GCC_541\Debug\Robot_PSoC_test.a(rx_isr.o)
                0x000009f0                rx_isr_SetPriority
 .text.rx_isr_Enable
                0x00000a00        0xc .\CortexM3\ARM_GCC_541\Debug\Robot_PSoC_test.a(rx_isr.o)
                0x00000a00                rx_isr_Enable
 .text.rx_isr_Disable
                0x00000a0c        0xc .\CortexM3\ARM_GCC_541\Debug\Robot_PSoC_test.a(rx_isr.o)
                0x00000a0c                rx_isr_Disable
 .text.rx_isr_StartEx
                0x00000a18       0x1c .\CortexM3\ARM_GCC_541\Debug\Robot_PSoC_test.a(rx_isr.o)
                0x00000a18                rx_isr_StartEx
 .text.ENC_L_ISR_SetVector
                0x00000a34        0xc .\CortexM3\ARM_GCC_541\Debug\Robot_PSoC_test.a(ENC_L_ISR.o)
                0x00000a34                ENC_L_ISR_SetVector
 .text.ENC_L_ISR_SetPriority
                0x00000a40       0x10 .\CortexM3\ARM_GCC_541\Debug\Robot_PSoC_test.a(ENC_L_ISR.o)
                0x00000a40                ENC_L_ISR_SetPriority
 .text.ENC_L_ISR_Enable
                0x00000a50       0x10 .\CortexM3\ARM_GCC_541\Debug\Robot_PSoC_test.a(ENC_L_ISR.o)
                0x00000a50                ENC_L_ISR_Enable
 .text.ENC_L_ISR_Disable
                0x00000a60       0x10 .\CortexM3\ARM_GCC_541\Debug\Robot_PSoC_test.a(ENC_L_ISR.o)
                0x00000a60                ENC_L_ISR_Disable
 .text.ENC_L_ISR_StartEx
                0x00000a70       0x1c .\CortexM3\ARM_GCC_541\Debug\Robot_PSoC_test.a(ENC_L_ISR.o)
                0x00000a70                ENC_L_ISR_StartEx
 .text.ENC_R_ISR_SetVector
                0x00000a8c        0xc .\CortexM3\ARM_GCC_541\Debug\Robot_PSoC_test.a(ENC_R_ISR.o)
                0x00000a8c                ENC_R_ISR_SetVector
 .text.ENC_R_ISR_SetPriority
                0x00000a98       0x10 .\CortexM3\ARM_GCC_541\Debug\Robot_PSoC_test.a(ENC_R_ISR.o)
                0x00000a98                ENC_R_ISR_SetPriority
 .text.ENC_R_ISR_Enable
                0x00000aa8        0xc .\CortexM3\ARM_GCC_541\Debug\Robot_PSoC_test.a(ENC_R_ISR.o)
                0x00000aa8                ENC_R_ISR_Enable
 .text.ENC_R_ISR_Disable
                0x00000ab4        0xc .\CortexM3\ARM_GCC_541\Debug\Robot_PSoC_test.a(ENC_R_ISR.o)
                0x00000ab4                ENC_R_ISR_Disable
 .text.ENC_R_ISR_StartEx
                0x00000ac0       0x1c .\CortexM3\ARM_GCC_541\Debug\Robot_PSoC_test.a(ENC_R_ISR.o)
                0x00000ac0                ENC_R_ISR_StartEx
 .text.ROBOT_ID_REG_Read
                0x00000adc        0xc .\CortexM3\ARM_GCC_541\Debug\Robot_PSoC_test.a(ROBOT_ID_REG.o)
                0x00000adc                ROBOT_ID_REG_Read
 .text.UART_Init
                0x00000ae8       0x60 .\CortexM3\ARM_GCC_541\Debug\Robot_PSoC_test.a(UART.o)
                0x00000ae8                UART_Init
 .text.UART_Enable
                0x00000b48       0x54 .\CortexM3\ARM_GCC_541\Debug\Robot_PSoC_test.a(UART.o)
                0x00000b48                UART_Enable
 .text.UART_Start
                0x00000b9c       0x1c .\CortexM3\ARM_GCC_541\Debug\Robot_PSoC_test.a(UART.o)
                0x00000b9c                UART_Start
 .text.UART_ReadRxStatus
                0x00000bb8       0x28 .\CortexM3\ARM_GCC_541\Debug\Robot_PSoC_test.a(UART.o)
                0x00000bb8                UART_ReadRxStatus
 .text.UART_GetChar
                0x00000be0       0x80 .\CortexM3\ARM_GCC_541\Debug\Robot_PSoC_test.a(UART.o)
                0x00000be0                UART_GetChar
 .text.UART_RXISR
                0x00000c60       0x98 .\CortexM3\ARM_GCC_541\Debug\Robot_PSoC_test.a(UART_INT.o)
                0x00000c60                UART_RXISR
 .text.UART_TXISR
                0x00000cf8       0x58 .\CortexM3\ARM_GCC_541\Debug\Robot_PSoC_test.a(UART_INT.o)
                0x00000cf8                UART_TXISR
 .text.UART_IntClock_Start
                0x00000d50       0x1c .\CortexM3\ARM_GCC_541\Debug\Robot_PSoC_test.a(UART_IntClock.o)
                0x00000d50                UART_IntClock_Start
 *fill*         0x00000d6c        0x4 
 .text          0x00000d70       0x20 .\CortexM3\ARM_GCC_541\Debug\Robot_PSoC_test.a(CyBootAsmGnu.o)
                0x00000d70                CyDelayCycles
                0x00000d80                CyEnterCriticalSection
                0x00000d88                CyExitCriticalSection
 .text.__errno  0x00000d90        0xc c:/program files (x86)/cypress/psoc creator/4.2/psoc creator/import/gnu/arm/5.4.1/bin/../lib/gcc/arm-none-eabi/5.4.1/../../../../arm-none-eabi/lib/armv7-m\libg_nano.a(lib_a-errno.o)
                0x00000d90                __errno
 .text.__libc_init_array
                0x00000d9c       0x4c c:/program files (x86)/cypress/psoc creator/4.2/psoc creator/import/gnu/arm/5.4.1/bin/../lib/gcc/arm-none-eabi/5.4.1/../../../../arm-none-eabi/lib/armv7-m\libg_nano.a(lib_a-init.o)
                0x00000d9c                __libc_init_array
 .text.memcpy   0x00000de8       0x16 c:/program files (x86)/cypress/psoc creator/4.2/psoc creator/import/gnu/arm/5.4.1/bin/../lib/gcc/arm-none-eabi/5.4.1/../../../../arm-none-eabi/lib/armv7-m\libg_nano.a(lib_a-memcpy-stub.o)
                0x00000de8                memcpy
 .text.memset   0x00000dfe       0x10 c:/program files (x86)/cypress/psoc creator/4.2/psoc creator/import/gnu/arm/5.4.1/bin/../lib/gcc/arm-none-eabi/5.4.1/../../../../arm-none-eabi/lib/armv7-m\libg_nano.a(lib_a-memset.o)
                0x00000dfe                memset
 *(.plt)
 *(.gnu.warning)
 *(.glue_7t)
 .glue_7t       0x00000e0e        0x0 linker stubs
 *(.glue_7)
 .glue_7        0x00000e0e        0x0 linker stubs
 *(.vfp11_veneer)
 .vfp11_veneer  0x00000e0e        0x0 linker stubs
 *(.bootloader)
 *(.ARM.extab* .gnu.linkonce.armextab.*)
 *(.gcc_except_table)

.v4_bx          0x00000e10        0x0
 .v4_bx         0x00000e10        0x0 linker stubs

.iplt           0x00000e10        0x0
 .iplt          0x00000e10        0x0 c:/program files (x86)/cypress/psoc creator/4.2/psoc creator/import/gnu/arm/5.4.1/bin/../lib/gcc/arm-none-eabi/5.4.1/armv7-m/crtbegin.o

.eh_frame_hdr
 *(.eh_frame_hdr)

.eh_frame       0x00000e10        0x4
 *(.eh_frame)
 .eh_frame      0x00000e10        0x0 c:/program files (x86)/cypress/psoc creator/4.2/psoc creator/import/gnu/arm/5.4.1/bin/../lib/gcc/arm-none-eabi/5.4.1/armv7-m/crtbegin.o
 .eh_frame      0x00000e10        0x4 c:/program files (x86)/cypress/psoc creator/4.2/psoc creator/import/gnu/arm/5.4.1/bin/../lib/gcc/arm-none-eabi/5.4.1/armv7-m/crtend.o
                [!provide]                PROVIDE (__exidx_start, .)

.ARM.exidx
 *(.ARM.exidx* .gnu.linkonce.armexidx.*)
                0x00000e14                __exidx_end = .

.rodata         0x00000e14       0x84
 *(.rodata .rodata.* .gnu.linkonce.r.*)
 .rodata        0x00000e14       0x4c .\CortexM3\ARM_GCC_541\Debug\cyfitter_cfg.o
 .rodata.str1.1
                0x00000e60        0x2 c:/program files (x86)/cypress/psoc creator/4.2/psoc creator/import/gnu/arm/5.4.1/bin/../lib/gcc/arm-none-eabi/5.4.1/../../../../arm-none-eabi/lib/armv7-m\libg_nano.a(lib_a-impure.o)
                0x00000e64                . = ALIGN (0x4)
 *fill*         0x00000e62        0x2 
 *(.init)
 .init          0x00000e64        0x4 c:/program files (x86)/cypress/psoc creator/4.2/psoc creator/import/gnu/arm/5.4.1/bin/../lib/gcc/arm-none-eabi/5.4.1/armv7-m/crti.o
                0x00000e64                _init
 .init          0x00000e68        0x8 c:/program files (x86)/cypress/psoc creator/4.2/psoc creator/import/gnu/arm/5.4.1/bin/../lib/gcc/arm-none-eabi/5.4.1/armv7-m/crtn.o
                0x00000e70                . = ALIGN (0x4)
                0x00000e70                __preinit_array_start = .
 *(.preinit_array)
                0x00000e70                __preinit_array_end = .
                0x00000e70                . = ALIGN (0x4)
                0x00000e70                __init_array_start = .
 *(SORT(.init_array.*))
 *(.init_array)
 .init_array    0x00000e70        0x4 c:/program files (x86)/cypress/psoc creator/4.2/psoc creator/import/gnu/arm/5.4.1/bin/../lib/gcc/arm-none-eabi/5.4.1/armv7-m/crtbegin.o
 .init_array    0x00000e74        0x4 .\CortexM3\ARM_GCC_541\Debug\Cm3Start.o
                0x00000e78                __init_array_end = .
                0x00000e78                . = ALIGN (0x4)
 *(.fini)
 .fini          0x00000e78        0x4 c:/program files (x86)/cypress/psoc creator/4.2/psoc creator/import/gnu/arm/5.4.1/bin/../lib/gcc/arm-none-eabi/5.4.1/armv7-m/crti.o
                0x00000e78                _fini
 .fini          0x00000e7c        0x8 c:/program files (x86)/cypress/psoc creator/4.2/psoc creator/import/gnu/arm/5.4.1/bin/../lib/gcc/arm-none-eabi/5.4.1/armv7-m/crtn.o
                0x00000e84                . = ALIGN (0x4)
                0x00000e84                __fini_array_start = .
 *(.fini_array)
 .fini_array    0x00000e84        0x4 c:/program files (x86)/cypress/psoc creator/4.2/psoc creator/import/gnu/arm/5.4.1/bin/../lib/gcc/arm-none-eabi/5.4.1/armv7-m/crtbegin.o
 *(SORT(.fini_array.*))
                0x00000e88                __fini_array_end = .
                0x00000e88                . = ALIGN (0x4)
 *crtbegin.o(.ctors)
 *(EXCLUDE_FILE(*crtend.o) .ctors)
 *(SORT(.ctors.*))
 *crtend.o(.ctors)
                0x00000e88                . = ALIGN (0x4)
 *crtbegin.o(.dtors)
 *(EXCLUDE_FILE(*crtend.o) .dtors)
 *(SORT(.dtors.*))
 *crtend.o(.dtors)
                0x00000e88                . = ALIGN (0x4)
                0x00000e88                __cy_regions = .
                0x00000e88        0x4 LONG 0xe98 __cy_region_init_ram
                0x00000e8c        0x4 LONG 0x1fff80c8 __cy_region_start_data
                0x00000e90        0x4 LONG 0x68 __cy_region_init_size_ram
                0x00000e94        0x4 LONG 0xe8 __cy_region_zero_size_ram
                0x00000e98                __cy_regions_end = .
                0x00000e98                . = ALIGN (0x8)
                0x00000e98                _etext = .

.cy_checksum_exclude
                0x00000e98        0x0
 *(.cy_checksum_exclude)

.ramvectors     0x1fff8000       0xc0
                0x1fff8000                __cy_region_start_ram = .
 *(.ramvectors)
 .ramvectors    0x1fff8000       0xc0 .\CortexM3\ARM_GCC_541\Debug\Cm3Start.o
                0x1fff8000                CyRamVectors

.noinit         0x1fff80c0        0x1
 *(.noinit)
 .noinit        0x1fff80c0        0x1 .\CortexM3\ARM_GCC_541\Debug\Robot_PSoC_test.a(CyLib.o)
                0x1fff80c0                CyResetStatus

.data           0x1fff80c8       0x68 load address 0x00000e98
                0x1fff80c8                __cy_region_start_data = .
 *(.jcr)
 .jcr           0x1fff80c8        0x0 c:/program files (x86)/cypress/psoc creator/4.2/psoc creator/import/gnu/arm/5.4.1/bin/../lib/gcc/arm-none-eabi/5.4.1/armv7-m/crtbegin.o
 .jcr           0x1fff80c8        0x4 c:/program files (x86)/cypress/psoc creator/4.2/psoc creator/import/gnu/arm/5.4.1/bin/../lib/gcc/arm-none-eabi/5.4.1/armv7-m/crtend.o
 *(.got.plt)
 *(.got)
 *(.shdata)
 *(.data .data.* .gnu.linkonce.d.*)
 .data.impure_data
                0x1fff80cc       0x60 c:/program files (x86)/cypress/psoc creator/4.2/psoc creator/import/gnu/arm/5.4.1/bin/../lib/gcc/arm-none-eabi/5.4.1/../../../../arm-none-eabi/lib/armv7-m\libg_nano.a(lib_a-impure.o)
 .data._impure_ptr
                0x1fff812c        0x4 c:/program files (x86)/cypress/psoc creator/4.2/psoc creator/import/gnu/arm/5.4.1/bin/../lib/gcc/arm-none-eabi/5.4.1/../../../../arm-none-eabi/lib/armv7-m\libg_nano.a(lib_a-impure.o)
                0x1fff812c                _impure_ptr
                0x1fff8130                . = ALIGN (0x8)
 *(.ram)
                0x1fff8130                _edata = .

.igot.plt       0x1fff8130        0x0 load address 0x00000f00
 .igot.plt      0x1fff8130        0x0 c:/program files (x86)/cypress/psoc creator/4.2/psoc creator/import/gnu/arm/5.4.1/bin/../lib/gcc/arm-none-eabi/5.4.1/armv7-m/crtbegin.o

.bss            0x1fff8130       0xe8 load address 0x00000f00
                0x1fff8130                PROVIDE (__bss_start__, .)
 *(.shbss)
 *(.bss .bss.* .gnu.linkonce.b.*)
 .bss           0x1fff8130       0x1c c:/program files (x86)/cypress/psoc creator/4.2/psoc creator/import/gnu/arm/5.4.1/bin/../lib/gcc/arm-none-eabi/5.4.1/armv7-m/crtbegin.o
 .bss           0x1fff814c       0x4c .\CortexM3\ARM_GCC_541\Debug\main.o
                0x1fff814c                timerR_index
                0x1fff8150                timerR_overflows
                0x1fff8155                timerL_index
                0x1fff8158                timerL_overflows
                0x1fff815d                timerR_on
                0x1fff8160                timerR_count
                0x1fff816a                timerL_on
                0x1fff816c                timerL_count
                0x1fff8176                rx_buffer_size
                0x1fff8178                buffer_1
                0x1fff8188                buffer_2
 .bss           0x1fff8198        0x1 .\CortexM3\ARM_GCC_541\Debug\Robot_PSoC_test.a(Encoder_L_Timer.o)
                0x1fff8198                Encoder_L_Timer_initVar
 .bss           0x1fff8199        0x1 .\CortexM3\ARM_GCC_541\Debug\Robot_PSoC_test.a(Encoder_R_Timer.o)
                0x1fff8199                Encoder_R_Timer_initVar
 .bss           0x1fff819a        0x9 .\CortexM3\ARM_GCC_541\Debug\Robot_PSoC_test.a(UART.o)
                0x1fff819a                UART_errorStatus
                0x1fff819b                UART_initVar
                0x1fff819c                UART_rxBufferRead
                0x1fff819d                UART_rxBufferWrite
                0x1fff819e                UART_rxBufferLoopDetect
                0x1fff819f                UART_rxBufferOverflow
                0x1fff81a0                UART_txBufferRead
                0x1fff81a1                UART_txBufferWrite
 *(COMMON)
 *fill*         0x1fff81a3        0x5 
 COMMON         0x1fff81a8       0x58 .\CortexM3\ARM_GCC_541\Debug\main.o
                0x1fff81a8                processing_buffer_ptr
                0x1fff81ac                receiving_buffer_ptr
                0x1fff81b0                pid_angv
                0x1fff81d8                pid_linv
 COMMON         0x1fff8200       0x11 .\CortexM3\ARM_GCC_541\Debug\Robot_PSoC_test.a(UART.o)
                0x1fff8200                UART_rxBuffer
                0x1fff820c                UART_txBuffer
                0x1fff8218                . = ALIGN (0x8)
 *fill*         0x1fff8211        0x7 
 *(.ram.b)
                0x1fff8218                _end = .
                0x1fff8218                __end = .
                0x1fff8218                PROVIDE (end, .)
                0x1fff8218                PROVIDE (__bss_end__, .)
                0x00000e98                __cy_region_init_ram = LOADADDR (.data)
                0x00000068                __cy_region_init_size_ram = (_edata - ADDR (.data))
                0x000000e8                __cy_region_zero_size_ram = (_end - _edata)

.heap           0x1fff8218       0x80 load address 0x00000f00
                0x1fff8218                . = _end
                0x1fff8298                . = (. + 0x80)
 *fill*         0x1fff8218       0x80 
                0x1fff8298                __cy_heap_limit = .

.stack          0x20007800      0x800
                0x20007800                __cy_stack_limit = .
                0x20008000                . = (. + 0x800)
 *fill*         0x20007800      0x800 
                0x00000001                ASSERT ((__cy_stack_limit >= __cy_heap_limit), region RAM overflowed with stack)
                0x00000000                cy_checksum_exclude_size = (CY_APPL_LOADABLE == 0x1)?SIZEOF (.cy_checksum_exclude):0x0
                0x00000001                ASSERT ((cy_checksum_exclude_size <= CY_CHECKSUM_EXCLUDE_SIZE), CY_BOOT: Section .cy_checksum_exclude size exceedes specified limit.)

.cyloadermeta
 *(.cyloadermeta)

.cyloadablemeta
 *(.cyloadablemeta)

.cyconfigecc    0x80000000      0x874
 *(.cyconfigecc)
 .cyconfigecc   0x80000000      0x874 .\CortexM3\ARM_GCC_541\Debug\cymetadata.o
                0x80000000                cy_meta_configecc

.cycustnvl      0x90000000        0x4
 *(.cycustnvl)
 .cycustnvl     0x90000000        0x4 .\CortexM3\ARM_GCC_541\Debug\cymetadata.o
                0x90000000                cy_meta_custnvl

.cywolatch      0x90100000        0x4
 *(.cywolatch)
 .cywolatch     0x90100000        0x4 .\CortexM3\ARM_GCC_541\Debug\cymetadata.o
                0x90100000                cy_meta_wonvl

.cyeeprom       0x90200000        0x0
 *(.cyeeprom)
                0x00000001                ASSERT ((. <= ((0x90200000 + ee_offset) + ee_size)), .cyeeprom data will not fit in EEPROM)

.cyflashprotect
                0x90400000      0x100
 *(.cyflashprotect)
 .cyflashprotect
                0x90400000      0x100 .\CortexM3\ARM_GCC_541\Debug\cymetadata.o
                0x90400000                cy_meta_flashprotect

.cymeta         0x90500000        0xc
 *(.cymeta)
 .cymeta        0x90500000        0xc .\CortexM3\ARM_GCC_541\Debug\cymetadata.o
                0x90500000                cy_metadata

.rel.dyn        0x00000f00        0x0 load address 0x9050000c
 .rel.iplt      0x00000f00        0x0 c:/program files (x86)/cypress/psoc creator/4.2/psoc creator/import/gnu/arm/5.4.1/bin/../lib/gcc/arm-none-eabi/5.4.1/armv7-m/crtbegin.o

.stab
 *(.stab)

.stabstr
 *(.stabstr)

.debug
 *(.debug)

.line
 *(.line)

.debug_srcinfo
 *(.debug_srcinfo)

.debug_sfnames
 *(.debug_sfnames)

.debug_aranges  0x00000000      0xdd0
 *(.debug_aranges)
 .debug_aranges
                0x00000000       0x50 .\CortexM3\ARM_GCC_541\Debug\main.o
 .debug_aranges
                0x00000050       0x58 .\CortexM3\ARM_GCC_541\Debug\robotmove.o
 .debug_aranges
                0x000000a8       0x58 .\CortexM3\ARM_GCC_541\Debug\encoder.o
 .debug_aranges
                0x00000100       0x20 .\CortexM3\ARM_GCC_541\Debug\robot_ID.o
 .debug_aranges
                0x00000120       0x58 .\CortexM3\ARM_GCC_541\Debug\cyfitter_cfg.o
 .debug_aranges
                0x00000178       0x18 .\CortexM3\ARM_GCC_541\Debug\cymetadata.o
 .debug_aranges
                0x00000190       0x48 .\CortexM3\ARM_GCC_541\Debug\Cm3Start.o
 .debug_aranges
                0x000001d8      0x2a0 .\CortexM3\ARM_GCC_541\Debug\Robot_PSoC_test.a(CyLib.o)
 .debug_aranges
                0x00000478       0x98 .\CortexM3\ARM_GCC_541\Debug\Robot_PSoC_test.a(cyPm.o)
 .debug_aranges
                0x00000510       0x28 .\CortexM3\ARM_GCC_541\Debug\Robot_PSoC_test.a(PWM_RESET.o)
 .debug_aranges
                0x00000538       0x90 .\CortexM3\ARM_GCC_541\Debug\Robot_PSoC_test.a(PWM_L.o)
 .debug_aranges
                0x000005c8       0x90 .\CortexM3\ARM_GCC_541\Debug\Robot_PSoC_test.a(PWM_R.o)
 .debug_aranges
                0x00000658       0xb0 .\CortexM3\ARM_GCC_541\Debug\Robot_PSoC_test.a(Encoder_L_Timer.o)
 .debug_aranges
                0x00000708       0x80 .\CortexM3\ARM_GCC_541\Debug\Robot_PSoC_test.a(ENCODER_R_OVF_ISR.o)
 .debug_aranges
                0x00000788       0x28 .\CortexM3\ARM_GCC_541\Debug\Robot_PSoC_test.a(ENCODER_TMR_RESET.o)
 .debug_aranges
                0x000007b0       0xb0 .\CortexM3\ARM_GCC_541\Debug\Robot_PSoC_test.a(Encoder_R_Timer.o)
 .debug_aranges
                0x00000860       0x80 .\CortexM3\ARM_GCC_541\Debug\Robot_PSoC_test.a(ENCODER_L_OVF_ISR.o)
 .debug_aranges
                0x000008e0       0x80 .\CortexM3\ARM_GCC_541\Debug\Robot_PSoC_test.a(tx_isr.o)
 .debug_aranges
                0x00000960       0x80 .\CortexM3\ARM_GCC_541\Debug\Robot_PSoC_test.a(rx_isr.o)
 .debug_aranges
                0x000009e0       0x80 .\CortexM3\ARM_GCC_541\Debug\Robot_PSoC_test.a(ENC_L_ISR.o)
 .debug_aranges
                0x00000a60       0x80 .\CortexM3\ARM_GCC_541\Debug\Robot_PSoC_test.a(ENC_R_ISR.o)
 .debug_aranges
                0x00000ae0       0x40 .\CortexM3\ARM_GCC_541\Debug\Robot_PSoC_test.a(ROBOT_ID_REG.o)
 .debug_aranges
                0x00000b20       0xf0 .\CortexM3\ARM_GCC_541\Debug\Robot_PSoC_test.a(UART.o)
 .debug_aranges
                0x00000c10       0x28 .\CortexM3\ARM_GCC_541\Debug\Robot_PSoC_test.a(UART_INT.o)
 .debug_aranges
                0x00000c38       0x70 .\CortexM3\ARM_GCC_541\Debug\Robot_PSoC_test.a(UART_IntClock.o)
 .debug_aranges
                0x00000ca8       0x20 .\CortexM3\ARM_GCC_541\Debug\Robot_PSoC_test.a(CyBootAsmGnu.o)
 .debug_aranges
                0x00000cc8       0x88 .\CortexM3\ARM_GCC_541\Debug\Robot_PSoC_test.a(CyFlash.o)
 .debug_aranges
                0x00000d50       0x80 .\CortexM3\ARM_GCC_541\Debug\Robot_PSoC_test.a(CySpc.o)

.debug_pubnames
 *(.debug_pubnames)

.debug_info     0x00000000     0x7207
 *(.debug_info .gnu.linkonce.wi.*)
 .debug_info    0x00000000      0x5e9 .\CortexM3\ARM_GCC_541\Debug\main.o
 .debug_info    0x000005e9      0x611 .\CortexM3\ARM_GCC_541\Debug\robotmove.o
 .debug_info    0x00000bfa      0x341 .\CortexM3\ARM_GCC_541\Debug\encoder.o
 .debug_info    0x00000f3b      0x109 .\CortexM3\ARM_GCC_541\Debug\robot_ID.o
 .debug_info    0x00001044      0x603 .\CortexM3\ARM_GCC_541\Debug\cyfitter_cfg.o
 .debug_info    0x00001647      0x139 .\CortexM3\ARM_GCC_541\Debug\cymetadata.o
 .debug_info    0x00001780      0x3bb .\CortexM3\ARM_GCC_541\Debug\Cm3Start.o
 .debug_info    0x00001b3b     0x1374 .\CortexM3\ARM_GCC_541\Debug\Robot_PSoC_test.a(CyLib.o)
 .debug_info    0x00002eaf      0xa2a .\CortexM3\ARM_GCC_541\Debug\Robot_PSoC_test.a(cyPm.o)
 .debug_info    0x000038d9       0xd6 .\CortexM3\ARM_GCC_541\Debug\Robot_PSoC_test.a(PWM_RESET.o)
 .debug_info    0x000039af      0x2c8 .\CortexM3\ARM_GCC_541\Debug\Robot_PSoC_test.a(PWM_L.o)
 .debug_info    0x00003c77      0x2c8 .\CortexM3\ARM_GCC_541\Debug\Robot_PSoC_test.a(PWM_R.o)
 .debug_info    0x00003f3f      0x390 .\CortexM3\ARM_GCC_541\Debug\Robot_PSoC_test.a(Encoder_L_Timer.o)
 .debug_info    0x000042cf      0x2d2 .\CortexM3\ARM_GCC_541\Debug\Robot_PSoC_test.a(ENCODER_R_OVF_ISR.o)
 .debug_info    0x000045a1       0xd6 .\CortexM3\ARM_GCC_541\Debug\Robot_PSoC_test.a(ENCODER_TMR_RESET.o)
 .debug_info    0x00004677      0x390 .\CortexM3\ARM_GCC_541\Debug\Robot_PSoC_test.a(Encoder_R_Timer.o)
 .debug_info    0x00004a07      0x2d2 .\CortexM3\ARM_GCC_541\Debug\Robot_PSoC_test.a(ENCODER_L_OVF_ISR.o)
 .debug_info    0x00004cd9      0x2d2 .\CortexM3\ARM_GCC_541\Debug\Robot_PSoC_test.a(tx_isr.o)
 .debug_info    0x00004fab      0x2d2 .\CortexM3\ARM_GCC_541\Debug\Robot_PSoC_test.a(rx_isr.o)
 .debug_info    0x0000527d      0x2d2 .\CortexM3\ARM_GCC_541\Debug\Robot_PSoC_test.a(ENC_L_ISR.o)
 .debug_info    0x0000554f      0x2d2 .\CortexM3\ARM_GCC_541\Debug\Robot_PSoC_test.a(ENC_R_ISR.o)
 .debug_info    0x00005821      0x17f .\CortexM3\ARM_GCC_541\Debug\Robot_PSoC_test.a(ROBOT_ID_REG.o)
 .debug_info    0x000059a0      0x7be .\CortexM3\ARM_GCC_541\Debug\Robot_PSoC_test.a(UART.o)
 .debug_info    0x0000615e      0x196 .\CortexM3\ARM_GCC_541\Debug\Robot_PSoC_test.a(UART_INT.o)
 .debug_info    0x000062f4      0x283 .\CortexM3\ARM_GCC_541\Debug\Robot_PSoC_test.a(UART_IntClock.o)
 .debug_info    0x00006577       0xf3 .\CortexM3\ARM_GCC_541\Debug\Robot_PSoC_test.a(CyBootAsmGnu.o)
 .debug_info    0x0000666a      0x64d .\CortexM3\ARM_GCC_541\Debug\Robot_PSoC_test.a(CyFlash.o)
 .debug_info    0x00006cb7      0x550 .\CortexM3\ARM_GCC_541\Debug\Robot_PSoC_test.a(CySpc.o)

.debug_abbrev   0x00000000     0x21fd
 *(.debug_abbrev)
 .debug_abbrev  0x00000000      0x160 .\CortexM3\ARM_GCC_541\Debug\main.o
 .debug_abbrev  0x00000160      0x135 .\CortexM3\ARM_GCC_541\Debug\robotmove.o
 .debug_abbrev  0x00000295       0xa0 .\CortexM3\ARM_GCC_541\Debug\encoder.o
 .debug_abbrev  0x00000335       0x96 .\CortexM3\ARM_GCC_541\Debug\robot_ID.o
 .debug_abbrev  0x000003cb      0x20d .\CortexM3\ARM_GCC_541\Debug\cyfitter_cfg.o
 .debug_abbrev  0x000005d8       0x77 .\CortexM3\ARM_GCC_541\Debug\cymetadata.o
 .debug_abbrev  0x0000064f      0x1e8 .\CortexM3\ARM_GCC_541\Debug\Cm3Start.o
 .debug_abbrev  0x00000837      0x254 .\CortexM3\ARM_GCC_541\Debug\Robot_PSoC_test.a(CyLib.o)
 .debug_abbrev  0x00000a8b      0x1ab .\CortexM3\ARM_GCC_541\Debug\Robot_PSoC_test.a(cyPm.o)
 .debug_abbrev  0x00000c36       0x81 .\CortexM3\ARM_GCC_541\Debug\Robot_PSoC_test.a(PWM_RESET.o)
 .debug_abbrev  0x00000cb7      0x12d .\CortexM3\ARM_GCC_541\Debug\Robot_PSoC_test.a(PWM_L.o)
 .debug_abbrev  0x00000de4      0x12d .\CortexM3\ARM_GCC_541\Debug\Robot_PSoC_test.a(PWM_R.o)
 .debug_abbrev  0x00000f11      0x13a .\CortexM3\ARM_GCC_541\Debug\Robot_PSoC_test.a(Encoder_L_Timer.o)
 .debug_abbrev  0x0000104b      0x173 .\CortexM3\ARM_GCC_541\Debug\Robot_PSoC_test.a(ENCODER_R_OVF_ISR.o)
 .debug_abbrev  0x000011be       0x81 .\CortexM3\ARM_GCC_541\Debug\Robot_PSoC_test.a(ENCODER_TMR_RESET.o)
 .debug_abbrev  0x0000123f      0x13a .\CortexM3\ARM_GCC_541\Debug\Robot_PSoC_test.a(Encoder_R_Timer.o)
 .debug_abbrev  0x00001379      0x173 .\CortexM3\ARM_GCC_541\Debug\Robot_PSoC_test.a(ENCODER_L_OVF_ISR.o)
 .debug_abbrev  0x000014ec      0x173 .\CortexM3\ARM_GCC_541\Debug\Robot_PSoC_test.a(tx_isr.o)
 .debug_abbrev  0x0000165f      0x173 .\CortexM3\ARM_GCC_541\Debug\Robot_PSoC_test.a(rx_isr.o)
 .debug_abbrev  0x000017d2      0x173 .\CortexM3\ARM_GCC_541\Debug\Robot_PSoC_test.a(ENC_L_ISR.o)
 .debug_abbrev  0x00001945      0x173 .\CortexM3\ARM_GCC_541\Debug\Robot_PSoC_test.a(ENC_R_ISR.o)
 .debug_abbrev  0x00001ab8       0xac .\CortexM3\ARM_GCC_541\Debug\Robot_PSoC_test.a(ROBOT_ID_REG.o)
 .debug_abbrev  0x00001b64      0x16f .\CortexM3\ARM_GCC_541\Debug\Robot_PSoC_test.a(UART.o)
 .debug_abbrev  0x00001cd3       0xa2 .\CortexM3\ARM_GCC_541\Debug\Robot_PSoC_test.a(UART_INT.o)
 .debug_abbrev  0x00001d75      0x139 .\CortexM3\ARM_GCC_541\Debug\Robot_PSoC_test.a(UART_IntClock.o)
 .debug_abbrev  0x00001eae       0x14 .\CortexM3\ARM_GCC_541\Debug\Robot_PSoC_test.a(CyBootAsmGnu.o)
 .debug_abbrev  0x00001ec2      0x1a7 .\CortexM3\ARM_GCC_541\Debug\Robot_PSoC_test.a(CyFlash.o)
 .debug_abbrev  0x00002069      0x194 .\CortexM3\ARM_GCC_541\Debug\Robot_PSoC_test.a(CySpc.o)

.debug_line     0x00000000     0x32ce
 *(.debug_line)
 .debug_line    0x00000000      0x2dc .\CortexM3\ARM_GCC_541\Debug\main.o
 .debug_line    0x000002dc      0x23b .\CortexM3\ARM_GCC_541\Debug\robotmove.o
 .debug_line    0x00000517      0x1dd .\CortexM3\ARM_GCC_541\Debug\encoder.o
 .debug_line    0x000006f4      0x17b .\CortexM3\ARM_GCC_541\Debug\robot_ID.o
 .debug_line    0x0000086f      0x1fb .\CortexM3\ARM_GCC_541\Debug\cyfitter_cfg.o
 .debug_line    0x00000a6a      0x141 .\CortexM3\ARM_GCC_541\Debug\cymetadata.o
 .debug_line    0x00000bab      0x234 .\CortexM3\ARM_GCC_541\Debug\Cm3Start.o
 .debug_line    0x00000ddf      0x816 .\CortexM3\ARM_GCC_541\Debug\Robot_PSoC_test.a(CyLib.o)
 .debug_line    0x000015f5      0x367 .\CortexM3\ARM_GCC_541\Debug\Robot_PSoC_test.a(cyPm.o)
 .debug_line    0x0000195c       0x71 .\CortexM3\ARM_GCC_541\Debug\Robot_PSoC_test.a(PWM_RESET.o)
 .debug_line    0x000019cd      0x15e .\CortexM3\ARM_GCC_541\Debug\Robot_PSoC_test.a(PWM_L.o)
 .debug_line    0x00001b2b      0x15e .\CortexM3\ARM_GCC_541\Debug\Robot_PSoC_test.a(PWM_R.o)
 .debug_line    0x00001c89      0x1c5 .\CortexM3\ARM_GCC_541\Debug\Robot_PSoC_test.a(Encoder_L_Timer.o)
 .debug_line    0x00001e4e      0x13e .\CortexM3\ARM_GCC_541\Debug\Robot_PSoC_test.a(ENCODER_R_OVF_ISR.o)
 .debug_line    0x00001f8c       0x79 .\CortexM3\ARM_GCC_541\Debug\Robot_PSoC_test.a(ENCODER_TMR_RESET.o)
 .debug_line    0x00002005      0x1c5 .\CortexM3\ARM_GCC_541\Debug\Robot_PSoC_test.a(Encoder_R_Timer.o)
 .debug_line    0x000021ca      0x13e .\CortexM3\ARM_GCC_541\Debug\Robot_PSoC_test.a(ENCODER_L_OVF_ISR.o)
 .debug_line    0x00002308      0x133 .\CortexM3\ARM_GCC_541\Debug\Robot_PSoC_test.a(tx_isr.o)
 .debug_line    0x0000243b      0x133 .\CortexM3\ARM_GCC_541\Debug\Robot_PSoC_test.a(rx_isr.o)
 .debug_line    0x0000256e      0x136 .\CortexM3\ARM_GCC_541\Debug\Robot_PSoC_test.a(ENC_L_ISR.o)
 .debug_line    0x000026a4      0x136 .\CortexM3\ARM_GCC_541\Debug\Robot_PSoC_test.a(ENC_R_ISR.o)
 .debug_line    0x000027da       0xb8 .\CortexM3\ARM_GCC_541\Debug\Robot_PSoC_test.a(ROBOT_ID_REG.o)
 .debug_line    0x00002892      0x33b .\CortexM3\ARM_GCC_541\Debug\Robot_PSoC_test.a(UART.o)
 .debug_line    0x00002bcd       0xa5 .\CortexM3\ARM_GCC_541\Debug\Robot_PSoC_test.a(UART_INT.o)
 .debug_line    0x00002c72      0x17c .\CortexM3\ARM_GCC_541\Debug\Robot_PSoC_test.a(UART_IntClock.o)
 .debug_line    0x00002dee       0x66 .\CortexM3\ARM_GCC_541\Debug\Robot_PSoC_test.a(CyBootAsmGnu.o)
 .debug_line    0x00002e54      0x21a .\CortexM3\ARM_GCC_541\Debug\Robot_PSoC_test.a(CyFlash.o)
 .debug_line    0x0000306e      0x260 .\CortexM3\ARM_GCC_541\Debug\Robot_PSoC_test.a(CySpc.o)

.debug_frame    0x00000000     0x2120
 *(.debug_frame)
 .debug_frame   0x00000000       0xb8 .\CortexM3\ARM_GCC_541\Debug\main.o
 .debug_frame   0x000000b8      0x120 .\CortexM3\ARM_GCC_541\Debug\robotmove.o
 .debug_frame   0x000001d8      0x12c .\CortexM3\ARM_GCC_541\Debug\encoder.o
 .debug_frame   0x00000304       0x2c .\CortexM3\ARM_GCC_541\Debug\robot_ID.o
 .debug_frame   0x00000330       0xe4 .\CortexM3\ARM_GCC_541\Debug\cyfitter_cfg.o
 .debug_frame   0x00000414       0xb8 .\CortexM3\ARM_GCC_541\Debug\Cm3Start.o
 .debug_frame   0x000004cc      0x738 .\CortexM3\ARM_GCC_541\Debug\Robot_PSoC_test.a(CyLib.o)
 .debug_frame   0x00000c04      0x1f8 .\CortexM3\ARM_GCC_541\Debug\Robot_PSoC_test.a(cyPm.o)
 .debug_frame   0x00000dfc       0x30 .\CortexM3\ARM_GCC_541\Debug\Robot_PSoC_test.a(PWM_RESET.o)
 .debug_frame   0x00000e2c      0x118 .\CortexM3\ARM_GCC_541\Debug\Robot_PSoC_test.a(PWM_L.o)
 .debug_frame   0x00000f44      0x118 .\CortexM3\ARM_GCC_541\Debug\Robot_PSoC_test.a(PWM_R.o)
 .debug_frame   0x0000105c      0x164 .\CortexM3\ARM_GCC_541\Debug\Robot_PSoC_test.a(Encoder_L_Timer.o)
 .debug_frame   0x000011c0      0x104 .\CortexM3\ARM_GCC_541\Debug\Robot_PSoC_test.a(ENCODER_R_OVF_ISR.o)
 .debug_frame   0x000012c4       0x30 .\CortexM3\ARM_GCC_541\Debug\Robot_PSoC_test.a(ENCODER_TMR_RESET.o)
 .debug_frame   0x000012f4      0x164 .\CortexM3\ARM_GCC_541\Debug\Robot_PSoC_test.a(Encoder_R_Timer.o)
 .debug_frame   0x00001458      0x104 .\CortexM3\ARM_GCC_541\Debug\Robot_PSoC_test.a(ENCODER_L_OVF_ISR.o)
 .debug_frame   0x0000155c      0x104 .\CortexM3\ARM_GCC_541\Debug\Robot_PSoC_test.a(tx_isr.o)
 .debug_frame   0x00001660      0x104 .\CortexM3\ARM_GCC_541\Debug\Robot_PSoC_test.a(rx_isr.o)
 .debug_frame   0x00001764      0x104 .\CortexM3\ARM_GCC_541\Debug\Robot_PSoC_test.a(ENC_L_ISR.o)
 .debug_frame   0x00001868      0x104 .\CortexM3\ARM_GCC_541\Debug\Robot_PSoC_test.a(ENC_R_ISR.o)
 .debug_frame   0x0000196c       0x78 .\CortexM3\ARM_GCC_541\Debug\Robot_PSoC_test.a(ROBOT_ID_REG.o)
 .debug_frame   0x000019e4      0x25c .\CortexM3\ARM_GCC_541\Debug\Robot_PSoC_test.a(UART.o)
 .debug_frame   0x00001c40       0x30 .\CortexM3\ARM_GCC_541\Debug\Robot_PSoC_test.a(UART_INT.o)
 .debug_frame   0x00001c70       0xe0 .\CortexM3\ARM_GCC_541\Debug\Robot_PSoC_test.a(UART_IntClock.o)
 .debug_frame   0x00001d50      0x194 .\CortexM3\ARM_GCC_541\Debug\Robot_PSoC_test.a(CyFlash.o)
 .debug_frame   0x00001ee4      0x180 .\CortexM3\ARM_GCC_541\Debug\Robot_PSoC_test.a(CySpc.o)
 .debug_frame   0x00002064       0x20 c:/program files (x86)/cypress/psoc creator/4.2/psoc creator/import/gnu/arm/5.4.1/bin/../lib/gcc/arm-none-eabi/5.4.1/../../../../arm-none-eabi/lib/armv7-m\libg_nano.a(lib_a-errno.o)
 .debug_frame   0x00002084       0x28 c:/program files (x86)/cypress/psoc creator/4.2/psoc creator/import/gnu/arm/5.4.1/bin/../lib/gcc/arm-none-eabi/5.4.1/../../../../arm-none-eabi/lib/armv7-m\libg_nano.a(lib_a-exit.o)
 .debug_frame   0x000020ac       0x2c c:/program files (x86)/cypress/psoc creator/4.2/psoc creator/import/gnu/arm/5.4.1/bin/../lib/gcc/arm-none-eabi/5.4.1/../../../../arm-none-eabi/lib/armv7-m\libg_nano.a(lib_a-init.o)
 .debug_frame   0x000020d8       0x28 c:/program files (x86)/cypress/psoc creator/4.2/psoc creator/import/gnu/arm/5.4.1/bin/../lib/gcc/arm-none-eabi/5.4.1/../../../../arm-none-eabi/lib/armv7-m\libg_nano.a(lib_a-memcpy-stub.o)
 .debug_frame   0x00002100       0x20 c:/program files (x86)/cypress/psoc creator/4.2/psoc creator/import/gnu/arm/5.4.1/bin/../lib/gcc/arm-none-eabi/5.4.1/../../../../arm-none-eabi/lib/armv7-m\libg_nano.a(lib_a-memset.o)

.debug_str      0x00000000     0x2d2e
 *(.debug_str)
 .debug_str     0x00000000      0x54f .\CortexM3\ARM_GCC_541\Debug\main.o
                                0x5b2 (size before relaxing)
 .debug_str     0x0000054f      0x1cb .\CortexM3\ARM_GCC_541\Debug\robotmove.o
                                0x459 (size before relaxing)
 .debug_str     0x0000071a       0xa9 .\CortexM3\ARM_GCC_541\Debug\encoder.o
                                0x35f (size before relaxing)
 .debug_str     0x000007c3       0x31 .\CortexM3\ARM_GCC_541\Debug\robot_ID.o
                                0x24d (size before relaxing)
 .debug_str     0x000007f4      0x1a3 .\CortexM3\ARM_GCC_541\Debug\cyfitter_cfg.o
                                0x3ad (size before relaxing)
 .debug_str     0x00000997       0x75 .\CortexM3\ARM_GCC_541\Debug\cymetadata.o
                                0x247 (size before relaxing)
 .debug_str     0x00000a0c      0x13e .\CortexM3\ARM_GCC_541\Debug\Cm3Start.o
                                0x36d (size before relaxing)
 .debug_str     0x00000b4a      0x845 .\CortexM3\ARM_GCC_541\Debug\Robot_PSoC_test.a(CyLib.o)
                                0xaaa (size before relaxing)
 .debug_str     0x0000138f      0x365 .\CortexM3\ARM_GCC_541\Debug\Robot_PSoC_test.a(cyPm.o)
                                0x796 (size before relaxing)
 .debug_str     0x000016f4       0x3a .\CortexM3\ARM_GCC_541\Debug\Robot_PSoC_test.a(PWM_RESET.o)
                                0x21e (size before relaxing)
 .debug_str     0x0000172e      0x134 .\CortexM3\ARM_GCC_541\Debug\Robot_PSoC_test.a(PWM_L.o)
                                0x34d (size before relaxing)
 .debug_str     0x00001862      0x111 .\CortexM3\ARM_GCC_541\Debug\Robot_PSoC_test.a(PWM_R.o)
                                0x34d (size before relaxing)
 .debug_str     0x00001973      0x24a .\CortexM3\ARM_GCC_541\Debug\Robot_PSoC_test.a(Encoder_L_Timer.o)
                                0x4e5 (size before relaxing)
 .debug_str     0x00001bbd      0x174 .\CortexM3\ARM_GCC_541\Debug\Robot_PSoC_test.a(ENCODER_R_OVF_ISR.o)
                                0x3b1 (size before relaxing)
 .debug_str     0x00001d31       0x42 .\CortexM3\ARM_GCC_541\Debug\Robot_PSoC_test.a(ENCODER_TMR_RESET.o)
                                0x236 (size before relaxing)
 .debug_str     0x00001d73      0x224 .\CortexM3\ARM_GCC_541\Debug\Robot_PSoC_test.a(Encoder_R_Timer.o)
                                0x4e5 (size before relaxing)
 .debug_str     0x00001f97      0x174 .\CortexM3\ARM_GCC_541\Debug\Robot_PSoC_test.a(ENCODER_L_OVF_ISR.o)
                                0x3b1 (size before relaxing)
 .debug_str     0x0000210b       0xe5 .\CortexM3\ARM_GCC_541\Debug\Robot_PSoC_test.a(tx_isr.o)
                                0x317 (size before relaxing)
 .debug_str     0x000021f0       0xe5 .\CortexM3\ARM_GCC_541\Debug\Robot_PSoC_test.a(rx_isr.o)
                                0x317 (size before relaxing)
 .debug_str     0x000022d5      0x10c .\CortexM3\ARM_GCC_541\Debug\Robot_PSoC_test.a(ENC_L_ISR.o)
                                0x341 (size before relaxing)
 .debug_str     0x000023e1      0x10c .\CortexM3\ARM_GCC_541\Debug\Robot_PSoC_test.a(ENC_R_ISR.o)
                                0x341 (size before relaxing)
 .debug_str     0x000024ed       0x8e .\CortexM3\ARM_GCC_541\Debug\Robot_PSoC_test.a(ROBOT_ID_REG.o)
                                0x2ca (size before relaxing)
 .debug_str     0x0000257b      0x36b .\CortexM3\ARM_GCC_541\Debug\Robot_PSoC_test.a(UART.o)
                                0x5fb (size before relaxing)
 .debug_str     0x000028e6       0x5e .\CortexM3\ARM_GCC_541\Debug\Robot_PSoC_test.a(UART_INT.o)
                                0x2ec (size before relaxing)
 .debug_str     0x00002944      0x183 .\CortexM3\ARM_GCC_541\Debug\Robot_PSoC_test.a(UART_IntClock.o)
                                0x399 (size before relaxing)
 .debug_str     0x00002ac7      0x1bb .\CortexM3\ARM_GCC_541\Debug\Robot_PSoC_test.a(CyFlash.o)
                                0x423 (size before relaxing)
 .debug_str     0x00002c82       0xac .\CortexM3\ARM_GCC_541\Debug\Robot_PSoC_test.a(CySpc.o)
                                0x39b (size before relaxing)

.debug_loc      0x00000000     0x2908
 *(.debug_loc)
 .debug_loc     0x00000000       0x27 .\CortexM3\ARM_GCC_541\Debug\main.o
 .debug_loc     0x00000027      0x2e7 .\CortexM3\ARM_GCC_541\Debug\robotmove.o
 .debug_loc     0x0000030e      0x35d .\CortexM3\ARM_GCC_541\Debug\encoder.o
 .debug_loc     0x0000066b       0x3f .\CortexM3\ARM_GCC_541\Debug\robot_ID.o
 .debug_loc     0x000006aa      0x289 .\CortexM3\ARM_GCC_541\Debug\cyfitter_cfg.o
 .debug_loc     0x00000933      0x144 .\CortexM3\ARM_GCC_541\Debug\Cm3Start.o
 .debug_loc     0x00000a77      0xa11 .\CortexM3\ARM_GCC_541\Debug\Robot_PSoC_test.a(CyLib.o)
 .debug_loc     0x00001488      0x1e4 .\CortexM3\ARM_GCC_541\Debug\Robot_PSoC_test.a(cyPm.o)
 .debug_loc     0x0000166c       0x13 .\CortexM3\ARM_GCC_541\Debug\Robot_PSoC_test.a(PWM_L.o)
 .debug_loc     0x0000167f       0x13 .\CortexM3\ARM_GCC_541\Debug\Robot_PSoC_test.a(PWM_R.o)
 .debug_loc     0x00001692       0x4f .\CortexM3\ARM_GCC_541\Debug\Robot_PSoC_test.a(Encoder_L_Timer.o)
 .debug_loc     0x000016e1       0x56 .\CortexM3\ARM_GCC_541\Debug\Robot_PSoC_test.a(ENCODER_R_OVF_ISR.o)
 .debug_loc     0x00001737       0x4f .\CortexM3\ARM_GCC_541\Debug\Robot_PSoC_test.a(Encoder_R_Timer.o)
 .debug_loc     0x00001786       0x56 .\CortexM3\ARM_GCC_541\Debug\Robot_PSoC_test.a(ENCODER_L_OVF_ISR.o)
 .debug_loc     0x000017dc       0x56 .\CortexM3\ARM_GCC_541\Debug\Robot_PSoC_test.a(tx_isr.o)
 .debug_loc     0x00001832       0x56 .\CortexM3\ARM_GCC_541\Debug\Robot_PSoC_test.a(rx_isr.o)
 .debug_loc     0x00001888       0x56 .\CortexM3\ARM_GCC_541\Debug\Robot_PSoC_test.a(ENC_L_ISR.o)
 .debug_loc     0x000018de       0x56 .\CortexM3\ARM_GCC_541\Debug\Robot_PSoC_test.a(ENC_R_ISR.o)
 .debug_loc     0x00001934       0x44 .\CortexM3\ARM_GCC_541\Debug\Robot_PSoC_test.a(ROBOT_ID_REG.o)
 .debug_loc     0x00001978      0x36c .\CortexM3\ARM_GCC_541\Debug\Robot_PSoC_test.a(UART.o)
 .debug_loc     0x00001ce4       0x45 .\CortexM3\ARM_GCC_541\Debug\Robot_PSoC_test.a(UART_INT.o)
 .debug_loc     0x00001d29      0x128 .\CortexM3\ARM_GCC_541\Debug\Robot_PSoC_test.a(UART_IntClock.o)
 .debug_loc     0x00001e51      0x3b2 .\CortexM3\ARM_GCC_541\Debug\Robot_PSoC_test.a(CyFlash.o)
 .debug_loc     0x00002203      0x705 .\CortexM3\ARM_GCC_541\Debug\Robot_PSoC_test.a(CySpc.o)

.debug_macinfo
 *(.debug_macinfo)

.debug_ranges   0x00000000      0xbf8
 *(.debug_ranges)
 .debug_ranges  0x00000000       0x40 .\CortexM3\ARM_GCC_541\Debug\main.o
 .debug_ranges  0x00000040       0x48 .\CortexM3\ARM_GCC_541\Debug\robotmove.o
 .debug_ranges  0x00000088       0x48 .\CortexM3\ARM_GCC_541\Debug\encoder.o
 .debug_ranges  0x000000d0       0x10 .\CortexM3\ARM_GCC_541\Debug\robot_ID.o
 .debug_ranges  0x000000e0       0x48 .\CortexM3\ARM_GCC_541\Debug\cyfitter_cfg.o
 .debug_ranges  0x00000128       0x38 .\CortexM3\ARM_GCC_541\Debug\Cm3Start.o
 .debug_ranges  0x00000160      0x290 .\CortexM3\ARM_GCC_541\Debug\Robot_PSoC_test.a(CyLib.o)
 .debug_ranges  0x000003f0       0x88 .\CortexM3\ARM_GCC_541\Debug\Robot_PSoC_test.a(cyPm.o)
 .debug_ranges  0x00000478       0x18 .\CortexM3\ARM_GCC_541\Debug\Robot_PSoC_test.a(PWM_RESET.o)
 .debug_ranges  0x00000490       0x80 .\CortexM3\ARM_GCC_541\Debug\Robot_PSoC_test.a(PWM_L.o)
 .debug_ranges  0x00000510       0x80 .\CortexM3\ARM_GCC_541\Debug\Robot_PSoC_test.a(PWM_R.o)
 .debug_ranges  0x00000590       0xa0 .\CortexM3\ARM_GCC_541\Debug\Robot_PSoC_test.a(Encoder_L_Timer.o)
 .debug_ranges  0x00000630       0x70 .\CortexM3\ARM_GCC_541\Debug\Robot_PSoC_test.a(ENCODER_R_OVF_ISR.o)
 .debug_ranges  0x000006a0       0x18 .\CortexM3\ARM_GCC_541\Debug\Robot_PSoC_test.a(ENCODER_TMR_RESET.o)
 .debug_ranges  0x000006b8       0xa0 .\CortexM3\ARM_GCC_541\Debug\Robot_PSoC_test.a(Encoder_R_Timer.o)
 .debug_ranges  0x00000758       0x70 .\CortexM3\ARM_GCC_541\Debug\Robot_PSoC_test.a(ENCODER_L_OVF_ISR.o)
 .debug_ranges  0x000007c8       0x70 .\CortexM3\ARM_GCC_541\Debug\Robot_PSoC_test.a(tx_isr.o)
 .debug_ranges  0x00000838       0x70 .\CortexM3\ARM_GCC_541\Debug\Robot_PSoC_test.a(rx_isr.o)
 .debug_ranges  0x000008a8       0x70 .\CortexM3\ARM_GCC_541\Debug\Robot_PSoC_test.a(ENC_L_ISR.o)
 .debug_ranges  0x00000918       0x70 .\CortexM3\ARM_GCC_541\Debug\Robot_PSoC_test.a(ENC_R_ISR.o)
 .debug_ranges  0x00000988       0x30 .\CortexM3\ARM_GCC_541\Debug\Robot_PSoC_test.a(ROBOT_ID_REG.o)
 .debug_ranges  0x000009b8       0xe0 .\CortexM3\ARM_GCC_541\Debug\Robot_PSoC_test.a(UART.o)
 .debug_ranges  0x00000a98       0x18 .\CortexM3\ARM_GCC_541\Debug\Robot_PSoC_test.a(UART_INT.o)
 .debug_ranges  0x00000ab0       0x60 .\CortexM3\ARM_GCC_541\Debug\Robot_PSoC_test.a(UART_IntClock.o)
 .debug_ranges  0x00000b10       0x78 .\CortexM3\ARM_GCC_541\Debug\Robot_PSoC_test.a(CyFlash.o)
 .debug_ranges  0x00000b88       0x70 .\CortexM3\ARM_GCC_541\Debug\Robot_PSoC_test.a(CySpc.o)

.comment        0x00000000       0x6e
 .comment       0x00000000       0x6e .\CortexM3\ARM_GCC_541\Debug\main.o
                                 0x6f (size before relaxing)
 .comment       0x0000006e       0x6f .\CortexM3\ARM_GCC_541\Debug\robotmove.o
 .comment       0x0000006e       0x6f .\CortexM3\ARM_GCC_541\Debug\encoder.o
 .comment       0x0000006e       0x6f .\CortexM3\ARM_GCC_541\Debug\robot_ID.o
 .comment       0x0000006e       0x6f .\CortexM3\ARM_GCC_541\Debug\cyfitter_cfg.o
 .comment       0x0000006e       0x6f .\CortexM3\ARM_GCC_541\Debug\cymetadata.o
 .comment       0x0000006e       0x6f .\CortexM3\ARM_GCC_541\Debug\Cm3Start.o
 .comment       0x0000006e       0x6f .\CortexM3\ARM_GCC_541\Debug\Robot_PSoC_test.a(CyLib.o)
 .comment       0x0000006e       0x6f .\CortexM3\ARM_GCC_541\Debug\Robot_PSoC_test.a(cyPm.o)
 .comment       0x0000006e       0x6f .\CortexM3\ARM_GCC_541\Debug\Robot_PSoC_test.a(PWM_RESET.o)
 .comment       0x0000006e       0x6f .\CortexM3\ARM_GCC_541\Debug\Robot_PSoC_test.a(PWM_L.o)
 .comment       0x0000006e       0x6f .\CortexM3\ARM_GCC_541\Debug\Robot_PSoC_test.a(PWM_R.o)
 .comment       0x0000006e       0x6f .\CortexM3\ARM_GCC_541\Debug\Robot_PSoC_test.a(Encoder_L_Timer.o)
 .comment       0x0000006e       0x6f .\CortexM3\ARM_GCC_541\Debug\Robot_PSoC_test.a(ENCODER_R_OVF_ISR.o)
 .comment       0x0000006e       0x6f .\CortexM3\ARM_GCC_541\Debug\Robot_PSoC_test.a(ENCODER_TMR_RESET.o)
 .comment       0x0000006e       0x6f .\CortexM3\ARM_GCC_541\Debug\Robot_PSoC_test.a(Encoder_R_Timer.o)
 .comment       0x0000006e       0x6f .\CortexM3\ARM_GCC_541\Debug\Robot_PSoC_test.a(ENCODER_L_OVF_ISR.o)
 .comment       0x0000006e       0x6f .\CortexM3\ARM_GCC_541\Debug\Robot_PSoC_test.a(tx_isr.o)
 .comment       0x0000006e       0x6f .\CortexM3\ARM_GCC_541\Debug\Robot_PSoC_test.a(rx_isr.o)
 .comment       0x0000006e       0x6f .\CortexM3\ARM_GCC_541\Debug\Robot_PSoC_test.a(ENC_L_ISR.o)
 .comment       0x0000006e       0x6f .\CortexM3\ARM_GCC_541\Debug\Robot_PSoC_test.a(ENC_R_ISR.o)
 .comment       0x0000006e       0x6f .\CortexM3\ARM_GCC_541\Debug\Robot_PSoC_test.a(ROBOT_ID_REG.o)
 .comment       0x0000006e       0x6f .\CortexM3\ARM_GCC_541\Debug\Robot_PSoC_test.a(UART.o)
 .comment       0x0000006e       0x6f .\CortexM3\ARM_GCC_541\Debug\Robot_PSoC_test.a(UART_INT.o)
 .comment       0x0000006e       0x6f .\CortexM3\ARM_GCC_541\Debug\Robot_PSoC_test.a(UART_IntClock.o)
 .comment       0x0000006e       0x6f .\CortexM3\ARM_GCC_541\Debug\Robot_PSoC_test.a(CyFlash.o)
 .comment       0x0000006e       0x6f .\CortexM3\ARM_GCC_541\Debug\Robot_PSoC_test.a(CySpc.o)

.debug_weaknames
 *(.debug_weaknames)

.debug_funcnames
 *(.debug_funcnames)

.debug_typenames
 *(.debug_typenames)

.debug_varnames
 *(.debug_varnames)

.note.gnu.arm.ident
 *(.note.gnu.arm.ident)

.ARM.attributes
                0x00000000       0x29
 *(.ARM.attributes)
 .ARM.attributes
                0x00000000       0x1d c:/program files (x86)/cypress/psoc creator/4.2/psoc creator/import/gnu/arm/5.4.1/bin/../lib/gcc/arm-none-eabi/5.4.1/armv7-m/crti.o
 .ARM.attributes
                0x0000001d       0x2d c:/program files (x86)/cypress/psoc creator/4.2/psoc creator/import/gnu/arm/5.4.1/bin/../lib/gcc/arm-none-eabi/5.4.1/armv7-m/crtbegin.o
 .ARM.attributes
                0x0000004a       0x1b c:/program files (x86)/cypress/psoc creator/4.2/psoc creator/import/gnu/arm/5.4.1/bin/../lib/gcc/arm-none-eabi/5.4.1/../../../../arm-none-eabi/lib/armv7-m/crt0.o
 .ARM.attributes
                0x00000065       0x33 .\CortexM3\ARM_GCC_541\Debug\main.o
 .ARM.attributes
                0x00000098       0x33 .\CortexM3\ARM_GCC_541\Debug\robotmove.o
 .ARM.attributes
                0x000000cb       0x33 .\CortexM3\ARM_GCC_541\Debug\encoder.o
 .ARM.attributes
                0x000000fe       0x33 .\CortexM3\ARM_GCC_541\Debug\robot_ID.o
 .ARM.attributes
                0x00000131       0x33 .\CortexM3\ARM_GCC_541\Debug\cyfitter_cfg.o
 .ARM.attributes
                0x00000164       0x33 .\CortexM3\ARM_GCC_541\Debug\cymetadata.o
 .ARM.attributes
                0x00000197       0x33 .\CortexM3\ARM_GCC_541\Debug\Cm3Start.o
 .ARM.attributes
                0x000001ca       0x33 .\CortexM3\ARM_GCC_541\Debug\Robot_PSoC_test.a(CyLib.o)
 .ARM.attributes
                0x000001fd       0x33 .\CortexM3\ARM_GCC_541\Debug\Robot_PSoC_test.a(cyPm.o)
 .ARM.attributes
                0x00000230       0x33 .\CortexM3\ARM_GCC_541\Debug\Robot_PSoC_test.a(PWM_RESET.o)
 .ARM.attributes
                0x00000263       0x33 .\CortexM3\ARM_GCC_541\Debug\Robot_PSoC_test.a(PWM_L.o)
 .ARM.attributes
                0x00000296       0x33 .\CortexM3\ARM_GCC_541\Debug\Robot_PSoC_test.a(PWM_R.o)
 .ARM.attributes
                0x000002c9       0x33 .\CortexM3\ARM_GCC_541\Debug\Robot_PSoC_test.a(Encoder_L_Timer.o)
 .ARM.attributes
                0x000002fc       0x33 .\CortexM3\ARM_GCC_541\Debug\Robot_PSoC_test.a(ENCODER_R_OVF_ISR.o)
 .ARM.attributes
                0x0000032f       0x33 .\CortexM3\ARM_GCC_541\Debug\Robot_PSoC_test.a(ENCODER_TMR_RESET.o)
 .ARM.attributes
                0x00000362       0x33 .\CortexM3\ARM_GCC_541\Debug\Robot_PSoC_test.a(Encoder_R_Timer.o)
 .ARM.attributes
                0x00000395       0x33 .\CortexM3\ARM_GCC_541\Debug\Robot_PSoC_test.a(ENCODER_L_OVF_ISR.o)
 .ARM.attributes
                0x000003c8       0x33 .\CortexM3\ARM_GCC_541\Debug\Robot_PSoC_test.a(tx_isr.o)
 .ARM.attributes
                0x000003fb       0x33 .\CortexM3\ARM_GCC_541\Debug\Robot_PSoC_test.a(rx_isr.o)
 .ARM.attributes
                0x0000042e       0x33 .\CortexM3\ARM_GCC_541\Debug\Robot_PSoC_test.a(ENC_L_ISR.o)
 .ARM.attributes
                0x00000461       0x33 .\CortexM3\ARM_GCC_541\Debug\Robot_PSoC_test.a(ENC_R_ISR.o)
 .ARM.attributes
                0x00000494       0x33 .\CortexM3\ARM_GCC_541\Debug\Robot_PSoC_test.a(ROBOT_ID_REG.o)
 .ARM.attributes
                0x000004c7       0x33 .\CortexM3\ARM_GCC_541\Debug\Robot_PSoC_test.a(UART.o)
 .ARM.attributes
                0x000004fa       0x33 .\CortexM3\ARM_GCC_541\Debug\Robot_PSoC_test.a(UART_INT.o)
 .ARM.attributes
                0x0000052d       0x33 .\CortexM3\ARM_GCC_541\Debug\Robot_PSoC_test.a(UART_IntClock.o)
 .ARM.attributes
                0x00000560       0x21 .\CortexM3\ARM_GCC_541\Debug\Robot_PSoC_test.a(CyBootAsmGnu.o)
 .ARM.attributes
                0x00000581       0x33 .\CortexM3\ARM_GCC_541\Debug\Robot_PSoC_test.a(CyFlash.o)
 .ARM.attributes
                0x000005b4       0x33 .\CortexM3\ARM_GCC_541\Debug\Robot_PSoC_test.a(CySpc.o)
 .ARM.attributes
                0x000005e7       0x1d c:/program files (x86)/cypress/psoc creator/4.2/psoc creator/import/gnu/arm/5.4.1/bin/../lib/gcc/arm-none-eabi/5.4.1/armv7-m\libgcc.a(_arm_addsubdf3.o)
 .ARM.attributes
                0x00000604       0x1d c:/program files (x86)/cypress/psoc creator/4.2/psoc creator/import/gnu/arm/5.4.1/bin/../lib/gcc/arm-none-eabi/5.4.1/armv7-m\libgcc.a(_arm_muldivdf3.o)
 .ARM.attributes
                0x00000621       0x1d c:/program files (x86)/cypress/psoc creator/4.2/psoc creator/import/gnu/arm/5.4.1/bin/../lib/gcc/arm-none-eabi/5.4.1/armv7-m\libgcc.a(_arm_cmpdf2.o)
 .ARM.attributes
                0x0000063e       0x1d c:/program files (x86)/cypress/psoc creator/4.2/psoc creator/import/gnu/arm/5.4.1/bin/../lib/gcc/arm-none-eabi/5.4.1/armv7-m\libgcc.a(_arm_fixdfsi.o)
 .ARM.attributes
                0x0000065b       0x2d c:/program files (x86)/cypress/psoc creator/4.2/psoc creator/import/gnu/arm/5.4.1/bin/../lib/gcc/arm-none-eabi/5.4.1/../../../../arm-none-eabi/lib/armv7-m\libg_nano.a(lib_a-errno.o)
 .ARM.attributes
                0x00000688       0x2d c:/program files (x86)/cypress/psoc creator/4.2/psoc creator/import/gnu/arm/5.4.1/bin/../lib/gcc/arm-none-eabi/5.4.1/../../../../arm-none-eabi/lib/armv7-m\libg_nano.a(lib_a-exit.o)
 .ARM.attributes
                0x000006b5       0x2d c:/program files (x86)/cypress/psoc creator/4.2/psoc creator/import/gnu/arm/5.4.1/bin/../lib/gcc/arm-none-eabi/5.4.1/../../../../arm-none-eabi/lib/armv7-m\libg_nano.a(lib_a-impure.o)
 .ARM.attributes
                0x000006e2       0x2d c:/program files (x86)/cypress/psoc creator/4.2/psoc creator/import/gnu/arm/5.4.1/bin/../lib/gcc/arm-none-eabi/5.4.1/../../../../arm-none-eabi/lib/armv7-m\libg_nano.a(lib_a-init.o)
 .ARM.attributes
                0x0000070f       0x2d c:/program files (x86)/cypress/psoc creator/4.2/psoc creator/import/gnu/arm/5.4.1/bin/../lib/gcc/arm-none-eabi/5.4.1/../../../../arm-none-eabi/lib/armv7-m\libg_nano.a(lib_a-memcpy-stub.o)
 .ARM.attributes
                0x0000073c       0x2d c:/program files (x86)/cypress/psoc creator/4.2/psoc creator/import/gnu/arm/5.4.1/bin/../lib/gcc/arm-none-eabi/5.4.1/../../../../arm-none-eabi/lib/armv7-m\libg_nano.a(lib_a-memset.o)
 .ARM.attributes
                0x00000769       0x2d c:/program files (x86)/cypress/psoc creator/4.2/psoc creator/import/gnu/arm/5.4.1/bin/../lib/gcc/arm-none-eabi/5.4.1/armv7-m/crtend.o
 .ARM.attributes
                0x00000796       0x1d c:/program files (x86)/cypress/psoc creator/4.2/psoc creator/import/gnu/arm/5.4.1/bin/../lib/gcc/arm-none-eabi/5.4.1/armv7-m/crtn.o

/DISCARD/
 *(.note.GNU-stack)
OUTPUT(\\files.auckland.ac.nz\myhome\Documents\Summer Research\Robot Soccer Code\EmbeddedCode\PsOC Project\Robot_PSoC_test.cydsn-20210126T222121Z-001\Robot_PSoC_test.cydsn\CortexM3\ARM_GCC_541\Debug\Robot_PSoC_test.elf elf32-littlearm)
